Component: ARM Compiler 5.06 update 7 (build 960) Tool: armlink [4d3601]

==============================================================================

Section Cross References

    startup_stm32f407xx.o(RESET) refers to startup_stm32f407xx.o(STACK) for __initial_sp
    startup_stm32f407xx.o(RESET) refers to startup_stm32f407xx.o(.text) for Reset_Handler
    startup_stm32f407xx.o(RESET) refers to stm32f4xx_it.o(i.NMI_Handler) for NMI_Handler
    startup_stm32f407xx.o(RESET) refers to stm32f4xx_it.o(i.HardFault_Handler) for HardFault_Handler
    startup_stm32f407xx.o(RESET) refers to stm32f4xx_it.o(i.MemManage_Handler) for MemManage_Handler
    startup_stm32f407xx.o(RESET) refers to stm32f4xx_it.o(i.BusFault_Handler) for BusFault_Handler
    startup_stm32f407xx.o(RESET) refers to stm32f4xx_it.o(i.UsageFault_Handler) for UsageFault_Handler
    startup_stm32f407xx.o(RESET) refers to stm32f4xx_it.o(i.SVC_Handler) for SVC_Handler
    startup_stm32f407xx.o(RESET) refers to stm32f4xx_it.o(i.DebugMon_Handler) for DebugMon_Handler
    startup_stm32f407xx.o(RESET) refers to stm32f4xx_it.o(i.PendSV_Handler) for PendSV_Handler
    startup_stm32f407xx.o(RESET) refers to stm32f4xx_it.o(i.SysTick_Handler) for SysTick_Handler
    startup_stm32f407xx.o(RESET) refers to stm32f4xx_it.o(i.CAN1_RX0_IRQHandler) for CAN1_RX0_IRQHandler
    startup_stm32f407xx.o(RESET) refers to stm32f4xx_it.o(i.TIM4_IRQHandler) for TIM4_IRQHandler
    startup_stm32f407xx.o(RESET) refers to stm32f4xx_it.o(i.TIM5_IRQHandler) for TIM5_IRQHandler
    startup_stm32f407xx.o(RESET) refers to stm32f4xx_it.o(i.DMA2_Stream1_IRQHandler) for DMA2_Stream1_IRQHandler
    startup_stm32f407xx.o(RESET) refers to stm32f4xx_it.o(i.USART6_IRQHandler) for USART6_IRQHandler
    startup_stm32f407xx.o(.text) refers to system_stm32f4xx.o(i.SystemInit) for SystemInit
    startup_stm32f407xx.o(.text) refers to entry.o(.ARM.Collect$$$$00000000) for __main
    main.o(i.HAL_TIM_PeriodElapsedCallback) refers to tim.o(.bss) for htim4
    main.o(i.HAL_TIM_PeriodElapsedCallback) refers to main.o(.data) for .data
    main.o(i.HAL_UART_RxCpltCallback) refers to nrf_com.o(i.nrf_decode) for nrf_decode
    main.o(i.HAL_UART_RxCpltCallback) refers to usart.o(.bss) for huart6
    main.o(i.HAL_UART_RxCpltCallback) refers to main.o(.data) for .data
    main.o(i.SystemClock_Config) refers to memseta.o(.text) for __aeabi_memclr4
    main.o(i.SystemClock_Config) refers to stm32f4xx_hal_rcc.o(i.HAL_RCC_OscConfig) for HAL_RCC_OscConfig
    main.o(i.SystemClock_Config) refers to stm32f4xx_hal_rcc.o(i.HAL_RCC_ClockConfig) for HAL_RCC_ClockConfig
    main.o(i.main) refers to stm32f4xx_hal.o(i.HAL_Init) for HAL_Init
    main.o(i.main) refers to main.o(i.SystemClock_Config) for SystemClock_Config
    main.o(i.main) refers to gpio.o(i.MX_GPIO_Init) for MX_GPIO_Init
    main.o(i.main) refers to dma.o(i.MX_DMA_Init) for MX_DMA_Init
    main.o(i.main) refers to spi.o(i.MX_SPI1_Init) for MX_SPI1_Init
    main.o(i.main) refers to usart.o(i.MX_USART6_UART_Init) for MX_USART6_UART_Init
    main.o(i.main) refers to can.o(i.MX_CAN1_Init) for MX_CAN1_Init
    main.o(i.main) refers to tim.o(i.MX_TIM4_Init) for MX_TIM4_Init
    main.o(i.main) refers to usart.o(i.MX_USART1_UART_Init) for MX_USART1_UART_Init
    main.o(i.main) refers to tim.o(i.MX_TIM5_Init) for MX_TIM5_Init
    main.o(i.main) refers to stm32f4xx_hal_gpio.o(i.HAL_GPIO_WritePin) for HAL_GPIO_WritePin
    main.o(i.main) refers to wtr_can.o(i.CANFilterInit) for CANFilterInit
    main.o(i.main) refers to dji.o(i.DJI_Init) for DJI_Init
    main.o(i.main) refers to omni.o(i.Kine_Init) for Kine_Init
    main.o(i.main) refers to stm32f4xx_hal_tim.o(i.HAL_TIM_Base_Start_IT) for HAL_TIM_Base_Start_IT
    main.o(i.main) refers to nrf_com.o(i.nrf_Transmit_init) for nrf_Transmit_init
    main.o(i.main) refers to nrf_com.o(i.nrf_receive_init) for nrf_receive_init
    main.o(i.main) refers to f2d.o(.text) for __aeabi_f2d
    main.o(i.main) refers to omni.o(i.Kine_SetSpeed) for Kine_SetSpeed
    main.o(i.main) refers to caculate.o(i.speedServo) for speedServo
    main.o(i.main) refers to dji.o(i.CanTransmit_DJI_1234) for CanTransmit_DJI_1234
    main.o(i.main) refers to nrf_com.o(i.send) for send
    main.o(i.main) refers to stm32f4xx_hal.o(i.HAL_Delay) for HAL_Delay
    main.o(i.main) refers to can.o(.bss) for hcan1
    main.o(i.main) refers to dji.o(.bss) for hDJI
    main.o(i.main) refers to main.o(.data) for .data
    main.o(i.main) refers to tim.o(.bss) for htim4
    main.o(i.main) refers to nrf_com.o(.data) for Leftx
    main.o(i.main) refers to omni.o(.bss) for wheel
    main.o(i.main) refers to nrf_com.o(.bss) for nrfDataBag
    gpio.o(i.MX_GPIO_Init) refers to memseta.o(.text) for __aeabi_memclr4
    gpio.o(i.MX_GPIO_Init) refers to stm32f4xx_hal_gpio.o(i.HAL_GPIO_WritePin) for HAL_GPIO_WritePin
    gpio.o(i.MX_GPIO_Init) refers to stm32f4xx_hal_gpio.o(i.HAL_GPIO_Init) for HAL_GPIO_Init
[...]
    ../clib/microlib/init/entry.s            0x00000000   Number         0  entry12b.o ABSOLUTE
    ../clib/microlib/init/entry.s            0x00000000   Number         0  entry5.o ABSOLUTE
    ../clib/microlib/init/entry.s            0x00000000   Number         0  entry9a.o ABSOLUTE
    ../clib/microlib/init/entry.s            0x00000000   Number         0  entry10a.o ABSOLUTE
    ../clib/microlib/init/entry.s            0x00000000   Number         0  entry10b.o ABSOLUTE
    ../clib/microlib/longlong.c              0x00000000   Number         0  llshl.o ABSOLUTE
    ../clib/microlib/longlong.c              0x00000000   Number         0  llushr.o ABSOLUTE
    ../clib/microlib/longlong.c              0x00000000   Number         0  llsshr.o ABSOLUTE
    ../clib/microlib/string/memcpy.c         0x00000000   Number         0  memcpya.o ABSOLUTE
    ../clib/microlib/string/memcpy.c         0x00000000   Number         0  memcpyb.o ABSOLUTE
    ../clib/microlib/string/memset.c         0x00000000   Number         0  memseta.o ABSOLUTE
    ../clib/microlib/stubs.s                 0x00000000   Number         0  iusefp.o ABSOLUTE
    ../fplib/microlib/d2f.c                  0x00000000   Number         0  d2f.o ABSOLUTE
    ../fplib/microlib/f2d.c                  0x00000000   Number         0  f2d.o ABSOLUTE
    ../fplib/microlib/fpadd.c                0x00000000   Number         0  dadd.o ABSOLUTE
    ../fplib/microlib/fpdiv.c                0x00000000   Number         0  ddiv.o ABSOLUTE
    ../fplib/microlib/fpepilogue.c           0x00000000   Number         0  fepilogue.o ABSOLUTE
    ../fplib/microlib/fpepilogue.c           0x00000000   Number         0  depilogue.o ABSOLUTE
    ../fplib/microlib/fpflt.c                0x00000000   Number         0  dflti.o ABSOLUTE
    ../fplib/microlib/fpmul.c                0x00000000   Number         0  dmul.o ABSOLUTE
    ../fplib/microlib/fpneg.c                0x00000000   Number         0  dneg.o ABSOLUTE
    ../fplib/microlib/fpscalb.c              0x00000000   Number         0  dscalb.o ABSOLUTE
    ../fplib/microlib/fpsqrt.c               0x00000000   Number         0  dsqrt.o ABSOLUTE
    ../mathlib/dunder.c                      0x00000000   Number         0  dunder.o ABSOLUTE
    ../mathlib/fabs.c                        0x00000000   Number         0  fabs.o ABSOLUTE
    ../mathlib/fpclassify.c                  0x00000000   Number         0  fpclassify.o ABSOLUTE
    ../mathlib/poly.c                        0x00000000   Number         0  poly.o ABSOLUTE
    ../mathlib/pow.c                         0x00000000   Number         0  pow.o ABSOLUTE
    ../mathlib/pow.c                         0x00000000   Number         0  pow_x.o ABSOLUTE
    ../mathlib/qnan.c                        0x00000000   Number         0  qnan.o ABSOLUTE
    ../mathlib/sqrt.c                        0x00000000   Number         0  sqrt_x.o ABSOLUTE
    ../mathlib/sqrt.c                        0x00000000   Number         0  sqrt.o ABSOLUTE
    ..\Core\Src\can.c                        0x00000000   Number         0  can.o ABSOLUTE
    ..\Core\Src\dma.c                        0x00000000   Number         0  dma.o ABSOLUTE
    ..\Core\Src\gpio.c                       0x00000000   Number         0  gpio.o ABSOLUTE
    ..\Core\Src\main.c                       0x00000000   Number         0  main.o ABSOLUTE
    ..\Core\Src\spi.c                        0x00000000   Number         0  spi.o ABSOLUTE
    ..\Core\Src\stm32f4xx_hal_msp.c          0x00000000   Number         0  stm32f4xx_hal_msp.o ABSOLUTE
    ..\Core\Src\stm32f4xx_it.c               0x00000000   Number         0  stm32f4xx_it.o ABSOLUTE
    ..\Core\Src\system_stm32f4xx.c           0x00000000   Number         0  system_stm32f4xx.o ABSOLUTE
    ..\Core\Src\tim.c                        0x00000000   Number         0  tim.o ABSOLUTE
    ..\Core\Src\usart.c                      0x00000000   Number         0  usart.o ABSOLUTE
    ..\Drivers\STM32F4xx_HAL_Driver\Src\stm32f4xx_hal.c 0x00000000   Number         0  stm32f4xx_hal.o ABSOLUTE
    ..\Drivers\STM32F4xx_HAL_Driver\Src\stm32f4xx_hal_can.c 0x00000000   Number         0  stm32f4xx_hal_can.o ABSOLUTE
    ..\Drivers\STM32F4xx_HAL_Driver\Src\stm32f4xx_hal_cortex.c 0x00000000   Number         0  stm32f4xx_hal_cortex.o ABSOLUTE
    ..\Drivers\STM32F4xx_HAL_Driver\Src\stm32f4xx_hal_dma.c 0x00000000   Number         0  stm32f4xx_hal_dma.o ABSOLUTE
    ..\Drivers\STM32F4xx_HAL_Driver\Src\stm32f4xx_hal_dma_ex.c 0x00000000   Number         0  stm32f4xx_hal_dma_ex.o ABSOLUTE
    ..\Drivers\STM32F4xx_HAL_Driver\Src\stm32f4xx_hal_exti.c 0x00000000   Number         0  stm32f4xx_hal_exti.o ABSOLUTE
    ..\Drivers\STM32F4xx_HAL_Driver\Src\stm32f4xx_hal_flash.c 0x00000000   Number         0  stm32f4xx_hal_flash.o ABSOLUTE
    ..\Drivers\STM32F4xx_HAL_Driver\Src\stm32f4xx_hal_flash_ex.c 0x00000000   Number         0  stm32f4xx_hal_flash_ex.o ABSOLUTE
    ..\Drivers\STM32F4xx_HAL_Driver\Src\stm32f4xx_hal_flash_ramfunc.c 0x00000000   Number         0  stm32f4xx_hal_flash_ramfunc.o ABSOLUTE
    ..\Drivers\STM32F4xx_HAL_Driver\Src\stm32f4xx_hal_gpio.c 0x00000000   Number         0  stm32f4xx_hal_gpio.o ABSOLUTE
    ..\Drivers\STM32F4xx_HAL_Driver\Src\stm32f4xx_hal_pwr.c 0x00000000   Number         0  stm32f4xx_hal_pwr.o ABSOLUTE
    ..\Drivers\STM32F4xx_HAL_Driver\Src\stm32f4xx_hal_pwr_ex.c 0x00000000   Number         0  stm32f4xx_hal_pwr_ex.o ABSOLUTE
    ..\Drivers\STM32F4xx_HAL_Driver\Src\stm32f4xx_hal_rcc.c 0x00000000   Number         0  stm32f4xx_hal_rcc.o ABSOLUTE
    ..\Drivers\STM32F4xx_HAL_Driver\Src\stm32f4xx_hal_rcc_ex.c 0x00000000   Number         0  stm32f4xx_hal_rcc_ex.o ABSOLUTE
    ..\Drivers\STM32F4xx_HAL_Driver\Src\stm32f4xx_hal_spi.c 0x00000000   Number         0  stm32f4xx_hal_spi.o ABSOLUTE
    ..\Drivers\STM32F4xx_HAL_Driver\Src\stm32f4xx_hal_tim.c 0x00000000   Number         0  stm32f4xx_hal_tim.o ABSOLUTE
    ..\Drivers\STM32F4xx_HAL_Driver\Src\stm32f4xx_hal_tim_ex.c 0x00000000   Number         0  stm32f4xx_hal_tim_ex.o ABSOLUTE
    ..\Drivers\STM32F4xx_HAL_Driver\Src\stm32f4xx_hal_uart.c 0x00000000   Number         0  stm32f4xx_hal_uart.o ABSOLUTE
    ..\UART_COM\nrf_com.c                    0x00000000   Number         0  nrf_com.o ABSOLUTE
    ..\UC\Caculate.c                         0x00000000   Number         0  caculate.o ABSOLUTE
    ..\UC\DJI.c                              0x00000000   Number         0  dji.o ABSOLUTE
    ..\UC\wtr_can.c                          0x00000000   Number         0  wtr_can.o ABSOLUTE
    ..\UC\wtr_uart.c                         0x00000000   Number         0  wtr_uart.o ABSOLUTE
    ..\\UART_COM\\nrf_com.c                  0x00000000   Number         0  nrf_com.o ABSOLUTE
    ..\\UC\\Caculate.c                       0x00000000   Number         0  caculate.o ABSOLUTE
    ..\\UC\\DJI.c                            0x00000000   Number         0  dji.o ABSOLUTE
    ..\\UC\\wtr_can.c                        0x00000000   Number         0  wtr_can.o ABSOLUTE
    ..\\UC\\wtr_uart.c                       0x00000000   Number         0  wtr_uart.o ABSOLUTE
    ..\omni\omni.c                           0x00000000   Number         0  omni.o ABSOLUTE
    cdcmple.s                                0x00000000   Number         0  cdcmple.o ABSOLUTE
    cdrcmple.s                               0x00000000   Number         0  cdrcmple.o ABSOLUTE
    dc.s                                     0x00000000   Number         0  dc.o ABSOLUTE
    handlers.s                               0x00000000   Number         0  handlers.o ABSOLUTE
    init.s                                   0x00000000   Number         0  init.o ABSOLUTE
    startup_stm32f407xx.s                    0x00000000   Number         0  startup_stm32f407xx.o ABSOLUTE
    RESET                                    0x08000000   Section      392  startup_stm32f407xx.o(RESET)
    .ARM.Collect$$$$00000000                 0x08000188   Section        0  entry.o(.ARM.Collect$$$$00000000)
    .ARM.Collect$$$$00000001                 0x08000188   Section        4  entry2.o(.ARM.Collect$$$$00000001)
    .ARM.Collect$$$$00000004                 0x0800018c   Section        4  entry5.o(.ARM.Collect$$$$00000004)
    .ARM.Collect$$$$00000008                 0x08000190   Section        0  entry7b.o(.ARM.Collect$$$$00000008)
    .ARM.Collect$$$$0000000A                 0x08000190   Section        0  entry8b.o(.ARM.Collect$$$$0000000A)
    .ARM.Collect$$$$0000000B                 0x08000190   Section        8  entry9a.o(.ARM.Collect$$$$0000000B)
    .ARM.Collect$$$$0000000E                 0x08000198   Section        4  entry12b.o(.ARM.Collect$$$$0000000E)
    .ARM.Collect$$$$0000000F                 0x0800019c   Section        0  entry10a.o(.ARM.Collect$$$$0000000F)
    .ARM.Collect$$$$00000011                 0x0800019c   Section        0  entry11a.o(.ARM.Collect$$$$00000011)
    .ARM.Collect$$$$00002712                 0x0800019c   Section        4  entry2.o(.ARM.Collect$$$$00002712)
    __lit__00000000                          0x0800019c   Data           4  entry2.o(.ARM.Collect$$$$00002712)
    .text                                    0x080001a0   Section       36  startup_stm32f407xx.o(.text)
    $v0                                      0x080001a0   Number         0  startup_stm32f407xx.o(.text)
    .text                                    0x080001c4   Section        0  uldiv.o(.text)
    .text                                    0x08000226   Section        0  memcpya.o(.text)
    .text                                    0x0800024a   Section        0  memseta.o(.text)
    .text                                    0x0800026e   Section        0  dadd.o(.text)
    .text                                    0x080003bc   Section        0  dmul.o(.text)
    .text                                    0x080004a0   Section        0  ddiv.o(.text)
    .text                                    0x0800057e   Section        0  dflti.o(.text)
    .text                                    0x080005a0   Section        0  f2d.o(.text)
    .text                                    0x080005c6   Section        0  d2f.o(.text)
    .text                                    0x080005fe   Section        0  llshl.o(.text)
    .text                                    0x0800061c   Section        0  llushr.o(.text)
    .text                                    0x0800063c   Section        0  llsshr.o(.text)
    .text                                    0x08000660   Section        0  iusefp.o(.text)
    .text                                    0x08000660   Section        0  fepilogue.o(.text)
    .text                                    0x080006ce   Section        0  depilogue.o(.text)
    .text                                    0x08000788   Section        0  dscalb.o(.text)
    .text                                    0x080007b6   Section        0  dsqrt.o(.text)
    .text                                    0x08000858   Section       48  cdrcmple.o(.text)
    .text                                    0x08000888   Section       36  init.o(.text)
    i.BusFault_Handler                       0x080008ac   Section        0  stm32f4xx_it.o(i.BusFault_Handler)
    i.CAN1_RX0_IRQHandler                    0x080008b0   Section        0  stm32f4xx_it.o(i.CAN1_RX0_IRQHandler)
    i.CANFilterInit                          0x080008bc   Section        0  wtr_can.o(i.CANFilterInit)
    i.CanDataDecode                          0x0800090c   Section        0  wtr_can.o(i.CanDataDecode)
    i.CanTransmit_DJI_1234                   0x0800091c   Section        0  dji.o(i.CanTransmit_DJI_1234)
    i.DJI_CanMsgDecode                       0x08000980   Section        0  dji.o(i.DJI_CanMsgDecode)
    i.DJI_Init                               0x080009b8   Section        0  dji.o(i.DJI_Init)
    i.DJI_Update                             0x08000a44   Section        0  dji.o(i.DJI_Update)
    i.DMA2_Stream1_IRQHandler                0x08000b0c   Section        0  stm32f4xx_it.o(i.DMA2_Stream1_IRQHandler)
    i.DMA_CalcBaseAndBitshift                0x08000b18   Section        0  stm32f4xx_hal_dma.o(i.DMA_CalcBaseAndBitshift)
    DMA_CalcBaseAndBitshift                  0x08000b19   Thumb Code    34  stm32f4xx_hal_dma.o(i.DMA_CalcBaseAndBitshift)
    i.DMA_CheckFifoParam                     0x08000b40   Section        0  stm32f4xx_hal_dma.o(i.DMA_CheckFifoParam)
    DMA_CheckFifoParam                       0x08000b41   Thumb Code    84  stm32f4xx_hal_dma.o(i.DMA_CheckFifoParam)
    i.DMA_SetConfig                          0x08000b94   Section        0  stm32f4xx_hal_dma.o(i.DMA_SetConfig)
    DMA_SetConfig                            0x08000b95   Thumb Code    40  stm32f4xx_hal_dma.o(i.DMA_SetConfig)
    i.DebugMon_Handler                       0x08000bbc   Section        0  stm32f4xx_it.o(i.DebugMon_Handler)
    i.Error_Handler                          0x08000bbe   Section        0  main.o(i.Error_Handler)
    i.HAL_CAN_ActivateNotification           0x08000bc2   Section        0  stm32f4xx_hal_can.o(i.HAL_CAN_ActivateNotification)
    i.HAL_CAN_AddTxMessage                   0x08000be6   Section        0  stm32f4xx_hal_can.o(i.HAL_CAN_AddTxMessage)
    i.HAL_CAN_ConfigFilter                   0x08000cc4   Section        0  stm32f4xx_hal_can.o(i.HAL_CAN_ConfigFilter)
    i.HAL_CAN_ErrorCallback                  0x08000dd0   Section        0  stm32f4xx_hal_can.o(i.HAL_CAN_ErrorCallback)
    i.HAL_CAN_GetRxMessage                   0x08000dd2   Section        0  stm32f4xx_hal_can.o(i.HAL_CAN_GetRxMessage)
    i.HAL_CAN_GetTxMailboxesFreeLevel        0x08000eba   Section        0  stm32f4xx_hal_can.o(i.HAL_CAN_GetTxMailboxesFreeLevel)
    i.HAL_CAN_IRQHandler                     0x08000ee6   Section        0  stm32f4xx_hal_can.o(i.HAL_CAN_IRQHandler)
    i.HAL_CAN_Init                           0x080010e2   Section        0  stm32f4xx_hal_can.o(i.HAL_CAN_Init)
    i.HAL_CAN_MspInit                        0x080011fc   Section        0  can.o(i.HAL_CAN_MspInit)
    i.HAL_CAN_RxFifo0FullCallback            0x08001278   Section        0  stm32f4xx_hal_can.o(i.HAL_CAN_RxFifo0FullCallback)
    i.HAL_CAN_RxFifo0MsgPendingCallback      0x0800127c   Section        0  wtr_can.o(i.HAL_CAN_RxFifo0MsgPendingCallback)
    i.HAL_CAN_RxFifo1FullCallback            0x080012bc   Section        0  stm32f4xx_hal_can.o(i.HAL_CAN_RxFifo1FullCallback)
    i.HAL_CAN_RxFifo1MsgPendingCallback      0x080012be   Section        0  stm32f4xx_hal_can.o(i.HAL_CAN_RxFifo1MsgPendingCallback)
    i.HAL_CAN_SleepCallback                  0x080012c0   Section        0  stm32f4xx_hal_can.o(i.HAL_CAN_SleepCallback)
    i.HAL_CAN_Start                          0x080012c4   Section        0  stm32f4xx_hal_can.o(i.HAL_CAN_Start)
    i.HAL_CAN_TxMailbox0AbortCallback        0x0800131c   Section        0  stm32f4xx_hal_can.o(i.HAL_CAN_TxMailbox0AbortCallback)
    i.HAL_CAN_TxMailbox0CompleteCallback     0x0800131e   Section        0  stm32f4xx_hal_can.o(i.HAL_CAN_TxMailbox0CompleteCallback)
    i.HAL_CAN_TxMailbox1AbortCallback        0x08001320   Section        0  stm32f4xx_hal_can.o(i.HAL_CAN_TxMailbox1AbortCallback)
    i.HAL_CAN_TxMailbox1CompleteCallback     0x08001322   Section        0  stm32f4xx_hal_can.o(i.HAL_CAN_TxMailbox1CompleteCallback)
    i.HAL_CAN_TxMailbox2AbortCallback        0x08001324   Section        0  stm32f4xx_hal_can.o(i.HAL_CAN_TxMailbox2AbortCallback)
    i.HAL_CAN_TxMailbox2CompleteCallback     0x08001326   Section        0  stm32f4xx_hal_can.o(i.HAL_CAN_TxMailbox2CompleteCallback)
    i.HAL_CAN_WakeUpFromRxMsgCallback        0x08001328   Section        0  stm32f4xx_hal_can.o(i.HAL_CAN_WakeUpFromRxMsgCallback)
    i.HAL_DMA_Abort_IT                       0x0800132a   Section        0  stm32f4xx_hal_dma.o(i.HAL_DMA_Abort_IT)
    i.HAL_DMA_IRQHandler                     0x08001350   Section        0  stm32f4xx_hal_dma.o(i.HAL_DMA_IRQHandler)
    i.HAL_DMA_Init                           0x080014f0   Section        0  stm32f4xx_hal_dma.o(i.HAL_DMA_Init)
    i.HAL_DMA_Start_IT                       0x080015c4   Section        0  stm32f4xx_hal_dma.o(i.HAL_DMA_Start_IT)
    i.HAL_Delay                              0x08001634   Section        0  stm32f4xx_hal.o(i.HAL_Delay)
    i.HAL_GPIO_Init                          0x08001658   Section        0  stm32f4xx_hal_gpio.o(i.HAL_GPIO_Init)
    i.HAL_GPIO_WritePin                      0x08001810   Section        0  stm32f4xx_hal_gpio.o(i.HAL_GPIO_WritePin)
    i.HAL_GetTick                            0x0800181c   Section        0  stm32f4xx_hal.o(i.HAL_GetTick)
    i.HAL_IncTick                            0x08001828   Section        0  stm32f4xx_hal.o(i.HAL_IncTick)
    i.HAL_Init                               0x08001838   Section        0  stm32f4xx_hal.o(i.HAL_Init)
    i.HAL_InitTick                           0x0800186c   Section        0  stm32f4xx_hal.o(i.HAL_InitTick)
    i.HAL_MspInit                            0x080018ac   Section        0  stm32f4xx_hal_msp.o(i.HAL_MspInit)
    i.HAL_NVIC_EnableIRQ                     0x080018dc   Section        0  stm32f4xx_hal_cortex.o(i.HAL_NVIC_EnableIRQ)
    i.HAL_NVIC_SetPriority                   0x080018f8   Section        0  stm32f4xx_hal_cortex.o(i.HAL_NVIC_SetPriority)
    i.HAL_NVIC_SetPriorityGrouping           0x08001938   Section        0  stm32f4xx_hal_cortex.o(i.HAL_NVIC_SetPriorityGrouping)
    i.HAL_RCC_ClockConfig                    0x0800195c   Section        0  stm32f4xx_hal_rcc.o(i.HAL_RCC_ClockConfig)
    i.HAL_RCC_GetPCLK1Freq                   0x08001a90   Section        0  stm32f4xx_hal_rcc.o(i.HAL_RCC_GetPCLK1Freq)
    i.HAL_RCC_GetPCLK2Freq                   0x08001ab0   Section        0  stm32f4xx_hal_rcc.o(i.HAL_RCC_GetPCLK2Freq)
    i.HAL_RCC_GetSysClockFreq                0x08001ad0   Section        0  stm32f4xx_hal_rcc.o(i.HAL_RCC_GetSysClockFreq)
    i.HAL_RCC_OscConfig                      0x08001b30   Section        0  stm32f4xx_hal_rcc.o(i.HAL_RCC_OscConfig)
    i.HAL_SPI_Init                           0x08001e8c   Section        0  stm32f4xx_hal_spi.o(i.HAL_SPI_Init)
    i.HAL_SPI_MspInit                        0x08001f0c   Section        0  spi.o(i.HAL_SPI_MspInit)
    i.HAL_SYSTICK_Config                     0x08001f74   Section        0  stm32f4xx_hal_cortex.o(i.HAL_SYSTICK_Config)
    i.HAL_TIMEx_BreakCallback                0x08001f9c   Section        0  stm32f4xx_hal_tim_ex.o(i.HAL_TIMEx_BreakCallback)
    i.HAL_TIMEx_CommutCallback               0x08001f9e   Section        0  stm32f4xx_hal_tim_ex.o(i.HAL_TIMEx_CommutCallback)
    i.HAL_TIMEx_MasterConfigSynchronization  0x08001fa0   Section        0  stm32f4xx_hal_tim_ex.o(i.HAL_TIMEx_MasterConfigSynchronization)
    i.HAL_TIM_Base_Init                      0x08002030   Section        0  stm32f4xx_hal_tim.o(i.HAL_TIM_Base_Init)
    i.HAL_TIM_Base_MspInit                   0x08002068   Section        0  tim.o(i.HAL_TIM_Base_MspInit)
    i.HAL_TIM_Base_Start_IT                  0x080020cc   Section        0  stm32f4xx_hal_tim.o(i.HAL_TIM_Base_Start_IT)
    i.HAL_TIM_ConfigClockSource              0x080020ee   Section        0  stm32f4xx_hal_tim.o(i.HAL_TIM_ConfigClockSource)
    i.HAL_TIM_IC_CaptureCallback             0x080021c4   Section        0  stm32f4xx_hal_tim.o(i.HAL_TIM_IC_CaptureCallback)
    i.HAL_TIM_IRQHandler                     0x080021c6   Section        0  stm32f4xx_hal_tim.o(i.HAL_TIM_IRQHandler)
    i.HAL_TIM_OC_DelayElapsedCallback        0x0800232c   Section        0  stm32f4xx_hal_tim.o(i.HAL_TIM_OC_DelayElapsedCallback)
    i.HAL_TIM_PWM_PulseFinishedCallback      0x0800232e   Section        0  stm32f4xx_hal_tim.o(i.HAL_TIM_PWM_PulseFinishedCallback)
    i.HAL_TIM_PeriodElapsedCallback          0x08002330   Section        0  main.o(i.HAL_TIM_PeriodElapsedCallback)
    i.HAL_TIM_TriggerCallback                0x08002348   Section        0  stm32f4xx_hal_tim.o(i.HAL_TIM_TriggerCallback)
    i.HAL_UART_ErrorCallback                 0x0800234a   Section        0  stm32f4xx_hal_uart.o(i.HAL_UART_ErrorCallback)
    i.HAL_UART_IRQHandler                    0x0800234c   Section        0  stm32f4xx_hal_uart.o(i.HAL_UART_IRQHandler)
    i.HAL_UART_Init                          0x08002460   Section        0  stm32f4xx_hal_uart.o(i.HAL_UART_Init)
    i.HAL_UART_MspInit                       0x080024c4   Section        0  usart.o(i.HAL_UART_MspInit)
    i.HAL_UART_Receive_DMA                   0x080025b4   Section        0  stm32f4xx_hal_uart.o(i.HAL_UART_Receive_DMA)
    i.HAL_UART_RxCpltCallback                0x0800264c   Section        0  main.o(i.HAL_UART_RxCpltCallback)
    i.HAL_UART_RxHalfCpltCallback            0x0800266c   Section        0  stm32f4xx_hal_uart.o(i.HAL_UART_RxHalfCpltCallback)
    i.HAL_UART_Transmit                      0x0800266e   Section        0  stm32f4xx_hal_uart.o(i.HAL_UART_Transmit)
    i.HAL_UART_TxCpltCallback                0x08002728   Section        0  stm32f4xx_hal_uart.o(i.HAL_UART_TxCpltCallback)
    i.HardFault_Handler                      0x0800272a   Section        0  stm32f4xx_it.o(i.HardFault_Handler)
    i.Kine_Init                              0x0800272c   Section        0  omni.o(i.Kine_Init)
    i.Kine_SetSpeed                          0x080028b0   Section        0  omni.o(i.Kine_SetSpeed)
    i.Kine_SetSpeed_40                       0x08002940   Section        0  omni.o(i.Kine_SetSpeed_40)
    i.Kine_SetSpeed_41                       0x080029f4   Section        0  omni.o(i.Kine_SetSpeed_41)
    i.Kine_SetSpeed_42                       0x08002aa8   Section        0  omni.o(i.Kine_SetSpeed_42)
    i.Kine_SetSpeed_43                       0x08002b5c   Section        0  omni.o(i.Kine_SetSpeed_43)
    i.MX_CAN1_Init                           0x08002c10   Section        0  can.o(i.MX_CAN1_Init)
    i.MX_DMA_Init                            0x08002c50   Section        0  dma.o(i.MX_DMA_Init)
    i.MX_GPIO_Init                           0x08002c7c   Section        0  gpio.o(i.MX_GPIO_Init)
    i.MX_SPI1_Init                           0x08002d28   Section        0  spi.o(i.MX_SPI1_Init)
    i.MX_TIM4_Init                           0x08002d6c   Section        0  tim.o(i.MX_TIM4_Init)
    i.MX_TIM5_Init                           0x08002dd4   Section        0  tim.o(i.MX_TIM5_Init)
    i.MX_USART1_UART_Init                    0x08002e3c   Section        0  usart.o(i.MX_USART1_UART_Init)
    i.MX_USART6_UART_Init                    0x08002e74   Section        0  usart.o(i.MX_USART6_UART_Init)
    i.MemManage_Handler                      0x08002eac   Section        0  stm32f4xx_it.o(i.MemManage_Handler)
    i.NMI_Handler                            0x08002eae   Section        0  stm32f4xx_it.o(i.NMI_Handler)
    i.PID_Calc                               0x08002eb0   Section        0  caculate.o(i.PID_Calc)
    i.PendSV_Handler                         0x08002f32   Section        0  stm32f4xx_it.o(i.PendSV_Handler)
    i.SVC_Handler                            0x08002f34   Section        0  stm32f4xx_it.o(i.SVC_Handler)
    i.SysTick_Handler                        0x08002f36   Section        0  stm32f4xx_it.o(i.SysTick_Handler)
    i.SystemClock_Config                     0x08002f3c   Section        0  main.o(i.SystemClock_Config)
    i.SystemInit                             0x08002fd0   Section        0  system_stm32f4xx.o(i.SystemInit)
    i.TIM4_IRQHandler                        0x08002fec   Section        0  stm32f4xx_it.o(i.TIM4_IRQHandler)
    i.TIM5_IRQHandler                        0x08002ff8   Section        0  stm32f4xx_it.o(i.TIM5_IRQHandler)
    i.TIM_Base_SetConfig                     0x08003004   Section        0  stm32f4xx_hal_tim.o(i.TIM_Base_SetConfig)
    i.TIM_ETR_SetConfig                      0x080030cc   Section        0  stm32f4xx_hal_tim.o(i.TIM_ETR_SetConfig)
    i.TIM_ITRx_SetConfig                     0x080030e0   Section        0  stm32f4xx_hal_tim.o(i.TIM_ITRx_SetConfig)
    TIM_ITRx_SetConfig                       0x080030e1   Thumb Code    16  stm32f4xx_hal_tim.o(i.TIM_ITRx_SetConfig)
    i.TIM_TI1_ConfigInputStage               0x080030f0   Section        0  stm32f4xx_hal_tim.o(i.TIM_TI1_ConfigInputStage)
    TIM_TI1_ConfigInputStage                 0x080030f1   Thumb Code    34  stm32f4xx_hal_tim.o(i.TIM_TI1_ConfigInputStage)
    i.TIM_TI2_ConfigInputStage               0x08003112   Section        0  stm32f4xx_hal_tim.o(i.TIM_TI2_ConfigInputStage)
    TIM_TI2_ConfigInputStage                 0x08003113   Thumb Code    36  stm32f4xx_hal_tim.o(i.TIM_TI2_ConfigInputStage)
    i.UART_DMAAbortOnError                   0x08003136   Section        0  stm32f4xx_hal_uart.o(i.UART_DMAAbortOnError)
    UART_DMAAbortOnError                     0x08003137   Thumb Code    16  stm32f4xx_hal_uart.o(i.UART_DMAAbortOnError)
    i.UART_DMAError                          0x08003146   Section        0  stm32f4xx_hal_uart.o(i.UART_DMAError)
    UART_DMAError                            0x08003147   Thumb Code    74  stm32f4xx_hal_uart.o(i.UART_DMAError)
    i.UART_DMAReceiveCplt                    0x08003190   Section        0  stm32f4xx_hal_uart.o(i.UART_DMAReceiveCplt)
    UART_DMAReceiveCplt                      0x08003191   Thumb Code    60  stm32f4xx_hal_uart.o(i.UART_DMAReceiveCplt)
    i.UART_DMARxHalfCplt                     0x080031cc   Section        0  stm32f4xx_hal_uart.o(i.UART_DMARxHalfCplt)
    UART_DMARxHalfCplt                       0x080031cd   Thumb Code    10  stm32f4xx_hal_uart.o(i.UART_DMARxHalfCplt)
    i.UART_EndRxTransfer                     0x080031d6   Section        0  stm32f4xx_hal_uart.o(i.UART_EndRxTransfer)
    UART_EndRxTransfer                       0x080031d7   Thumb Code    28  stm32f4xx_hal_uart.o(i.UART_EndRxTransfer)
    i.UART_EndTxTransfer                     0x080031f2   Section        0  stm32f4xx_hal_uart.o(i.UART_EndTxTransfer)
    UART_EndTxTransfer                       0x080031f3   Thumb Code    18  stm32f4xx_hal_uart.o(i.UART_EndTxTransfer)
    i.UART_Receive_IT                        0x08003204   Section        0  stm32f4xx_hal_uart.o(i.UART_Receive_IT)
    UART_Receive_IT                          0x08003205   Thumb Code   150  stm32f4xx_hal_uart.o(i.UART_Receive_IT)
    i.UART_SetConfig                         0x0800329c   Section        0  stm32f4xx_hal_uart.o(i.UART_SetConfig)
    UART_SetConfig                           0x0800329d   Thumb Code   286  stm32f4xx_hal_uart.o(i.UART_SetConfig)
    i.UART_Transmit_IT                       0x080033c4   Section        0  stm32f4xx_hal_uart.o(i.UART_Transmit_IT)
    UART_Transmit_IT                         0x080033c5   Thumb Code    98  stm32f4xx_hal_uart.o(i.UART_Transmit_IT)
    i.UART_WaitOnFlagUntilTimeout            0x08003426   Section        0  stm32f4xx_hal_uart.o(i.UART_WaitOnFlagUntilTimeout)
    UART_WaitOnFlagUntilTimeout              0x08003427   Thumb Code   100  stm32f4xx_hal_uart.o(i.UART_WaitOnFlagUntilTimeout)
    i.USART6_IRQHandler                      0x0800348c   Section        0  stm32f4xx_it.o(i.USART6_IRQHandler)
    i.UsageFault_Handler                     0x08003498   Section        0  stm32f4xx_it.o(i.UsageFault_Handler)
    i.__ARM_fpclassify                       0x0800349a   Section        0  fpclassify.o(i.__ARM_fpclassify)
    i.__NVIC_SetPriority                     0x080034ca   Section        0  stm32f4xx_hal_cortex.o(i.__NVIC_SetPriority)
    __NVIC_SetPriority                       0x080034cb   Thumb Code    32  stm32f4xx_hal_cortex.o(i.__NVIC_SetPriority)
    i.__hardfp_pow                           0x080034f0   Section        0  pow.o(i.__hardfp_pow)
    i.__hardfp_sqrt                          0x08004140   Section        0  sqrt.o(i.__hardfp_sqrt)
    i.__kernel_poly                          0x080041ba   Section        0  poly.o(i.__kernel_poly)
    i.__mathlib_dbl_divzero                  0x080042b8   Section        0  dunder.o(i.__mathlib_dbl_divzero)
    i.__mathlib_dbl_infnan2                  0x080042e8   Section        0  dunder.o(i.__mathlib_dbl_infnan2)
    i.__mathlib_dbl_invalid                  0x08004300   Section        0  dunder.o(i.__mathlib_dbl_invalid)
    i.__mathlib_dbl_overflow                 0x08004320   Section        0  dunder.o(i.__mathlib_dbl_overflow)
    i.__mathlib_dbl_underflow                0x08004340   Section        0  dunder.o(i.__mathlib_dbl_underflow)
    i.__scatterload_copy                     0x08004360   Section       14  handlers.o(i.__scatterload_copy)
    i.__scatterload_null                     0x0800436e   Section        2  handlers.o(i.__scatterload_null)
    i.__scatterload_zeroinit                 0x08004370   Section       14  handlers.o(i.__scatterload_zeroinit)
    i.__set_errno                            0x08004380   Section        0  errno.o(i.__set_errno)
    i.fabs                                   0x0800438c   Section        0  fabs.o(i.fabs)
    i.get_dji_offset                         0x080043a4   Section        0  dji.o(i.get_dji_offset)
    i.main                                   0x080043d8   Section        0  main.o(i.main)
    i.nrf_Transmit_init                      0x08004648   Section        0  nrf_com.o(i.nrf_Transmit_init)
    i.nrf_decode                             0x08004658   Section        0  nrf_com.o(i.nrf_decode)
    i.nrf_receive_init                       0x080046d8   Section        0  nrf_com.o(i.nrf_receive_init)
    i.send                                   0x080046ec   Section        0  nrf_com.o(i.send)
    i.speedServo                             0x08004700   Section        0  caculate.o(i.speedServo)
    i.sqrt                                   0x08004712   Section        0  sqrt.o(i.sqrt)
    .constdata                               0x08004780   Section        8  stm32f4xx_hal_dma.o(.constdata)
    flagBitshiftOffset                       0x08004780   Data           8  stm32f4xx_hal_dma.o(.constdata)
    .constdata                               0x08004788   Section       16  system_stm32f4xx.o(.constdata)
    .constdata                               0x08004798   Section        8  system_stm32f4xx.o(.constdata)
    .constdata                               0x080047a0   Section      136  pow.o(.constdata)
    bp                                       0x080047a0   Data          16  pow.o(.constdata)
    dp_h                                     0x080047b0   Data          16  pow.o(.constdata)
    dp_l                                     0x080047c0   Data          16  pow.o(.constdata)
    L                                        0x080047d0   Data          48  pow.o(.constdata)
    P                                        0x08004800   Data          40  pow.o(.constdata)
    .constdata                               0x08004828   Section        8  qnan.o(.constdata)
    .data                                    0x20000000   Section       32  main.o(.data)
    .data                                    0x20000020   Section       12  stm32f4xx_hal.o(.data)
    .data                                    0x2000002c   Section        4  system_stm32f4xx.o(.data)
    .data                                    0x20000030   Section       24  nrf_com.o(.data)
    .data                                    0x20000048   Section        4  dji.o(.data)
    TxMailbox                                0x20000048   Data           4  dji.o(.data)
    .data                                    0x2000004c   Section        8  wtr_can.o(.data)
    .data                                    0x20000054   Section        4  errno.o(.data)
    _errno                                   0x20000054   Data           4  errno.o(.data)
    .bss                                     0x20000058   Section       40  can.o(.bss)
    .bss                                     0x20000080   Section       88  spi.o(.bss)
    .bss                                     0x200000d8   Section      128  tim.o(.bss)
    .bss                                     0x20000158   Section      224  usart.o(.bss)
    .bss                                     0x20000238   Section      224  omni.o(.bss)
    .bss                                     0x20000318   Section       78  nrf_com.o(.bss)
    .bss                                     0x20000368   Section     1152  dji.o(.bss)
    STACK                                    0x200007e8   Section     1024  startup_stm32f407xx.o(STACK)

    Global Symbols

    Symbol Name                              Value     Ov Type        Size  Object(Section)

    BuildAttributes$$THM_ISAv4$E$P$D$K$B$S$7EM$VFPi3$EXTD16$VFPS$VFMA$PE$A:L22UL41UL21$X:L11$S22US41US21$IEEE1$IW$USESV6$~STKCKD$USESV7$~SHL$OTIME$ROPI$IEEEX$EBA8$MICROLIB$REQ8$PRES8$EABIv2 0x00000000   Number         0  anon$$obj.o ABSOLUTE
    __ARM_use_no_argv                        0x00000000   Number         0  main.o ABSOLUTE
    __arm_fini_                               - Undefined Weak Reference
    __cpp_initialize__aeabi_                  - Undefined Weak Reference
    __cxa_finalize                            - Undefined Weak Reference
    __decompress                              - Undefined Weak Reference
    _clock_init                               - Undefined Weak Reference
    _microlib_exit                            - Undefined Weak Reference
    __Vectors_Size                           0x00000188   Number         0  startup_stm32f407xx.o ABSOLUTE
    __Vectors                                0x08000000   Data           4  startup_stm32f407xx.o(RESET)
    __Vectors_End                            0x08000188   Data           0  startup_stm32f407xx.o(RESET)
    __main                                   0x08000189   Thumb Code     0  entry.o(.ARM.Collect$$$$00000000)
    _main_stk                                0x08000189   Thumb Code     0  entry2.o(.ARM.Collect$$$$00000001)
    _main_scatterload                        0x0800018d   Thumb Code     0  entry5.o(.ARM.Collect$$$$00000004)
    __main_after_scatterload                 0x08000191   Thumb Code     0  entry5.o(.ARM.Collect$$$$00000004)
    _main_clock                              0x08000191   Thumb Code     0  entry7b.o(.ARM.Collect$$$$00000008)
    _main_cpp_init                           0x08000191   Thumb Code     0  entry8b.o(.ARM.Collect$$$$0000000A)
    _main_init                               0x08000191   Thumb Code     0  entry9a.o(.ARM.Collect$$$$0000000B)
    __rt_lib_shutdown_fini                   0x08000199   Thumb Code     0  entry12b.o(.ARM.Collect$$$$0000000E)
    __rt_final_cpp                           0x0800019d   Thumb Code     0  entry10a.o(.ARM.Collect$$$$0000000F)
    __rt_final_exit                          0x0800019d   Thumb Code     0  entry11a.o(.ARM.Collect$$$$00000011)
    Reset_Handler                            0x080001a1   Thumb Code     8  startup_stm32f407xx.o(.text)
    ADC_IRQHandler                           0x080001bb   Thumb Code     0  startup_stm32f407xx.o(.text)
    CAN1_RX1_IRQHandler                      0x080001bb   Thumb Code     0  startup_stm32f407xx.o(.text)
    CAN1_SCE_IRQHandler                      0x080001bb   Thumb Code     0  startup_stm32f407xx.o(.text)
    CAN1_TX_IRQHandler                       0x080001bb   Thumb Code     0  startup_stm32f407xx.o(.text)
    CAN2_RX0_IRQHandler                      0x080001bb   Thumb Code     0  startup_stm32f407xx.o(.text)
    CAN2_RX1_IRQHandler                      0x080001bb   Thumb Code     0  startup_stm32f407xx.o(.text)
    CAN2_SCE_IRQHandler                      0x080001bb   Thumb Code     0  startup_stm32f407xx.o(.text)
    CAN2_TX_IRQHandler                       0x080001bb   Thumb Code     0  startup_stm32f407xx.o(.text)
    DCMI_IRQHandler                          0x080001bb   Thumb Code     0  startup_stm32f407xx.o(.text)
    DMA1_Stream0_IRQHandler                  0x080001bb   Thumb Code     0  startup_stm32f407xx.o(.text)
    DMA1_Stream1_IRQHandler                  0x080001bb   Thumb Code     0  startup_stm32f407xx.o(.text)
    DMA1_Stream2_IRQHandler                  0x080001bb   Thumb Code     0  startup_stm32f407xx.o(.text)
    DMA1_Stream3_IRQHandler                  0x080001bb   Thumb Code     0  startup_stm32f407xx.o(.text)
    DMA1_Stream4_IRQHandler                  0x080001bb   Thumb Code     0  startup_stm32f407xx.o(.text)
    DMA1_Stream5_IRQHandler                  0x080001bb   Thumb Code     0  startup_stm32f407xx.o(.text)
    DMA1_Stream6_IRQHandler                  0x080001bb   Thumb Code     0  startup_stm32f407xx.o(.text)
    DMA1_Stream7_IRQHandler                  0x080001bb   Thumb Code     0  startup_stm32f407xx.o(.text)
    DMA2_Stream0_IRQHandler                  0x080001bb   Thumb Code     0  startup_stm32f407xx.o(.text)
    DMA2_Stream2_IRQHandler                  0x080001bb   Thumb Code     0  startup_stm32f407xx.o(.text)
    DMA2_Stream3_IRQHandler                  0x080001bb   Thumb Code     0  startup_stm32f407xx.o(.text)
    DMA2_Stream4_IRQHandler                  0x080001bb   Thumb Code     0  startup_stm32f407xx.o(.text)
    DMA2_Stream5_IRQHandler                  0x080001bb   Thumb Code     0  startup_stm32f407xx.o(.text)
    DMA2_Stream6_IRQHandler                  0x080001bb   Thumb Code     0  startup_stm32f407xx.o(.text)
    DMA2_Stream7_IRQHandler                  0x080001bb   Thumb Code     0  startup_stm32f407xx.o(.text)
    ETH_IRQHandler                           0x080001bb   Thumb Code     0  startup_stm32f407xx.o(.text)
    ETH_WKUP_IRQHandler                      0x080001bb   Thumb Code     0  startup_stm32f407xx.o(.text)
    EXTI0_IRQHandler                         0x080001bb   Thumb Code     0  startup_stm32f407xx.o(.text)
    EXTI15_10_IRQHandler                     0x080001bb   Thumb Code     0  startup_stm32f407xx.o(.text)
    EXTI1_IRQHandler                         0x080001bb   Thumb Code     0  startup_stm32f407xx.o(.text)
    EXTI2_IRQHandler                         0x080001bb   Thumb Code     0  startup_stm32f407xx.o(.text)
    EXTI3_IRQHandler                         0x080001bb   Thumb Code     0  startup_stm32f407xx.o(.text)
    EXTI4_IRQHandler                         0x080001bb   Thumb Code     0  startup_stm32f407xx.o(.text)
    EXTI9_5_IRQHandler                       0x080001bb   Thumb Code     0  startup_stm32f407xx.o(.text)
    FLASH_IRQHandler                         0x080001bb   Thumb Code     0  startup_stm32f407xx.o(.text)
    FMC_IRQHandler                           0x080001bb   Thumb Code     0  startup_stm32f407xx.o(.text)
    FPU_IRQHandler                           0x080001bb   Thumb Code     0  startup_stm32f407xx.o(.text)
    HASH_RNG_IRQHandler                      0x080001bb   Thumb Code     0  startup_stm32f407xx.o(.text)
    I2C1_ER_IRQHandler                       0x080001bb   Thumb Code     0  startup_stm32f407xx.o(.text)
    I2C1_EV_IRQHandler                       0x080001bb   Thumb Code     0  startup_stm32f407xx.o(.text)
    I2C2_ER_IRQHandler                       0x080001bb   Thumb Code     0  startup_stm32f407xx.o(.text)
    I2C2_EV_IRQHandler                       0x080001bb   Thumb Code     0  startup_stm32f407xx.o(.text)
    I2C3_ER_IRQHandler                       0x080001bb   Thumb Code     0  startup_stm32f407xx.o(.text)
    I2C3_EV_IRQHandler                       0x080001bb   Thumb Code     0  startup_stm32f407xx.o(.text)
    OTG_FS_IRQHandler                        0x080001bb   Thumb Code     0  startup_stm32f407xx.o(.text)
    OTG_FS_WKUP_IRQHandler                   0x080001bb   Thumb Code     0  startup_stm32f407xx.o(.text)
    OTG_HS_EP1_IN_IRQHandler                 0x080001bb   Thumb Code     0  startup_stm32f407xx.o(.text)
    OTG_HS_EP1_OUT_IRQHandler                0x080001bb   Thumb Code     0  startup_stm32f407xx.o(.text)
    OTG_HS_IRQHandler                        0x080001bb   Thumb Code     0  startup_stm32f407xx.o(.text)
    OTG_HS_WKUP_IRQHandler                   0x080001bb   Thumb Code     0  startup_stm32f407xx.o(.text)
    PVD_IRQHandler                           0x080001bb   Thumb Code     0  startup_stm32f407xx.o(.text)
    RCC_IRQHandler                           0x080001bb   Thumb Code     0  startup_stm32f407xx.o(.text)
    RTC_Alarm_IRQHandler                     0x080001bb   Thumb Code     0  startup_stm32f407xx.o(.text)
    RTC_WKUP_IRQHandler                      0x080001bb   Thumb Code     0  startup_stm32f407xx.o(.text)
    SDIO_IRQHandler                          0x080001bb   Thumb Code     0  startup_stm32f407xx.o(.text)
    SPI1_IRQHandler                          0x080001bb   Thumb Code     0  startup_stm32f407xx.o(.text)
    SPI2_IRQHandler                          0x080001bb   Thumb Code     0  startup_stm32f407xx.o(.text)
    SPI3_IRQHandler                          0x080001bb   Thumb Code     0  startup_stm32f407xx.o(.text)
    TAMP_STAMP_IRQHandler                    0x080001bb   Thumb Code     0  startup_stm32f407xx.o(.text)
    TIM1_BRK_TIM9_IRQHandler                 0x080001bb   Thumb Code     0  startup_stm32f407xx.o(.text)
    TIM1_CC_IRQHandler                       0x080001bb   Thumb Code     0  startup_stm32f407xx.o(.text)
    TIM1_TRG_COM_TIM11_IRQHandler            0x080001bb   Thumb Code     0  startup_stm32f407xx.o(.text)
    TIM1_UP_TIM10_IRQHandler                 0x080001bb   Thumb Code     0  startup_stm32f407xx.o(.text)
    TIM2_IRQHandler                          0x080001bb   Thumb Code     0  startup_stm32f407xx.o(.text)
    TIM3_IRQHandler                          0x080001bb   Thumb Code     0  startup_stm32f407xx.o(.text)
    TIM6_DAC_IRQHandler                      0x080001bb   Thumb Code     0  startup_stm32f407xx.o(.text)
    TIM7_IRQHandler                          0x080001bb   Thumb Code     0  startup_stm32f407xx.o(.text)
    TIM8_BRK_TIM12_IRQHandler                0x080001bb   Thumb Code     0  startup_stm32f407xx.o(.text)
    TIM8_CC_IRQHandler                       0x080001bb   Thumb Code     0  startup_stm32f407xx.o(.text)
    TIM8_TRG_COM_TIM14_IRQHandler            0x080001bb   Thumb Code     0  startup_stm32f407xx.o(.text)
    TIM8_UP_TIM13_IRQHandler                 0x080001bb   Thumb Code     0  startup_stm32f407xx.o(.text)
    UART4_IRQHandler                         0x080001bb   Thumb Code     0  startup_stm32f407xx.o(.text)
    UART5_IRQHandler                         0x080001bb   Thumb Code     0  startup_stm32f407xx.o(.text)
    USART1_IRQHandler                        0x080001bb   Thumb Code     0  startup_stm32f407xx.o(.text)
    USART2_IRQHandler                        0x080001bb   Thumb Code     0  startup_stm32f407xx.o(.text)
    USART3_IRQHandler                        0x080001bb   Thumb Code     0  startup_stm32f407xx.o(.text)
    WWDG_IRQHandler                          0x080001bb   Thumb Code     0  startup_stm32f407xx.o(.text)
    __aeabi_uldivmod                         0x080001c5   Thumb Code    98  uldiv.o(.text)
    __aeabi_memcpy                           0x08000227   Thumb Code    36  memcpya.o(.text)
    __aeabi_memcpy4                          0x08000227   Thumb Code     0  memcpya.o(.text)
    __aeabi_memcpy8                          0x08000227   Thumb Code     0  memcpya.o(.text)
    __aeabi_memset                           0x0800024b   Thumb Code    14  memseta.o(.text)
    __aeabi_memset4                          0x0800024b   Thumb Code     0  memseta.o(.text)
    __aeabi_memset8                          0x0800024b   Thumb Code     0  memseta.o(.text)
    __aeabi_memclr                           0x08000259   Thumb Code     4  memseta.o(.text)
    __aeabi_memclr4                          0x08000259   Thumb Code     0  memseta.o(.text)
    __aeabi_memclr8                          0x08000259   Thumb Code     0  memseta.o(.text)
    _memset$wrapper                          0x0800025d   Thumb Code    18  memseta.o(.text)
    __aeabi_dadd                             0x0800026f   Thumb Code   322  dadd.o(.text)
    __aeabi_dsub                             0x080003b1   Thumb Code     6  dadd.o(.text)
    __aeabi_drsub                            0x080003b7   Thumb Code     6  dadd.o(.text)
    __aeabi_dmul                             0x080003bd   Thumb Code   228  dmul.o(.text)
    __aeabi_ddiv                             0x080004a1   Thumb Code   222  ddiv.o(.text)
    __aeabi_i2d                              0x0800057f   Thumb Code    34  dflti.o(.text)
    __aeabi_f2d                              0x080005a1   Thumb Code    38  f2d.o(.text)
    __aeabi_d2f                              0x080005c7   Thumb Code    56  d2f.o(.text)
    __aeabi_llsl                             0x080005ff   Thumb Code    30  llshl.o(.text)
    _ll_shift_l                              0x080005ff   Thumb Code     0  llshl.o(.text)
    __aeabi_llsr                             0x0800061d   Thumb Code    32  llushr.o(.text)
    _ll_ushift_r                             0x0800061d   Thumb Code     0  llushr.o(.text)
    __aeabi_lasr                             0x0800063d   Thumb Code    36  llsshr.o(.text)
    _ll_sshift_r                             0x0800063d   Thumb Code     0  llsshr.o(.text)
    __I$use$fp                               0x08000661   Thumb Code     0  iusefp.o(.text)
    _float_round                             0x08000661   Thumb Code    18  fepilogue.o(.text)
    _float_epilogue                          0x08000673   Thumb Code    92  fepilogue.o(.text)
    _double_round                            0x080006cf   Thumb Code    30  depilogue.o(.text)
    _double_epilogue                         0x080006ed   Thumb Code   156  depilogue.o(.text)
    __ARM_scalbn                             0x08000789   Thumb Code    46  dscalb.o(.text)
    scalbn                                   0x08000789   Thumb Code     0  dscalb.o(.text)
    _dsqrt                                   0x080007b7   Thumb Code   162  dsqrt.o(.text)
    __aeabi_cdrcmple                         0x08000859   Thumb Code    48  cdrcmple.o(.text)
    __scatterload                            0x08000889   Thumb Code    28  init.o(.text)
    __scatterload_rt2                        0x08000889   Thumb Code     0  init.o(.text)
    BusFault_Handler                         0x080008ad   Thumb Code     2  stm32f4xx_it.o(i.BusFault_Handler)
    CAN1_RX0_IRQHandler                      0x080008b1   Thumb Code     6  stm32f4xx_it.o(i.CAN1_RX0_IRQHandler)
    CANFilterInit                            0x080008bd   Thumb Code    78  wtr_can.o(i.CANFilterInit)
    CanDataDecode                            0x0800090d   Thumb Code    12  wtr_can.o(i.CanDataDecode)
    CanTransmit_DJI_1234                     0x0800091d   Thumb Code    96  dji.o(i.CanTransmit_DJI_1234)
    DJI_CanMsgDecode                         0x08000981   Thumb Code    52  dji.o(i.DJI_CanMsgDecode)
    DJI_Init                                 0x080009b9   Thumb Code   108  dji.o(i.DJI_Init)
    DJI_Update                               0x08000a45   Thumb Code   186  dji.o(i.DJI_Update)
    DMA2_Stream1_IRQHandler                  0x08000b0d   Thumb Code     6  stm32f4xx_it.o(i.DMA2_Stream1_IRQHandler)
    DebugMon_Handler                         0x08000bbd   Thumb Code     2  stm32f4xx_it.o(i.DebugMon_Handler)
    Error_Handler                            0x08000bbf   Thumb Code     4  main.o(i.Error_Handler)
    HAL_CAN_ActivateNotification             0x08000bc3   Thumb Code    36  stm32f4xx_hal_can.o(i.HAL_CAN_ActivateNotification)
    HAL_CAN_AddTxMessage                     0x08000be7   Thumb Code   220  stm32f4xx_hal_can.o(i.HAL_CAN_AddTxMessage)
    HAL_CAN_ConfigFilter                     0x08000cc5   Thumb Code   262  stm32f4xx_hal_can.o(i.HAL_CAN_ConfigFilter)
    HAL_CAN_ErrorCallback                    0x08000dd1   Thumb Code     2  stm32f4xx_hal_can.o(i.HAL_CAN_ErrorCallback)
    HAL_CAN_GetRxMessage                     0x08000dd3   Thumb Code   232  stm32f4xx_hal_can.o(i.HAL_CAN_GetRxMessage)
    HAL_CAN_GetTxMailboxesFreeLevel          0x08000ebb   Thumb Code    44  stm32f4xx_hal_can.o(i.HAL_CAN_GetTxMailboxesFreeLevel)
    HAL_CAN_IRQHandler                       0x08000ee7   Thumb Code   508  stm32f4xx_hal_can.o(i.HAL_CAN_IRQHandler)
    HAL_CAN_Init                             0x080010e3   Thumb Code   282  stm32f4xx_hal_can.o(i.HAL_CAN_Init)
    HAL_CAN_MspInit                          0x080011fd   Thumb Code   110  can.o(i.HAL_CAN_MspInit)
    HAL_CAN_RxFifo0FullCallback              0x08001279   Thumb Code     2  stm32f4xx_hal_can.o(i.HAL_CAN_RxFifo0FullCallback)
    HAL_CAN_RxFifo0MsgPendingCallback        0x0800127d   Thumb Code    56  wtr_can.o(i.HAL_CAN_RxFifo0MsgPendingCallback)
    HAL_CAN_RxFifo1FullCallback              0x080012bd   Thumb Code     2  stm32f4xx_hal_can.o(i.HAL_CAN_RxFifo1FullCallback)
    HAL_CAN_RxFifo1MsgPendingCallback        0x080012bf   Thumb Code     2  stm32f4xx_hal_can.o(i.HAL_CAN_RxFifo1MsgPendingCallback)
    HAL_CAN_SleepCallback                    0x080012c1   Thumb Code     2  stm32f4xx_hal_can.o(i.HAL_CAN_SleepCallback)
    HAL_CAN_Start                            0x080012c5   Thumb Code    88  stm32f4xx_hal_can.o(i.HAL_CAN_Start)
    HAL_CAN_TxMailbox0AbortCallback          0x0800131d   Thumb Code     2  stm32f4xx_hal_can.o(i.HAL_CAN_TxMailbox0AbortCallback)
    HAL_CAN_TxMailbox0CompleteCallback       0x0800131f   Thumb Code     2  stm32f4xx_hal_can.o(i.HAL_CAN_TxMailbox0CompleteCallback)
    HAL_CAN_TxMailbox1AbortCallback          0x08001321   Thumb Code     2  stm32f4xx_hal_can.o(i.HAL_CAN_TxMailbox1AbortCallback)
    HAL_CAN_TxMailbox1CompleteCallback       0x08001323   Thumb Code     2  stm32f4xx_hal_can.o(i.HAL_CAN_TxMailbox1CompleteCallback)
    HAL_CAN_TxMailbox2AbortCallback          0x08001325   Thumb Code     2  stm32f4xx_hal_can.o(i.HAL_CAN_TxMailbox2AbortCallback)
    HAL_CAN_TxMailbox2CompleteCallback       0x08001327   Thumb Code     2  stm32f4xx_hal_can.o(i.HAL_CAN_TxMailbox2CompleteCallback)
    HAL_CAN_WakeUpFromRxMsgCallback          0x08001329   Thumb Code     2  stm32f4xx_hal_can.o(i.HAL_CAN_WakeUpFromRxMsgCallback)
    HAL_DMA_Abort_IT                         0x0800132b   Thumb Code    36  stm32f4xx_hal_dma.o(i.HAL_DMA_Abort_IT)
    HAL_DMA_IRQHandler                       0x08001351   Thumb Code   412  stm32f4xx_hal_dma.o(i.HAL_DMA_IRQHandler)
    HAL_DMA_Init                             0x080014f1   Thumb Code   206  stm32f4xx_hal_dma.o(i.HAL_DMA_Init)
    HAL_DMA_Start_IT                         0x080015c5   Thumb Code   110  stm32f4xx_hal_dma.o(i.HAL_DMA_Start_IT)
    HAL_Delay                                0x08001635   Thumb Code    32  stm32f4xx_hal.o(i.HAL_Delay)
    HAL_GPIO_Init                            0x08001659   Thumb Code   394  stm32f4xx_hal_gpio.o(i.HAL_GPIO_Init)
    HAL_GPIO_WritePin                        0x08001811   Thumb Code    10  stm32f4xx_hal_gpio.o(i.HAL_GPIO_WritePin)
    HAL_GetTick                              0x0800181d   Thumb Code     6  stm32f4xx_hal.o(i.HAL_GetTick)
    HAL_IncTick                              0x08001829   Thumb Code    12  stm32f4xx_hal.o(i.HAL_IncTick)
    HAL_Init                                 0x08001839   Thumb Code    48  stm32f4xx_hal.o(i.HAL_Init)
    HAL_InitTick                             0x0800186d   Thumb Code    54  stm32f4xx_hal.o(i.HAL_InitTick)
    HAL_MspInit                              0x080018ad   Thumb Code    42  stm32f4xx_hal_msp.o(i.HAL_MspInit)
    HAL_NVIC_EnableIRQ                       0x080018dd   Thumb Code    26  stm32f4xx_hal_cortex.o(i.HAL_NVIC_EnableIRQ)
    HAL_NVIC_SetPriority                     0x080018f9   Thumb Code    60  stm32f4xx_hal_cortex.o(i.HAL_NVIC_SetPriority)
    HAL_NVIC_SetPriorityGrouping             0x08001939   Thumb Code    26  stm32f4xx_hal_cortex.o(i.HAL_NVIC_SetPriorityGrouping)
    HAL_RCC_ClockConfig                      0x0800195d   Thumb Code   288  stm32f4xx_hal_rcc.o(i.HAL_RCC_ClockConfig)
    HAL_RCC_GetPCLK1Freq                     0x08001a91   Thumb Code    20  stm32f4xx_hal_rcc.o(i.HAL_RCC_GetPCLK1Freq)
    HAL_RCC_GetPCLK2Freq                     0x08001ab1   Thumb Code    20  stm32f4xx_hal_rcc.o(i.HAL_RCC_GetPCLK2Freq)
    HAL_RCC_GetSysClockFreq                  0x08001ad1   Thumb Code    88  stm32f4xx_hal_rcc.o(i.HAL_RCC_GetSysClockFreq)
    HAL_RCC_OscConfig                        0x08001b31   Thumb Code   840  stm32f4xx_hal_rcc.o(i.HAL_RCC_OscConfig)
    HAL_SPI_Init                             0x08001e8d   Thumb Code   128  stm32f4xx_hal_spi.o(i.HAL_SPI_Init)
    HAL_SPI_MspInit                          0x08001f0d   Thumb Code    92  spi.o(i.HAL_SPI_MspInit)
    HAL_SYSTICK_Config                       0x08001f75   Thumb Code    40  stm32f4xx_hal_cortex.o(i.HAL_SYSTICK_Config)
    HAL_TIMEx_BreakCallback                  0x08001f9d   Thumb Code     2  stm32f4xx_hal_tim_ex.o(i.HAL_TIMEx_BreakCallback)
    HAL_TIMEx_CommutCallback                 0x08001f9f   Thumb Code     2  stm32f4xx_hal_tim_ex.o(i.HAL_TIMEx_CommutCallback)
    HAL_TIMEx_MasterConfigSynchronization    0x08001fa1   Thumb Code   116  stm32f4xx_hal_tim_ex.o(i.HAL_TIMEx_MasterConfigSynchronization)
    HAL_TIM_Base_Init                        0x08002031   Thumb Code    54  stm32f4xx_hal_tim.o(i.HAL_TIM_Base_Init)
    HAL_TIM_Base_MspInit                     0x08002069   Thumb Code    86  tim.o(i.HAL_TIM_Base_MspInit)
    HAL_TIM_Base_Start_IT                    0x080020cd   Thumb Code    34  stm32f4xx_hal_tim.o(i.HAL_TIM_Base_Start_IT)
    HAL_TIM_ConfigClockSource                0x080020ef   Thumb Code   214  stm32f4xx_hal_tim.o(i.HAL_TIM_ConfigClockSource)
    HAL_TIM_IC_CaptureCallback               0x080021c5   Thumb Code     2  stm32f4xx_hal_tim.o(i.HAL_TIM_IC_CaptureCallback)
    HAL_TIM_IRQHandler                       0x080021c7   Thumb Code   358  stm32f4xx_hal_tim.o(i.HAL_TIM_IRQHandler)
    HAL_TIM_OC_DelayElapsedCallback          0x0800232d   Thumb Code     2  stm32f4xx_hal_tim.o(i.HAL_TIM_OC_DelayElapsedCallback)
    HAL_TIM_PWM_PulseFinishedCallback        0x0800232f   Thumb Code     2  stm32f4xx_hal_tim.o(i.HAL_TIM_PWM_PulseFinishedCallback)
    HAL_TIM_PeriodElapsedCallback            0x08002331   Thumb Code    16  main.o(i.HAL_TIM_PeriodElapsedCallback)
    HAL_TIM_TriggerCallback                  0x08002349   Thumb Code     2  stm32f4xx_hal_tim.o(i.HAL_TIM_TriggerCallback)
    HAL_UART_ErrorCallback                   0x0800234b   Thumb Code     2  stm32f4xx_hal_uart.o(i.HAL_UART_ErrorCallback)
    HAL_UART_IRQHandler                      0x0800234d   Thumb Code   270  stm32f4xx_hal_uart.o(i.HAL_UART_IRQHandler)
    HAL_UART_Init                            0x08002461   Thumb Code    98  stm32f4xx_hal_uart.o(i.HAL_UART_Init)
    HAL_UART_MspInit                         0x080024c5   Thumb Code   212  usart.o(i.HAL_UART_MspInit)
    HAL_UART_Receive_DMA                     0x080025b5   Thumb Code   138  stm32f4xx_hal_uart.o(i.HAL_UART_Receive_DMA)
    HAL_UART_RxCpltCallback                  0x0800264d   Thumb Code    22  main.o(i.HAL_UART_RxCpltCallback)
    HAL_UART_RxHalfCpltCallback              0x0800266d   Thumb Code     2  stm32f4xx_hal_uart.o(i.HAL_UART_RxHalfCpltCallback)
    HAL_UART_Transmit                        0x0800266f   Thumb Code   186  stm32f4xx_hal_uart.o(i.HAL_UART_Transmit)
    HAL_UART_TxCpltCallback                  0x08002729   Thumb Code     2  stm32f4xx_hal_uart.o(i.HAL_UART_TxCpltCallback)
    HardFault_Handler                        0x0800272b   Thumb Code     2  stm32f4xx_it.o(i.HardFault_Handler)
    Kine_Init                                0x0800272d   Thumb Code   358  omni.o(i.Kine_Init)
    Kine_SetSpeed                            0x080028b1   Thumb Code   140  omni.o(i.Kine_SetSpeed)
    Kine_SetSpeed_40                         0x08002941   Thumb Code   158  omni.o(i.Kine_SetSpeed_40)
    Kine_SetSpeed_41                         0x080029f5   Thumb Code   158  omni.o(i.Kine_SetSpeed_41)
    Kine_SetSpeed_42                         0x08002aa9   Thumb Code   158  omni.o(i.Kine_SetSpeed_42)
    Kine_SetSpeed_43                         0x08002b5d   Thumb Code   158  omni.o(i.Kine_SetSpeed_43)
    MX_CAN1_Init                             0x08002c11   Thumb Code    56  can.o(i.MX_CAN1_Init)
    MX_DMA_Init                              0x08002c51   Thumb Code    40  dma.o(i.MX_DMA_Init)
    MX_GPIO_Init                             0x08002c7d   Thumb Code   164  gpio.o(i.MX_GPIO_Init)
    MX_SPI1_Init                             0x08002d29   Thumb Code    60  spi.o(i.MX_SPI1_Init)
    MX_TIM4_Init                             0x08002d6d   Thumb Code    96  tim.o(i.MX_TIM4_Init)
    MX_TIM5_Init                             0x08002dd5   Thumb Code    96  tim.o(i.MX_TIM5_Init)
    MX_USART1_UART_Init                      0x08002e3d   Thumb Code    48  usart.o(i.MX_USART1_UART_Init)
    MX_USART6_UART_Init                      0x08002e75   Thumb Code    48  usart.o(i.MX_USART6_UART_Init)
    MemManage_Handler                        0x08002ead   Thumb Code     2  stm32f4xx_it.o(i.MemManage_Handler)
    NMI_Handler                              0x08002eaf   Thumb Code     2  stm32f4xx_it.o(i.NMI_Handler)
    PID_Calc                                 0x08002eb1   Thumb Code   130  caculate.o(i.PID_Calc)
    PendSV_Handler                           0x08002f33   Thumb Code     2  stm32f4xx_it.o(i.PendSV_Handler)
    SVC_Handler                              0x08002f35   Thumb Code     2  stm32f4xx_it.o(i.SVC_Handler)
    SysTick_Handler                          0x08002f37   Thumb Code     4  stm32f4xx_it.o(i.SysTick_Handler)
    SystemClock_Config                       0x08002f3d   Thumb Code   138  main.o(i.SystemClock_Config)
    SystemInit                               0x08002fd1   Thumb Code    22  system_stm32f4xx.o(i.SystemInit)
    TIM4_IRQHandler                          0x08002fed   Thumb Code     6  stm32f4xx_it.o(i.TIM4_IRQHandler)
    TIM5_IRQHandler                          0x08002ff9   Thumb Code     6  stm32f4xx_it.o(i.TIM5_IRQHandler)
    TIM_Base_SetConfig                       0x08003005   Thumb Code   156  stm32f4xx_hal_tim.o(i.TIM_Base_SetConfig)
    TIM_ETR_SetConfig                        0x080030cd   Thumb Code    20  stm32f4xx_hal_tim.o(i.TIM_ETR_SetConfig)
    USART6_IRQHandler                        0x0800348d   Thumb Code     6  stm32f4xx_it.o(i.USART6_IRQHandler)
    UsageFault_Handler                       0x08003499   Thumb Code     2  stm32f4xx_it.o(i.UsageFault_Handler)
    __ARM_fpclassify                         0x0800349b   Thumb Code    48  fpclassify.o(i.__ARM_fpclassify)
    __hardfp_pow                             0x080034f1   Thumb Code  3072  pow.o(i.__hardfp_pow)
    __hardfp_sqrt                            0x08004141   Thumb Code   122  sqrt.o(i.__hardfp_sqrt)
    __kernel_poly                            0x080041bb   Thumb Code   248  poly.o(i.__kernel_poly)
    __mathlib_dbl_divzero                    0x080042b9   Thumb Code    28  dunder.o(i.__mathlib_dbl_divzero)
    __mathlib_dbl_infnan2                    0x080042e9   Thumb Code    20  dunder.o(i.__mathlib_dbl_infnan2)
    __mathlib_dbl_invalid                    0x08004301   Thumb Code    24  dunder.o(i.__mathlib_dbl_invalid)
    __mathlib_dbl_overflow                   0x08004321   Thumb Code    24  dunder.o(i.__mathlib_dbl_overflow)
    __mathlib_dbl_underflow                  0x08004341   Thumb Code    24  dunder.o(i.__mathlib_dbl_underflow)
    __scatterload_copy                       0x08004361   Thumb Code    14  handlers.o(i.__scatterload_copy)
    __scatterload_null                       0x0800436f   Thumb Code     2  handlers.o(i.__scatterload_null)
    __scatterload_zeroinit                   0x08004371   Thumb Code    14  handlers.o(i.__scatterload_zeroinit)
    __set_errno                              0x08004381   Thumb Code     6  errno.o(i.__set_errno)
    fabs                                     0x0800438d   Thumb Code    24  fabs.o(i.fabs)
    get_dji_offset                           0x080043a5   Thumb Code    46  dji.o(i.get_dji_offset)
    main                                     0x080043d9   Thumb Code   518  main.o(i.main)
    nrf_Transmit_init                        0x08004649   Thumb Code    12  nrf_com.o(i.nrf_Transmit_init)
    nrf_decode                               0x08004659   Thumb Code   120  nrf_com.o(i.nrf_decode)
    nrf_receive_init                         0x080046d9   Thumb Code    10  nrf_com.o(i.nrf_receive_init)
    send                                     0x080046ed   Thumb Code    12  nrf_com.o(i.send)
    speedServo                               0x08004701   Thumb Code    18  caculate.o(i.speedServo)
    sqrt                                     0x08004713   Thumb Code   110  sqrt.o(i.sqrt)
    AHBPrescTable                            0x08004788   Data          16  system_stm32f4xx.o(.constdata)
    APBPrescTable                            0x08004798   Data           8  system_stm32f4xx.o(.constdata)
    __mathlib_zero                           0x08004828   Data           8  qnan.o(.constdata)
    Region$$Table$$Base                      0x08004830   Number         0  anon$$obj.o(Region$$Table)
    Region$$Table$$Limit                     0x08004850   Number         0  anon$$obj.o(Region$$Table)
    time                                     0x20000000   Data           4  main.o(.data)
    ifRecv                                   0x20000004   Data           4  main.o(.data)
    robot_vx                                 0x20000008   Data           8  main.o(.data)
    robot_vy                                 0x20000010   Data           8  main.o(.data)
    robot_rot                                0x20000018   Data           8  main.o(.data)
    uwTickFreq                               0x20000020   Data           1  stm32f4xx_hal.o(.data)
    uwTickPrio                               0x20000024   Data           4  stm32f4xx_hal.o(.data)
    uwTick                                   0x20000028   Data           4  stm32f4xx_hal.o(.data)
    SystemCoreClock                          0x2000002c   Data           4  system_stm32f4xx.o(.data)
    button_A                                 0x20000030   Data           1  nrf_com.o(.data)
    button_B                                 0x20000031   Data           1  nrf_com.o(.data)
    button_C                                 0x20000032   Data           1  nrf_com.o(.data)
    button_D                                 0x20000033   Data           1  nrf_com.o(.data)
    button_E                                 0x20000034   Data           1  nrf_com.o(.data)
    button_F                                 0x20000035   Data           1  nrf_com.o(.data)
    button_G                                 0x20000036   Data           1  nrf_com.o(.data)
    button_H                                 0x20000037   Data           1  nrf_com.o(.data)
    Leftx                                    0x20000038   Data           4  nrf_com.o(.data)
    Lefty                                    0x2000003c   Data           4  nrf_com.o(.data)
    Rightx                                   0x20000040   Data           4  nrf_com.o(.data)
    Righty                                   0x20000044   Data           4  nrf_com.o(.data)
    CanReceiveData                           0x2000004c   Data           8  wtr_can.o(.data)
    hcan1                                    0x20000058   Data          40  can.o(.bss)
    hspi1                                    0x20000080   Data          88  spi.o(.bss)
    htim4                                    0x200000d8   Data          64  tim.o(.bss)
    htim5                                    0x20000118   Data          64  tim.o(.bss)
    huart1                                   0x20000158   Data          64  usart.o(.bss)
    huart6                                   0x20000198   Data          64  usart.o(.bss)
    hdma_usart6_rx                           0x200001d8   Data          96  usart.o(.bss)
    wheel                                    0x20000238   Data          96  omni.o(.bss)
    wheel_3                                  0x20000298   Data          72  omni.o(.bss)
    r                                        0x200002e0   Data          32  omni.o(.bss)
    r_3                                      0x20000300   Data          24  omni.o(.bss)
    nrfDataBag                               0x20000318   Data          26  nrf_com.o(.bss)
    nrfReceive                               0x20000332   Data          52  nrf_com.o(.bss)
    hDJI                                     0x20000368   Data        1152  dji.o(.bss)
    __initial_sp                             0x20000be8   Data           0  startup_stm32f407xx.o(STACK)



==============================================================================

Memory Map of the image

  Image Entry point : 0x08000189

  Load Region LR_IROM1 (Base: 0x08000000, Size: 0x000048a8, Max: 0x00080000, ABSOLUTE)

    Execution Region ER_IROM1 (Exec base: 0x08000000, Load base: 0x08000000, Size: 0x00004850, Max: 0x00080000, ABSOLUTE)

    Exec Addr    Load Addr    Size         Type   Attr      Idx    E Section Name        Object

    0x08000000   0x08000000   0x00000188   Data   RO            3    RESET               startup_stm32f407xx.o
    0x08000188   0x08000188   0x00000000   Code   RO         3869  * .ARM.Collect$$$$00000000  mc_w.l(entry.o)
    0x08000188   0x08000188   0x00000004   Code   RO         3917    .ARM.Collect$$$$00000001  mc_w.l(entry2.o)
    0x0800018c   0x0800018c   0x00000004   Code   RO         3920    .ARM.Collect$$$$00000004  mc_w.l(entry5.o)
    0x08000190   0x08000190   0x00000000   Code   RO         3922    .ARM.Collect$$$$00000008  mc_w.l(entry7b.o)
    0x08000190   0x08000190   0x00000000   Code   RO         3924    .ARM.Collect$$$$0000000A  mc_w.l(entry8b.o)
    0x08000190   0x08000190   0x00000008   Code   RO         3925    .ARM.Collect$$$$0000000B  mc_w.l(entry9a.o)
    0x08000198   0x08000198   0x00000004   Code   RO         3932    .ARM.Collect$$$$0000000E  mc_w.l(entry12b.o)
    0x0800019c   0x0800019c   0x00000000   Code   RO         3927    .ARM.Collect$$$$0000000F  mc_w.l(entry10a.o)
    0x0800019c   0x0800019c   0x00000000   Code   RO         3929    .ARM.Collect$$$$00000011  mc_w.l(entry11a.o)
    0x0800019c   0x0800019c   0x00000004   Code   RO         3918    .ARM.Collect$$$$00002712  mc_w.l(entry2.o)
    0x080001a0   0x080001a0   0x00000024   Code   RO            4    .text               startup_stm32f407xx.o
    0x080001c4   0x080001c4   0x00000062   Code   RO         3872    .text               mc_w.l(uldiv.o)
    0x08000226   0x08000226   0x00000024   Code   RO         3874    .text               mc_w.l(memcpya.o)
    0x0800024a   0x0800024a   0x00000024   Code   RO         3876    .text               mc_w.l(memseta.o)
    0x0800026e   0x0800026e   0x0000014e   Code   RO         3880    .text               mf_w.l(dadd.o)
    0x080003bc   0x080003bc   0x000000e4   Code   RO         3882    .text               mf_w.l(dmul.o)
    0x080004a0   0x080004a0   0x000000de   Code   RO         3884    .text               mf_w.l(ddiv.o)
    0x0800057e   0x0800057e   0x00000022   Code   RO         3886    .text               mf_w.l(dflti.o)
    0x080005a0   0x080005a0   0x00000026   Code   RO         3888    .text               mf_w.l(f2d.o)
    0x080005c6   0x080005c6   0x00000038   Code   RO         3890    .text               mf_w.l(d2f.o)
    0x080005fe   0x080005fe   0x0000001e   Code   RO         3933    .text               mc_w.l(llshl.o)
    0x0800061c   0x0800061c   0x00000020   Code   RO         3935    .text               mc_w.l(llushr.o)
    0x0800063c   0x0800063c   0x00000024   Code   RO         3937    .text               mc_w.l(llsshr.o)
    0x08000660   0x08000660   0x00000000   Code   RO         3946    .text               mc_w.l(iusefp.o)
    0x08000660   0x08000660   0x0000006e   Code   RO         3947    .text               mf_w.l(fepilogue.o)
    0x080006ce   0x080006ce   0x000000ba   Code   RO         3949    .text               mf_w.l(depilogue.o)
    0x08000788   0x08000788   0x0000002e   Code   RO         3953    .text               mf_w.l(dscalb.o)
    0x080007b6   0x080007b6   0x000000a2   Code   RO         3955    .text               mf_w.l(dsqrt.o)
    0x08000858   0x08000858   0x00000030   Code   RO         3959    .text               mf_w.l(cdrcmple.o)
    0x08000888   0x08000888   0x00000024   Code   RO         3961    .text               mc_w.l(init.o)
    0x080008ac   0x080008ac   0x00000002   Code   RO          435    i.BusFault_Handler  stm32f4xx_it.o
    0x080008ae   0x080008ae   0x00000002   PAD
    0x080008b0   0x080008b0   0x0000000c   Code   RO          436    i.CAN1_RX0_IRQHandler  stm32f4xx_it.o
    0x080008bc   0x080008bc   0x0000004e   Code   RO         3773    i.CANFilterInit     wtr_can.o
    0x0800090a   0x0800090a   0x00000002   PAD
    0x0800090c   0x0800090c   0x00000010   Code   RO         3774    i.CanDataDecode     wtr_can.o
    0x0800091c   0x0800091c   0x00000064   Code   RO         3712    i.CanTransmit_DJI_1234  dji.o
    0x08000980   0x08000980   0x00000038   Code   RO         3714    i.DJI_CanMsgDecode  dji.o
    0x080009b8   0x080009b8   0x0000008c   Code   RO         3715    i.DJI_Init          dji.o
    0x08000a44   0x08000a44   0x000000c8   Code   RO         3716    i.DJI_Update        dji.o
    0x08000b0c   0x08000b0c   0x0000000c   Code   RO          437    i.DMA2_Stream1_IRQHandler  stm32f4xx_it.o
    0x08000b18   0x08000b18   0x00000028   Code   RO         1258    i.DMA_CalcBaseAndBitshift  stm32f4xx_hal_dma.o
    0x08000b40   0x08000b40   0x00000054   Code   RO         1259    i.DMA_CheckFifoParam  stm32f4xx_hal_dma.o
    0x08000b94   0x08000b94   0x00000028   Code   RO         1260    i.DMA_SetConfig     stm32f4xx_hal_dma.o
    0x08000bbc   0x08000bbc   0x00000002   Code   RO          438    i.DebugMon_Handler  stm32f4xx_it.o
    0x08000bbe   0x08000bbe   0x00000004   Code   RO           13    i.Error_Handler     main.o
    0x08000bc2   0x08000bc2   0x00000024   Code   RO          566    i.HAL_CAN_ActivateNotification  stm32f4xx_hal_can.o
    0x08000be6   0x08000be6   0x000000dc   Code   RO          567    i.HAL_CAN_AddTxMessage  stm32f4xx_hal_can.o
    0x08000cc2   0x08000cc2   0x00000002   PAD
    0x08000cc4   0x08000cc4   0x0000010c   Code   RO          568    i.HAL_CAN_ConfigFilter  stm32f4xx_hal_can.o
    0x08000dd0   0x08000dd0   0x00000002   Code   RO          571    i.HAL_CAN_ErrorCallback  stm32f4xx_hal_can.o
    0x08000dd2   0x08000dd2   0x000000e8   Code   RO          574    i.HAL_CAN_GetRxMessage  stm32f4xx_hal_can.o
    0x08000eba   0x08000eba   0x0000002c   Code   RO          576    i.HAL_CAN_GetTxMailboxesFreeLevel  stm32f4xx_hal_can.o
    0x08000ee6   0x08000ee6   0x000001fc   Code   RO          578    i.HAL_CAN_IRQHandler  stm32f4xx_hal_can.o
    0x080010e2   0x080010e2   0x0000011a   Code   RO          579    i.HAL_CAN_Init      stm32f4xx_hal_can.o
    0x080011fc   0x080011fc   0x0000007c   Code   RO          232    i.HAL_CAN_MspInit   can.o
    0x08001278   0x08001278   0x00000002   Code   RO          586    i.HAL_CAN_RxFifo0FullCallback  stm32f4xx_hal_can.o
    0x0800127a   0x0800127a   0x00000002   PAD
    0x0800127c   0x0800127c   0x00000040   Code   RO         3775    i.HAL_CAN_RxFifo0MsgPendingCallback  wtr_can.o
    0x080012bc   0x080012bc   0x00000002   Code   RO          588    i.HAL_CAN_RxFifo1FullCallback  stm32f4xx_hal_can.o
    0x080012be   0x080012be   0x00000002   Code   RO          589    i.HAL_CAN_RxFifo1MsgPendingCallback  stm32f4xx_hal_can.o
    0x080012c0   0x080012c0   0x00000002   Code   RO          590    i.HAL_CAN_SleepCallback  stm32f4xx_hal_can.o
    0x080012c2   0x080012c2   0x00000002   PAD
    0x080012c4   0x080012c4   0x00000058   Code   RO          591    i.HAL_CAN_Start     stm32f4xx_hal_can.o
    0x0800131c   0x0800131c   0x00000002   Code   RO          593    i.HAL_CAN_TxMailbox0AbortCallback  stm32f4xx_hal_can.o
    0x0800131e   0x0800131e   0x00000002   Code   RO          594    i.HAL_CAN_TxMailbox0CompleteCallback  stm32f4xx_hal_can.o
    0x08001320   0x08001320   0x00000002   Code   RO          595    i.HAL_CAN_TxMailbox1AbortCallback  stm32f4xx_hal_can.o
    0x08001322   0x08001322   0x00000002   Code   RO          596    i.HAL_CAN_TxMailbox1CompleteCallback  stm32f4xx_hal_can.o
    0x08001324   0x08001324   0x00000002   Code   RO          597    i.HAL_CAN_TxMailbox2AbortCallback  stm32f4xx_hal_can.o
    0x08001326   0x08001326   0x00000002   Code   RO          598    i.HAL_CAN_TxMailbox2CompleteCallback  stm32f4xx_hal_can.o
    0x08001328   0x08001328   0x00000002   Code   RO          600    i.HAL_CAN_WakeUpFromRxMsgCallback  stm32f4xx_hal_can.o
    0x0800132a   0x0800132a   0x00000024   Code   RO         1262    i.HAL_DMA_Abort_IT  stm32f4xx_hal_dma.o
    0x0800134e   0x0800134e   0x00000002   PAD
    0x08001350   0x08001350   0x000001a0   Code   RO         1266    i.HAL_DMA_IRQHandler  stm32f4xx_hal_dma.o
    0x080014f0   0x080014f0   0x000000d4   Code   RO         1267    i.HAL_DMA_Init      stm32f4xx_hal_dma.o
    0x080015c4   0x080015c4   0x0000006e   Code   RO         1271    i.HAL_DMA_Start_IT  stm32f4xx_hal_dma.o
    0x08001632   0x08001632   0x00000002   PAD
    0x08001634   0x08001634   0x00000024   Code   RO         1680    i.HAL_Delay         stm32f4xx_hal.o
    0x08001658   0x08001658   0x000001b8   Code   RO         1154    i.HAL_GPIO_Init     stm32f4xx_hal_gpio.o
    0x08001810   0x08001810   0x0000000a   Code   RO         1158    i.HAL_GPIO_WritePin  stm32f4xx_hal_gpio.o
    0x0800181a   0x0800181a   0x00000002   PAD
    0x0800181c   0x0800181c   0x0000000c   Code   RO         1686    i.HAL_GetTick       stm32f4xx_hal.o
    0x08001828   0x08001828   0x00000010   Code   RO         1692    i.HAL_IncTick       stm32f4xx_hal.o
    0x08001838   0x08001838   0x00000034   Code   RO         1693    i.HAL_Init          stm32f4xx_hal.o
    0x0800186c   0x0800186c   0x00000040   Code   RO         1694    i.HAL_InitTick      stm32f4xx_hal.o
    0x080018ac   0x080018ac   0x00000030   Code   RO          541    i.HAL_MspInit       stm32f4xx_hal_msp.o
    0x080018dc   0x080018dc   0x0000001a   Code   RO         1543    i.HAL_NVIC_EnableIRQ  stm32f4xx_hal_cortex.o
    0x080018f6   0x080018f6   0x00000002   PAD
    0x080018f8   0x080018f8   0x00000040   Code   RO         1549    i.HAL_NVIC_SetPriority  stm32f4xx_hal_cortex.o
    0x08001938   0x08001938   0x00000024   Code   RO         1550    i.HAL_NVIC_SetPriorityGrouping  stm32f4xx_hal_cortex.o
    0x0800195c   0x0800195c   0x00000134   Code   RO          800    i.HAL_RCC_ClockConfig  stm32f4xx_hal_rcc.o
    0x08001a90   0x08001a90   0x00000020   Code   RO          807    i.HAL_RCC_GetPCLK1Freq  stm32f4xx_hal_rcc.o
    0x08001ab0   0x08001ab0   0x00000020   Code   RO          808    i.HAL_RCC_GetPCLK2Freq  stm32f4xx_hal_rcc.o
    0x08001ad0   0x08001ad0   0x00000060   Code   RO          809    i.HAL_RCC_GetSysClockFreq  stm32f4xx_hal_rcc.o
    0x08001b30   0x08001b30   0x0000035c   Code   RO          812    i.HAL_RCC_OscConfig  stm32f4xx_hal_rcc.o
    0x08001e8c   0x08001e8c   0x00000080   Code   RO         1942    i.HAL_SPI_Init      stm32f4xx_hal_spi.o
    0x08001f0c   0x08001f0c   0x00000068   Code   RO          298    i.HAL_SPI_MspInit   spi.o
    0x08001f74   0x08001f74   0x00000028   Code   RO         1554    i.HAL_SYSTICK_Config  stm32f4xx_hal_cortex.o
    0x08001f9c   0x08001f9c   0x00000002   Code   RO         2930    i.HAL_TIMEx_BreakCallback  stm32f4xx_hal_tim_ex.o
    0x08001f9e   0x08001f9e   0x00000002   Code   RO         2931    i.HAL_TIMEx_CommutCallback  stm32f4xx_hal_tim_ex.o
    0x08001fa0   0x08001fa0   0x00000090   Code   RO         2948    i.HAL_TIMEx_MasterConfigSynchronization  stm32f4xx_hal_tim_ex.o
    0x08002030   0x08002030   0x00000036   Code   RO         2255    i.HAL_TIM_Base_Init  stm32f4xx_hal_tim.o
    0x08002066   0x08002066   0x00000002   PAD
    0x08002068   0x08002068   0x00000064   Code   RO          340    i.HAL_TIM_Base_MspInit  tim.o
    0x080020cc   0x080020cc   0x00000022   Code   RO         2260    i.HAL_TIM_Base_Start_IT  stm32f4xx_hal_tim.o
    0x080020ee   0x080020ee   0x000000d6   Code   RO         2264    i.HAL_TIM_ConfigClockSource  stm32f4xx_hal_tim.o
    0x080021c4   0x080021c4   0x00000002   Code   RO         2284    i.HAL_TIM_IC_CaptureCallback  stm32f4xx_hal_tim.o
    0x080021c6   0x080021c6   0x00000166   Code   RO         2298    i.HAL_TIM_IRQHandler  stm32f4xx_hal_tim.o
    0x0800232c   0x0800232c   0x00000002   Code   RO         2301    i.HAL_TIM_OC_DelayElapsedCallback  stm32f4xx_hal_tim.o
    0x0800232e   0x0800232e   0x00000002   Code   RO         2328    i.HAL_TIM_PWM_PulseFinishedCallback  stm32f4xx_hal_tim.o
    0x08002330   0x08002330   0x00000018   Code   RO           14    i.HAL_TIM_PeriodElapsedCallback  main.o
    0x08002348   0x08002348   0x00000002   Code   RO         2341    i.HAL_TIM_TriggerCallback  stm32f4xx_hal_tim.o
    0x0800234a   0x0800234a   0x00000002   Code   RO         3202    i.HAL_UART_ErrorCallback  stm32f4xx_hal_uart.o
    0x0800234c   0x0800234c   0x00000114   Code   RO         3205    i.HAL_UART_IRQHandler  stm32f4xx_hal_uart.o
    0x08002460   0x08002460   0x00000062   Code   RO         3206    i.HAL_UART_Init     stm32f4xx_hal_uart.o
    0x080024c2   0x080024c2   0x00000002   PAD
    0x080024c4   0x080024c4   0x000000f0   Code   RO          388    i.HAL_UART_MspInit  usart.o
    0x080025b4   0x080025b4   0x00000098   Code   RO         3210    i.HAL_UART_Receive_DMA  stm32f4xx_hal_uart.o
    0x0800264c   0x0800264c   0x00000020   Code   RO           15    i.HAL_UART_RxCpltCallback  main.o
    0x0800266c   0x0800266c   0x00000002   Code   RO         3213    i.HAL_UART_RxHalfCpltCallback  stm32f4xx_hal_uart.o
    0x0800266e   0x0800266e   0x000000ba   Code   RO         3214    i.HAL_UART_Transmit  stm32f4xx_hal_uart.o
    0x08002728   0x08002728   0x00000002   Code   RO         3217    i.HAL_UART_TxCpltCallback  stm32f4xx_hal_uart.o
    0x0800272a   0x0800272a   0x00000002   Code   RO          439    i.HardFault_Handler  stm32f4xx_it.o
    0x0800272c   0x0800272c   0x00000184   Code   RO         3542    i.Kine_Init         omni.o
    0x080028b0   0x080028b0   0x00000090   Code   RO         3543    i.Kine_SetSpeed     omni.o
    0x08002940   0x08002940   0x000000b4   Code   RO         3548    i.Kine_SetSpeed_40  omni.o
    0x080029f4   0x080029f4   0x000000b4   Code   RO         3549    i.Kine_SetSpeed_41  omni.o
    0x08002aa8   0x08002aa8   0x000000b4   Code   RO         3550    i.Kine_SetSpeed_42  omni.o
    0x08002b5c   0x08002b5c   0x000000b4   Code   RO         3551    i.Kine_SetSpeed_43  omni.o
    0x08002c10   0x08002c10   0x00000040   Code   RO          233    i.MX_CAN1_Init      can.o
    0x08002c50   0x08002c50   0x0000002c   Code   RO          273    i.MX_DMA_Init       dma.o
    0x08002c7c   0x08002c7c   0x000000ac   Code   RO          207    i.MX_GPIO_Init      gpio.o
    0x08002d28   0x08002d28   0x00000044   Code   RO          299    i.MX_SPI1_Init      spi.o
    0x08002d6c   0x08002d6c   0x00000068   Code   RO          341    i.MX_TIM4_Init      tim.o
    0x08002dd4   0x08002dd4   0x00000068   Code   RO          342    i.MX_TIM5_Init      tim.o
    0x08002e3c   0x08002e3c   0x00000038   Code   RO          389    i.MX_USART1_UART_Init  usart.o
    0x08002e74   0x08002e74   0x00000038   Code   RO          390    i.MX_USART6_UART_Init  usart.o
    0x08002eac   0x08002eac   0x00000002   Code   RO          440    i.MemManage_Handler  stm32f4xx_it.o
    0x08002eae   0x08002eae   0x00000002   Code   RO          441    i.NMI_Handler       stm32f4xx_it.o
    0x08002eb0   0x08002eb0   0x00000082   Code   RO         3670    i.PID_Calc          caculate.o
    0x08002f32   0x08002f32   0x00000002   Code   RO          442    i.PendSV_Handler    stm32f4xx_it.o
    0x08002f34   0x08002f34   0x00000002   Code   RO          443    i.SVC_Handler       stm32f4xx_it.o
    0x08002f36   0x08002f36   0x00000004   Code   RO          444    i.SysTick_Handler   stm32f4xx_it.o
    0x08002f3a   0x08002f3a   0x00000002   PAD
    0x08002f3c   0x08002f3c   0x00000094   Code   RO           16    i.SystemClock_Config  main.o
    0x08002fd0   0x08002fd0   0x0000001c   Code   RO         3508    i.SystemInit        system_stm32f4xx.o
    0x08002fec   0x08002fec   0x0000000c   Code   RO          445    i.TIM4_IRQHandler   stm32f4xx_it.o
    0x08002ff8   0x08002ff8   0x0000000c   Code   RO          446    i.TIM5_IRQHandler   stm32f4xx_it.o
    0x08003004   0x08003004   0x000000c8   Code   RO         2343    i.TIM_Base_SetConfig  stm32f4xx_hal_tim.o
    0x080030cc   0x080030cc   0x00000014   Code   RO         2354    i.TIM_ETR_SetConfig  stm32f4xx_hal_tim.o
    0x080030e0   0x080030e0   0x00000010   Code   RO         2355    i.TIM_ITRx_SetConfig  stm32f4xx_hal_tim.o
    0x080030f0   0x080030f0   0x00000022   Code   RO         2361    i.TIM_TI1_ConfigInputStage  stm32f4xx_hal_tim.o
    0x08003112   0x08003112   0x00000024   Code   RO         2363    i.TIM_TI2_ConfigInputStage  stm32f4xx_hal_tim.o
    0x08003136   0x08003136   0x00000010   Code   RO         3219    i.UART_DMAAbortOnError  stm32f4xx_hal_uart.o
    0x08003146   0x08003146   0x0000004a   Code   RO         3220    i.UART_DMAError     stm32f4xx_hal_uart.o
    0x08003190   0x08003190   0x0000003c   Code   RO         3221    i.UART_DMAReceiveCplt  stm32f4xx_hal_uart.o
    0x080031cc   0x080031cc   0x0000000a   Code   RO         3223    i.UART_DMARxHalfCplt  stm32f4xx_hal_uart.o
    0x080031d6   0x080031d6   0x0000001c   Code   RO         3229    i.UART_EndRxTransfer  stm32f4xx_hal_uart.o
    0x080031f2   0x080031f2   0x00000012   Code   RO         3230    i.UART_EndTxTransfer  stm32f4xx_hal_uart.o
    0x08003204   0x08003204   0x00000096   Code   RO         3231    i.UART_Receive_IT   stm32f4xx_hal_uart.o
    0x0800329a   0x0800329a   0x00000002   PAD
    0x0800329c   0x0800329c   0x00000128   Code   RO         3232    i.UART_SetConfig    stm32f4xx_hal_uart.o
    0x080033c4   0x080033c4   0x00000062   Code   RO         3233    i.UART_Transmit_IT  stm32f4xx_hal_uart.o
    0x08003426   0x08003426   0x00000064   Code   RO         3234    i.UART_WaitOnFlagUntilTimeout  stm32f4xx_hal_uart.o
    0x0800348a   0x0800348a   0x00000002   PAD
    0x0800348c   0x0800348c   0x0000000c   Code   RO          447    i.USART6_IRQHandler  stm32f4xx_it.o
    0x08003498   0x08003498   0x00000002   Code   RO          448    i.UsageFault_Handler  stm32f4xx_it.o
    0x0800349a   0x0800349a   0x00000030   Code   RO         3912    i.__ARM_fpclassify  m_wm.l(fpclassify.o)
    0x080034ca   0x080034ca   0x00000020   Code   RO         1556    i.__NVIC_SetPriority  stm32f4xx_hal_cortex.o
    0x080034ea   0x080034ea   0x00000006   PAD
    0x080034f0   0x080034f0   0x00000c50   Code   RO         3843    i.__hardfp_pow      m_wm.l(pow.o)
    0x08004140   0x08004140   0x0000007a   Code   RO         3857    i.__hardfp_sqrt     m_wm.l(sqrt.o)
    0x080041ba   0x080041ba   0x000000f8   Code   RO         3914    i.__kernel_poly     m_wm.l(poly.o)
    0x080042b2   0x080042b2   0x00000006   PAD
    0x080042b8   0x080042b8   0x00000030   Code   RO         3892    i.__mathlib_dbl_divzero  m_wm.l(dunder.o)
    0x080042e8   0x080042e8   0x00000014   Code   RO         3894    i.__mathlib_dbl_infnan2  m_wm.l(dunder.o)
    0x080042fc   0x080042fc   0x00000004   PAD
    0x08004300   0x08004300   0x00000020   Code   RO         3895    i.__mathlib_dbl_invalid  m_wm.l(dunder.o)
    0x08004320   0x08004320   0x00000020   Code   RO         3896    i.__mathlib_dbl_overflow  m_wm.l(dunder.o)
    0x08004340   0x08004340   0x00000020   Code   RO         3898    i.__mathlib_dbl_underflow  m_wm.l(dunder.o)
    0x08004360   0x08004360   0x0000000e   Code   RO         3965    i.__scatterload_copy  mc_w.l(handlers.o)
    0x0800436e   0x0800436e   0x00000002   Code   RO         3966    i.__scatterload_null  mc_w.l(handlers.o)
    0x08004370   0x08004370   0x0000000e   Code   RO         3967    i.__scatterload_zeroinit  mc_w.l(handlers.o)
    0x0800437e   0x0800437e   0x00000002   PAD
    0x08004380   0x08004380   0x0000000c   Code   RO         3941    i.__set_errno       mc_w.l(errno.o)
    0x0800438c   0x0800438c   0x00000018   Code   RO         3908    i.fabs              m_wm.l(fabs.o)
    0x080043a4   0x080043a4   0x00000034   Code   RO         3717    i.get_dji_offset    dji.o
    0x080043d8   0x080043d8   0x00000270   Code   RO           17    i.main              main.o
    0x08004648   0x08004648   0x00000010   Code   RO         3621    i.nrf_Transmit_init  nrf_com.o
    0x08004658   0x08004658   0x00000080   Code   RO         3622    i.nrf_decode        nrf_com.o
    0x080046d8   0x080046d8   0x00000014   Code   RO         3623    i.nrf_receive_init  nrf_com.o
    0x080046ec   0x080046ec   0x00000014   Code   RO         3624    i.send              nrf_com.o
    0x08004700   0x08004700   0x00000012   Code   RO         3673    i.speedServo        caculate.o
    0x08004712   0x08004712   0x0000006e   Code   RO         3859    i.sqrt              m_wm.l(sqrt.o)
    0x08004780   0x08004780   0x00000008   Data   RO         1273    .constdata          stm32f4xx_hal_dma.o
    0x08004788   0x08004788   0x00000010   Data   RO         3509    .constdata          system_stm32f4xx.o
    0x08004798   0x08004798   0x00000008   Data   RO         3510    .constdata          system_stm32f4xx.o
    0x080047a0   0x080047a0   0x00000088   Data   RO         3846    .constdata          m_wm.l(pow.o)
    0x08004828   0x08004828   0x00000008   Data   RO         3916    .constdata          m_wm.l(qnan.o)
    0x08004830   0x08004830   0x00000020   Data   RO         3963    Region$$Table       anon$$obj.o


    Execution Region RW_IRAM2 (Exec base: 0x10000000, Load base: 0x080048a8, Size: 0x00000000, Max: 0x00010000, ABSOLUTE)

    **** No section assigned to this execution region ****


    Execution Region RW_IRAM1 (Exec base: 0x20000000, Load base: 0x08004850, Size: 0x00000be8, Max: 0x00020000, ABSOLUTE)

    Exec Addr    Load Addr    Size         Type   Attr      Idx    E Section Name        Object

    0x20000000   0x08004850   0x00000020   Data   RW           18    .data               main.o
    0x20000020   0x08004870   0x0000000c   Data   RW         1700    .data               stm32f4xx_hal.o
    0x2000002c   0x0800487c   0x00000004   Data   RW         3511    .data               system_stm32f4xx.o
    0x20000030   0x08004880   0x00000018   Data   RW         3626    .data               nrf_com.o
    0x20000048   0x08004898   0x00000004   Data   RW         3719    .data               dji.o
    0x2000004c   0x0800489c   0x00000008   Data   RW         3776    .data               wtr_can.o
    0x20000054   0x080048a4   0x00000004   Data   RW         3942    .data               mc_w.l(errno.o)
    0x20000058        -       0x00000028   Zero   RW          234    .bss                can.o
    0x20000080        -       0x00000058   Zero   RW          300    .bss                spi.o
    0x200000d8        -       0x00000080   Zero   RW          343    .bss                tim.o
    0x20000158        -       0x000000e0   Zero   RW          391    .bss                usart.o
    0x20000238        -       0x000000e0   Zero   RW         3552    .bss                omni.o
    0x20000318        -       0x0000004e   Zero   RW         3625    .bss                nrf_com.o
    0x20000366   0x080048a8   0x00000002   PAD
    0x20000368        -       0x00000480   Zero   RW         3718    .bss                dji.o
    0x200007e8        -       0x00000400   Zero   RW            1    STACK               startup_stm32f407xx.o


==============================================================================

Image component sizes


      Code (inc. data)   RO Data    RW Data    ZI Data      Debug   Object Name

       148          0          0          0          0       1452   caculate.o
       188         22          0          0         40       1781   can.o
       548         60          0          4       1152       4570   dji.o
        44          4          0          0          0        882   dma.o
       172          8          0          0          0       1115   gpio.o
       832        134          0         32          0     706351   main.o
       184         30          0         24         78       3809   nrf_com.o
      1252        122          0          0        224       5781   omni.o
       172         20          0          0         88       1777   spi.o
        36          8        392          0       1024        828   startup_stm32f407xx.o
       180         28          0         12          0       9481   stm32f4xx_hal.o
      1702          6          0          0          0      14989   stm32f4xx_hal_can.o
       198         14          0          0          0      33899   stm32f4xx_hal_cortex.o
       938         16          8          0          0       6530   stm32f4xx_hal_dma.o
       450         46          0          0          0       2496   stm32f4xx_hal_gpio.o
        48          6          0          0          0        966   stm32f4xx_hal_msp.o
      1328         72          0          0          0       5304   stm32f4xx_hal_rcc.o
       128          0          0          0          0       1271   stm32f4xx_hal_spi.o
       974         44          0          0          0      10029   stm32f4xx_hal_tim.o
       148         28          0          0          0       2549   stm32f4xx_hal_tim_ex.o
      1568         30          0          0          0      12802   stm32f4xx_hal_uart.o
        80         30          0          0          0       6422   stm32f4xx_it.o
        28          6         24          4          0       1255   system_stm32f4xx.o
       308         30          0          0        128       2503   tim.o
       352         44          0          0        224       2598   usart.o
       158         12          0          8          0       2373   wtr_can.o

    ----------------------------------------------------------------------
     12198        820        456         84       2960     843813   Object Totals
         0          0         32          0          0          0   (incl. Generated)
        34          0          0          0          2          0   (incl. Padding)

    ----------------------------------------------------------------------

      Code (inc. data)   RO Data    RW Data    ZI Data      Debug   Library Member Name

       164         44          0          0          0        620   dunder.o
        24          0          0          0          0        124   fabs.o
        48          0          0          0          0        124   fpclassify.o
       248          0          0          0          0        152   poly.o
      3152        296        136          0          0        352   pow.o
         0          0          8          0          0          0   qnan.o
       232          0          0          0          0        296   sqrt.o
         0          0          0          0          0          0   entry.o
         0          0          0          0          0          0   entry10a.o
         0          0          0          0          0          0   entry11a.o
         4          0          0          0          0          0   entry12b.o
         8          4          0          0          0          0   entry2.o
         4          0          0          0          0          0   entry5.o
         0          0          0          0          0          0   entry7b.o
         0          0          0          0          0          0   entry8b.o
         8          4          0          0          0          0   entry9a.o
        12          6          0          4          0         68   errno.o
        30          0          0          0          0          0   handlers.o
        36          8          0          0          0         68   init.o
         0          0          0          0          0          0   iusefp.o
        30          0          0          0          0         68   llshl.o
        36          0          0          0          0         68   llsshr.o
        32          0          0          0          0         68   llushr.o
        36          0          0          0          0         68   memcpya.o
        36          0          0          0          0        108   memseta.o
        98          0          0          0          0         92   uldiv.o
        48          0          0          0          0         68   cdrcmple.o
        56          0          0          0          0         88   d2f.o
       334          0          0          0          0        148   dadd.o
       222          0          0          0          0        100   ddiv.o
       186          0          0          0          0        176   depilogue.o
        34          0          0          0          0         76   dflti.o
       228          0          0          0          0         96   dmul.o
        46          0          0          0          0         80   dscalb.o
       162          0          0          0          0        100   dsqrt.o
        38          0          0          0          0         68   f2d.o
       110          0          0          0          0        168   fepilogue.o

    ----------------------------------------------------------------------
      5714        362        144          4          0       3444   Library Totals
        12          0          0          0          0          0   (incl. Padding)

    ----------------------------------------------------------------------

      Code (inc. data)   RO Data    RW Data    ZI Data      Debug   Library Name

      3868        340        144          0          0       1668   m_wm.l
       370         22          0          4          0        608   mc_w.l
      1464          0          0          0          0       1168   mf_w.l

    ----------------------------------------------------------------------
      5714        362        144          4          0       3444   Library Totals

    ----------------------------------------------------------------------

==============================================================================


      Code (inc. data)   RO Data    RW Data    ZI Data      Debug   

     17912       1182        600         88       2960     833729   Grand Totals
     17912       1182        600         88       2960     833729   ELF Image Totals
     17912       1182        600         88          0          0   ROM Totals

==============================================================================

    Total RO  Size (Code + RO Data)                18512 (  18.08kB)
    Total RW  Size (RW Data + ZI Data)              3048 (   2.98kB)
    Total ROM Size (Code + RO Data + RW Data)      18600 (  18.16kB)

==============================================================================

