Component: ARM Compiler 5.06 update 7 (build 960) Tool: armlink [4d3601]

==============================================================================

Section Cross References

    startup_stm32f407xx.o(RESET) refers to startup_stm32f407xx.o(STACK) for __initial_sp
    startup_stm32f407xx.o(RESET) refers to startup_stm32f407xx.o(.text) for Reset_Handler
    startup_stm32f407xx.o(RESET) refers to stm32f4xx_it.o(i.NMI_Handler) for NMI_Handler
    startup_stm32f407xx.o(RESET) refers to stm32f4xx_it.o(i.HardFault_Handler) for HardFault_Handler
    startup_stm32f407xx.o(RESET) refers to stm32f4xx_it.o(i.MemManage_Handler) for MemManage_Handler
    startup_stm32f407xx.o(RESET) refers to stm32f4xx_it.o(i.BusFault_Handler) for BusFault_Handler
    startup_stm32f407xx.o(RESET) refers to stm32f4xx_it.o(i.UsageFault_Handler) for UsageFault_Handler
    startup_stm32f407xx.o(RESET) refers to stm32f4xx_it.o(i.SVC_Handler) for SVC_Handler
    startup_stm32f407xx.o(RESET) refers to stm32f4xx_it.o(i.DebugMon_Handler) for DebugMon_Handler
    startup_stm32f407xx.o(RESET) refers to stm32f4xx_it.o(i.PendSV_Handler) for PendSV_Handler
    startup_stm32f407xx.o(RESET) refers to stm32f4xx_it.o(i.SysTick_Handler) for SysTick_Handler
    startup_stm32f407xx.o(RESET) refers to stm32f4xx_it.o(i.DMA1_Stream1_IRQHandler) for DMA1_Stream1_IRQHandler
    startup_stm32f407xx.o(RESET) refers to stm32f4xx_it.o(i.CAN1_RX0_IRQHandler) for CAN1_RX0_IRQHandler
    startup_stm32f407xx.o(RESET) refers to stm32f4xx_it.o(i.TIM4_IRQHandler) for TIM4_IRQHandler
    startup_stm32f407xx.o(RESET) refers to stm32f4xx_it.o(i.TIM5_IRQHandler) for TIM5_IRQHandler
    startup_stm32f407xx.o(RESET) refers to stm32f4xx_it.o(i.DMA2_Stream1_IRQHandler) for DMA2_Stream1_IRQHandler
    startup_stm32f407xx.o(RESET) refers to stm32f4xx_it.o(i.USART6_IRQHandler) for USART6_IRQHandler
    startup_stm32f407xx.o(.text) refers to system_stm32f4xx.o(i.SystemInit) for SystemInit
    startup_stm32f407xx.o(.text) refers to entry.o(.ARM.Collect$$$$00000000) for __main
    main.o(i.HAL_TIM_PeriodElapsedCallback) refers to tim.o(.bss) for htim4
    main.o(i.HAL_TIM_PeriodElapsedCallback) refers to main.o(.data) for .data
    main.o(i.HAL_UART_RxCpltCallback) refers to nrf_com.o(i.nrf_decode) for nrf_decode
    main.o(i.HAL_UART_RxCpltCallback) refers to mpu6050.o(i.mpu6050_decode) for mpu6050_decode
    main.o(i.HAL_UART_RxCpltCallback) refers to usart.o(.bss) for huart6
    main.o(i.HAL_UART_RxCpltCallback) refers to main.o(.data) for .data
    main.o(i.HAL_UART_RxCpltCallback) refers to mpu6050.o(.bss) for mpu6050_databag
    main.o(i.SystemClock_Config) refers to memseta.o(.text) for __aeabi_memclr4
    main.o(i.SystemClock_Config) refers to stm32f4xx_hal_rcc.o(i.HAL_RCC_OscConfig) for HAL_RCC_OscConfig
    main.o(i.SystemClock_Config) refers to stm32f4xx_hal_rcc.o(i.HAL_RCC_ClockConfig) for HAL_RCC_ClockConfig
    main.o(i.main) refers to stm32f4xx_hal.o(i.HAL_Init) for HAL_Init
    main.o(i.main) refers to main.o(i.SystemClock_Config) for SystemClock_Config
    main.o(i.main) refers to gpio.o(i.MX_GPIO_Init) for MX_GPIO_Init
    main.o(i.main) refers to dma.o(i.MX_DMA_Init) for MX_DMA_Init
    main.o(i.main) refers to spi.o(i.MX_SPI1_Init) for MX_SPI1_Init
    main.o(i.main) refers to usart.o(i.MX_USART6_UART_Init) for MX_USART6_UART_Init
    main.o(i.main) refers to can.o(i.MX_CAN1_Init) for MX_CAN1_Init
    main.o(i.main) refers to tim.o(i.MX_TIM4_Init) for MX_TIM4_Init
    main.o(i.main) refers to usart.o(i.MX_USART1_UART_Init) for MX_USART1_UART_Init
    main.o(i.main) refers to tim.o(i.MX_TIM5_Init) for MX_TIM5_Init
    main.o(i.main) refers to usart.o(i.MX_USART3_UART_Init) for MX_USART3_UART_Init
    main.o(i.main) refers to stm32f4xx_hal_gpio.o(i.HAL_GPIO_WritePin) for HAL_GPIO_WritePin
    main.o(i.main) refers to wtr_can.o(i.CANFilterInit) for CANFilterInit
    main.o(i.main) refers to dji.o(i.DJI_Init) for DJI_Init
    main.o(i.main) refers to omni.o(i.Kine_Init) for Kine_Init
    main.o(i.main) refers to ads1256.o(i.ADS1256_Init) for ADS1256_Init
    main.o(i.main) refers to stm32f4xx_hal_tim.o(i.HAL_TIM_Base_Start_IT) for HAL_TIM_Base_Start_IT
    main.o(i.main) refers to nrf_com.o(i.nrf_Transmit_init) for nrf_Transmit_init
    main.o(i.main) refers to nrf_com.o(i.nrf_receive_init) for nrf_receive_init
    main.o(i.main) refers to mpu6050.o(i.mpu6050_init) for mpu6050_init
    main.o(i.main) refers to ads1256.o(i.ADS1256_UpdateDiffData) for ADS1256_UpdateDiffData
    main.o(i.main) refers to omni.o(i.Kine_SetSpeed) for Kine_SetSpeed
    main.o(i.main) refers to caculate.o(i.speedServo) for speedServo
    main.o(i.main) refers to dji.o(i.CanTransmit_DJI_1234) for CanTransmit_DJI_1234
    main.o(i.main) refers to nrf_com.o(i.send) for send
    main.o(i.main) refers to stm32f4xx_hal.o(i.HAL_Delay) for HAL_Delay
    main.o(i.main) refers to can.o(.bss) for hcan1
    main.o(i.main) refers to dji.o(.bss) for hDJI
[...]
    cdcmple.s                                0x00000000   Number         0  cdcmple.o ABSOLUTE
    cdrcmple.s                               0x00000000   Number         0  cdrcmple.o ABSOLUTE
    dc.s                                     0x00000000   Number         0  dc.o ABSOLUTE
    handlers.s                               0x00000000   Number         0  handlers.o ABSOLUTE
    init.s                                   0x00000000   Number         0  init.o ABSOLUTE
    startup_stm32f407xx.s                    0x00000000   Number         0  startup_stm32f407xx.o ABSOLUTE
    RESET                                    0x08000000   Section      392  startup_stm32f407xx.o(RESET)
    .ARM.Collect$$$$00000000                 0x08000188   Section        0  entry.o(.ARM.Collect$$$$00000000)
    .ARM.Collect$$$$00000001                 0x08000188   Section        4  entry2.o(.ARM.Collect$$$$00000001)
    .ARM.Collect$$$$00000004                 0x0800018c   Section        4  entry5.o(.ARM.Collect$$$$00000004)
    .ARM.Collect$$$$00000008                 0x08000190   Section        0  entry7b.o(.ARM.Collect$$$$00000008)
    .ARM.Collect$$$$0000000A                 0x08000190   Section        0  entry8b.o(.ARM.Collect$$$$0000000A)
    .ARM.Collect$$$$0000000B                 0x08000190   Section        8  entry9a.o(.ARM.Collect$$$$0000000B)
    .ARM.Collect$$$$0000000E                 0x08000198   Section        4  entry12b.o(.ARM.Collect$$$$0000000E)
    .ARM.Collect$$$$0000000F                 0x0800019c   Section        0  entry10a.o(.ARM.Collect$$$$0000000F)
    .ARM.Collect$$$$00000011                 0x0800019c   Section        0  entry11a.o(.ARM.Collect$$$$00000011)
    .ARM.Collect$$$$00002712                 0x0800019c   Section        4  entry2.o(.ARM.Collect$$$$00002712)
    __lit__00000000                          0x0800019c   Data           4  entry2.o(.ARM.Collect$$$$00002712)
    .text                                    0x080001a0   Section       36  startup_stm32f407xx.o(.text)
    $v0                                      0x080001a0   Number         0  startup_stm32f407xx.o(.text)
    .text                                    0x080001c4   Section        0  uldiv.o(.text)
    .text                                    0x08000226   Section        0  memcpya.o(.text)
    .text                                    0x0800024a   Section        0  memseta.o(.text)
    .text                                    0x0800026e   Section        0  dadd.o(.text)
    .text                                    0x080003bc   Section        0  dmul.o(.text)
    .text                                    0x080004a0   Section        0  ddiv.o(.text)
    .text                                    0x0800057e   Section        0  dflti.o(.text)
    .text                                    0x080005a0   Section        0  dfixi.o(.text)
    .text                                    0x080005de   Section        0  f2d.o(.text)
    .text                                    0x08000604   Section        0  d2f.o(.text)
    .text                                    0x0800063c   Section        0  llshl.o(.text)
    .text                                    0x0800065a   Section        0  llushr.o(.text)
    .text                                    0x0800067a   Section        0  llsshr.o(.text)
    .text                                    0x0800069e   Section        0  iusefp.o(.text)
    .text                                    0x0800069e   Section        0  fepilogue.o(.text)
    .text                                    0x0800070c   Section        0  depilogue.o(.text)
    .text                                    0x080007c6   Section        0  dscalb.o(.text)
    .text                                    0x080007f4   Section        0  dsqrt.o(.text)
    .text                                    0x08000898   Section       48  cdrcmple.o(.text)
    .text                                    0x080008c8   Section       36  init.o(.text)
    i.ADS1256_Init                           0x080008ec   Section        0  ads1256.o(i.ADS1256_Init)
    i.ADS1256_IsReady                        0x08000924   Section        0  ads1256.o(i.ADS1256_IsReady)
    i.ADS1256_RDATA                          0x0800093c   Section        0  ads1256.o(i.ADS1256_RDATA)
    i.ADS1256_Reset                          0x0800098c   Section        0  ads1256.o(i.ADS1256_Reset)
    i.ADS1256_SPI_RW                         0x080009b8   Section        0  ads1256.o(i.ADS1256_SPI_RW)
    i.ADS1256_UpdateDiffData                 0x080009e0   Section        0  ads1256.o(i.ADS1256_UpdateDiffData)
    i.ADS1256_WREG                           0x08000a38   Section        0  ads1256.o(i.ADS1256_WREG)
    i.BusFault_Handler                       0x08000a64   Section        0  stm32f4xx_it.o(i.BusFault_Handler)
    i.CAN1_RX0_IRQHandler                    0x08000a68   Section        0  stm32f4xx_it.o(i.CAN1_RX0_IRQHandler)
    i.CANFilterInit                          0x08000a74   Section        0  wtr_can.o(i.CANFilterInit)
    i.CanDataDecode                          0x08000ac4   Section        0  wtr_can.o(i.CanDataDecode)
    i.CanTransmit_DJI_1234                   0x08000ad4   Section        0  dji.o(i.CanTransmit_DJI_1234)
    i.DJI_CanMsgDecode                       0x08000b38   Section        0  dji.o(i.DJI_CanMsgDecode)
    i.DJI_Init                               0x08000b70   Section        0  dji.o(i.DJI_Init)
    i.DJI_Update                             0x08000bfc   Section        0  dji.o(i.DJI_Update)
    i.DMA1_Stream1_IRQHandler                0x08000cc4   Section        0  stm32f4xx_it.o(i.DMA1_Stream1_IRQHandler)
    i.DMA2_Stream1_IRQHandler                0x08000cd0   Section        0  stm32f4xx_it.o(i.DMA2_Stream1_IRQHandler)
    i.DMA_CalcBaseAndBitshift                0x08000cdc   Section        0  stm32f4xx_hal_dma.o(i.DMA_CalcBaseAndBitshift)
    DMA_CalcBaseAndBitshift                  0x08000cdd   Thumb Code    34  stm32f4xx_hal_dma.o(i.DMA_CalcBaseAndBitshift)
    i.DMA_CheckFifoParam                     0x08000d04   Section        0  stm32f4xx_hal_dma.o(i.DMA_CheckFifoParam)
    DMA_CheckFifoParam                       0x08000d05   Thumb Code    84  stm32f4xx_hal_dma.o(i.DMA_CheckFifoParam)
    i.DMA_SetConfig                          0x08000d58   Section        0  stm32f4xx_hal_dma.o(i.DMA_SetConfig)
    DMA_SetConfig                            0x08000d59   Thumb Code    40  stm32f4xx_hal_dma.o(i.DMA_SetConfig)
    i.DebugMon_Handler                       0x08000d80   Section        0  stm32f4xx_it.o(i.DebugMon_Handler)
    i.Error_Handler                          0x08000d82   Section        0  main.o(i.Error_Handler)
    i.HAL_CAN_ActivateNotification           0x08000d86   Section        0  stm32f4xx_hal_can.o(i.HAL_CAN_ActivateNotification)
    i.HAL_CAN_AddTxMessage                   0x08000daa   Section        0  stm32f4xx_hal_can.o(i.HAL_CAN_AddTxMessage)
    i.HAL_CAN_ConfigFilter                   0x08000e88   Section        0  stm32f4xx_hal_can.o(i.HAL_CAN_ConfigFilter)
    i.HAL_CAN_ErrorCallback                  0x08000f94   Section        0  stm32f4xx_hal_can.o(i.HAL_CAN_ErrorCallback)
    i.HAL_CAN_GetRxMessage                   0x08000f96   Section        0  stm32f4xx_hal_can.o(i.HAL_CAN_GetRxMessage)
    i.HAL_CAN_GetTxMailboxesFreeLevel        0x0800107e   Section        0  stm32f4xx_hal_can.o(i.HAL_CAN_GetTxMailboxesFreeLevel)
    i.HAL_CAN_IRQHandler                     0x080010aa   Section        0  stm32f4xx_hal_can.o(i.HAL_CAN_IRQHandler)
    i.HAL_CAN_Init                           0x080012a6   Section        0  stm32f4xx_hal_can.o(i.HAL_CAN_Init)
    i.HAL_CAN_MspInit                        0x080013c0   Section        0  can.o(i.HAL_CAN_MspInit)
    i.HAL_CAN_RxFifo0FullCallback            0x0800143c   Section        0  stm32f4xx_hal_can.o(i.HAL_CAN_RxFifo0FullCallback)
    i.HAL_CAN_RxFifo0MsgPendingCallback      0x08001440   Section        0  wtr_can.o(i.HAL_CAN_RxFifo0MsgPendingCallback)
    i.HAL_CAN_RxFifo1FullCallback            0x08001480   Section        0  stm32f4xx_hal_can.o(i.HAL_CAN_RxFifo1FullCallback)
    i.HAL_CAN_RxFifo1MsgPendingCallback      0x08001482   Section        0  stm32f4xx_hal_can.o(i.HAL_CAN_RxFifo1MsgPendingCallback)
    i.HAL_CAN_SleepCallback                  0x08001484   Section        0  stm32f4xx_hal_can.o(i.HAL_CAN_SleepCallback)
    i.HAL_CAN_Start                          0x08001488   Section        0  stm32f4xx_hal_can.o(i.HAL_CAN_Start)
    i.HAL_CAN_TxMailbox0AbortCallback        0x080014e0   Section        0  stm32f4xx_hal_can.o(i.HAL_CAN_TxMailbox0AbortCallback)
    i.HAL_CAN_TxMailbox0CompleteCallback     0x080014e2   Section        0  stm32f4xx_hal_can.o(i.HAL_CAN_TxMailbox0CompleteCallback)
    i.HAL_CAN_TxMailbox1AbortCallback        0x080014e4   Section        0  stm32f4xx_hal_can.o(i.HAL_CAN_TxMailbox1AbortCallback)
    i.HAL_CAN_TxMailbox1CompleteCallback     0x080014e6   Section        0  stm32f4xx_hal_can.o(i.HAL_CAN_TxMailbox1CompleteCallback)
    i.HAL_CAN_TxMailbox2AbortCallback        0x080014e8   Section        0  stm32f4xx_hal_can.o(i.HAL_CAN_TxMailbox2AbortCallback)
    i.HAL_CAN_TxMailbox2CompleteCallback     0x080014ea   Section        0  stm32f4xx_hal_can.o(i.HAL_CAN_TxMailbox2CompleteCallback)
    i.HAL_CAN_WakeUpFromRxMsgCallback        0x080014ec   Section        0  stm32f4xx_hal_can.o(i.HAL_CAN_WakeUpFromRxMsgCallback)
    i.HAL_DMA_Abort_IT                       0x080014ee   Section        0  stm32f4xx_hal_dma.o(i.HAL_DMA_Abort_IT)
    i.HAL_DMA_IRQHandler                     0x08001514   Section        0  stm32f4xx_hal_dma.o(i.HAL_DMA_IRQHandler)
    i.HAL_DMA_Init                           0x080016b4   Section        0  stm32f4xx_hal_dma.o(i.HAL_DMA_Init)
    i.HAL_DMA_Start_IT                       0x08001788   Section        0  stm32f4xx_hal_dma.o(i.HAL_DMA_Start_IT)
    i.HAL_Delay                              0x080017f8   Section        0  stm32f4xx_hal.o(i.HAL_Delay)
    i.HAL_GPIO_Init                          0x0800181c   Section        0  stm32f4xx_hal_gpio.o(i.HAL_GPIO_Init)
    i.HAL_GPIO_ReadPin                       0x080019d4   Section        0  stm32f4xx_hal_gpio.o(i.HAL_GPIO_ReadPin)
    i.HAL_GPIO_WritePin                      0x080019de   Section        0  stm32f4xx_hal_gpio.o(i.HAL_GPIO_WritePin)
    i.HAL_GetTick                            0x080019e8   Section        0  stm32f4xx_hal.o(i.HAL_GetTick)
    i.HAL_IncTick                            0x080019f4   Section        0  stm32f4xx_hal.o(i.HAL_IncTick)
    i.HAL_Init                               0x08001a04   Section        0  stm32f4xx_hal.o(i.HAL_Init)
    i.HAL_InitTick                           0x08001a38   Section        0  stm32f4xx_hal.o(i.HAL_InitTick)
    i.HAL_MspInit                            0x08001a78   Section        0  stm32f4xx_hal_msp.o(i.HAL_MspInit)
    i.HAL_NVIC_EnableIRQ                     0x08001aa8   Section        0  stm32f4xx_hal_cortex.o(i.HAL_NVIC_EnableIRQ)
    i.HAL_NVIC_SetPriority                   0x08001ac4   Section        0  stm32f4xx_hal_cortex.o(i.HAL_NVIC_SetPriority)
    i.HAL_NVIC_SetPriorityGrouping           0x08001b04   Section        0  stm32f4xx_hal_cortex.o(i.HAL_NVIC_SetPriorityGrouping)
    i.HAL_RCC_ClockConfig                    0x08001b28   Section        0  stm32f4xx_hal_rcc.o(i.HAL_RCC_ClockConfig)
    i.HAL_RCC_GetPCLK1Freq                   0x08001c5c   Section        0  stm32f4xx_hal_rcc.o(i.HAL_RCC_GetPCLK1Freq)
    i.HAL_RCC_GetPCLK2Freq                   0x08001c7c   Section        0  stm32f4xx_hal_rcc.o(i.HAL_RCC_GetPCLK2Freq)
    i.HAL_RCC_GetSysClockFreq                0x08001c9c   Section        0  stm32f4xx_hal_rcc.o(i.HAL_RCC_GetSysClockFreq)
    i.HAL_RCC_OscConfig                      0x08001cfc   Section        0  stm32f4xx_hal_rcc.o(i.HAL_RCC_OscConfig)
    i.HAL_SPI_Init                           0x08002058   Section        0  stm32f4xx_hal_spi.o(i.HAL_SPI_Init)
    i.HAL_SPI_MspInit                        0x080020d8   Section        0  spi.o(i.HAL_SPI_MspInit)
    i.HAL_SPI_TransmitReceive                0x08002140   Section        0  stm32f4xx_hal_spi.o(i.HAL_SPI_TransmitReceive)
    i.HAL_SYSTICK_Config                     0x08002322   Section        0  stm32f4xx_hal_cortex.o(i.HAL_SYSTICK_Config)
    i.HAL_TIMEx_BreakCallback                0x0800234a   Section        0  stm32f4xx_hal_tim_ex.o(i.HAL_TIMEx_BreakCallback)
    i.HAL_TIMEx_CommutCallback               0x0800234c   Section        0  stm32f4xx_hal_tim_ex.o(i.HAL_TIMEx_CommutCallback)
    i.HAL_TIMEx_MasterConfigSynchronization  0x08002350   Section        0  stm32f4xx_hal_tim_ex.o(i.HAL_TIMEx_MasterConfigSynchronization)
    i.HAL_TIM_Base_Init                      0x080023e0   Section        0  stm32f4xx_hal_tim.o(i.HAL_TIM_Base_Init)
    i.HAL_TIM_Base_MspInit                   0x08002418   Section        0  tim.o(i.HAL_TIM_Base_MspInit)
    i.HAL_TIM_Base_Start_IT                  0x0800247c   Section        0  stm32f4xx_hal_tim.o(i.HAL_TIM_Base_Start_IT)
    i.HAL_TIM_ConfigClockSource              0x0800249e   Section        0  stm32f4xx_hal_tim.o(i.HAL_TIM_ConfigClockSource)
    i.HAL_TIM_IC_CaptureCallback             0x08002574   Section        0  stm32f4xx_hal_tim.o(i.HAL_TIM_IC_CaptureCallback)
    i.HAL_TIM_IRQHandler                     0x08002576   Section        0  stm32f4xx_hal_tim.o(i.HAL_TIM_IRQHandler)
    i.HAL_TIM_OC_DelayElapsedCallback        0x080026dc   Section        0  stm32f4xx_hal_tim.o(i.HAL_TIM_OC_DelayElapsedCallback)
    i.HAL_TIM_PWM_PulseFinishedCallback      0x080026de   Section        0  stm32f4xx_hal_tim.o(i.HAL_TIM_PWM_PulseFinishedCallback)
    i.HAL_TIM_PeriodElapsedCallback          0x080026e0   Section        0  main.o(i.HAL_TIM_PeriodElapsedCallback)
    i.HAL_TIM_TriggerCallback                0x080026f8   Section        0  stm32f4xx_hal_tim.o(i.HAL_TIM_TriggerCallback)
    i.HAL_UART_ErrorCallback                 0x080026fa   Section        0  stm32f4xx_hal_uart.o(i.HAL_UART_ErrorCallback)
    i.HAL_UART_IRQHandler                    0x080026fc   Section        0  stm32f4xx_hal_uart.o(i.HAL_UART_IRQHandler)
    i.HAL_UART_Init                          0x08002810   Section        0  stm32f4xx_hal_uart.o(i.HAL_UART_Init)
    i.HAL_UART_MspInit                       0x08002874   Section        0  usart.o(i.HAL_UART_MspInit)
    i.HAL_UART_Receive_DMA                   0x080029ec   Section        0  stm32f4xx_hal_uart.o(i.HAL_UART_Receive_DMA)
    i.HAL_UART_RxCpltCallback                0x08002a84   Section        0  main.o(i.HAL_UART_RxCpltCallback)
    i.HAL_UART_RxHalfCpltCallback            0x08002ac4   Section        0  stm32f4xx_hal_uart.o(i.HAL_UART_RxHalfCpltCallback)
    i.HAL_UART_Transmit                      0x08002ac6   Section        0  stm32f4xx_hal_uart.o(i.HAL_UART_Transmit)
    i.HAL_UART_TxCpltCallback                0x08002b80   Section        0  stm32f4xx_hal_uart.o(i.HAL_UART_TxCpltCallback)
    i.HardFault_Handler                      0x08002b82   Section        0  stm32f4xx_it.o(i.HardFault_Handler)
    i.Kine_Init                              0x08002b84   Section        0  omni.o(i.Kine_Init)
    i.Kine_SetSpeed                          0x08002c68   Section        0  omni.o(i.Kine_SetSpeed)
    i.Kine_SetSpeed_40                       0x08002cc8   Section        0  omni.o(i.Kine_SetSpeed_40)
    i.Kine_SetSpeed_41                       0x08002d98   Section        0  omni.o(i.Kine_SetSpeed_41)
    i.Kine_SetSpeed_42                       0x08002e68   Section        0  omni.o(i.Kine_SetSpeed_42)
    i.Kine_SetSpeed_43                       0x08002f38   Section        0  omni.o(i.Kine_SetSpeed_43)
    i.MX_CAN1_Init                           0x08003008   Section        0  can.o(i.MX_CAN1_Init)
    i.MX_DMA_Init                            0x08003048   Section        0  dma.o(i.MX_DMA_Init)
    i.MX_GPIO_Init                           0x08003094   Section        0  gpio.o(i.MX_GPIO_Init)
    i.MX_SPI1_Init                           0x08003180   Section        0  spi.o(i.MX_SPI1_Init)
    i.MX_TIM4_Init                           0x080031c8   Section        0  tim.o(i.MX_TIM4_Init)
    i.MX_TIM5_Init                           0x08003230   Section        0  tim.o(i.MX_TIM5_Init)
    i.MX_USART1_UART_Init                    0x08003298   Section        0  usart.o(i.MX_USART1_UART_Init)
    i.MX_USART3_UART_Init                    0x080032d0   Section        0  usart.o(i.MX_USART3_UART_Init)
    i.MX_USART6_UART_Init                    0x08003308   Section        0  usart.o(i.MX_USART6_UART_Init)
    i.MemManage_Handler                      0x08003340   Section        0  stm32f4xx_it.o(i.MemManage_Handler)
    i.NMI_Handler                            0x08003342   Section        0  stm32f4xx_it.o(i.NMI_Handler)
    i.PID_Calc                               0x08003344   Section        0  caculate.o(i.PID_Calc)
    i.PendSV_Handler                         0x080033c6   Section        0  stm32f4xx_it.o(i.PendSV_Handler)
    i.SPI_EndRxTxTransaction                 0x080033c8   Section        0  stm32f4xx_hal_spi.o(i.SPI_EndRxTxTransaction)
    SPI_EndRxTxTransaction                   0x080033c9   Thumb Code    80  stm32f4xx_hal_spi.o(i.SPI_EndRxTxTransaction)
    i.SPI_WaitFlagStateUntilTimeout          0x08003420   Section        0  stm32f4xx_hal_spi.o(i.SPI_WaitFlagStateUntilTimeout)
    SPI_WaitFlagStateUntilTimeout            0x08003421   Thumb Code   148  stm32f4xx_hal_spi.o(i.SPI_WaitFlagStateUntilTimeout)
    i.SVC_Handler                            0x080034b4   Section        0  stm32f4xx_it.o(i.SVC_Handler)
    i.SysTick_Handler                        0x080034b6   Section        0  stm32f4xx_it.o(i.SysTick_Handler)
    i.SystemClock_Config                     0x080034bc   Section        0  main.o(i.SystemClock_Config)
    i.SystemInit                             0x08003550   Section        0  system_stm32f4xx.o(i.SystemInit)
    i.TIM4_IRQHandler                        0x0800356c   Section        0  stm32f4xx_it.o(i.TIM4_IRQHandler)
    i.TIM5_IRQHandler                        0x08003578   Section        0  stm32f4xx_it.o(i.TIM5_IRQHandler)
    i.TIM_Base_SetConfig                     0x08003584   Section        0  stm32f4xx_hal_tim.o(i.TIM_Base_SetConfig)
    i.TIM_ETR_SetConfig                      0x0800364c   Section        0  stm32f4xx_hal_tim.o(i.TIM_ETR_SetConfig)
    i.TIM_ITRx_SetConfig                     0x08003660   Section        0  stm32f4xx_hal_tim.o(i.TIM_ITRx_SetConfig)
    TIM_ITRx_SetConfig                       0x08003661   Thumb Code    16  stm32f4xx_hal_tim.o(i.TIM_ITRx_SetConfig)
    i.TIM_TI1_ConfigInputStage               0x08003670   Section        0  stm32f4xx_hal_tim.o(i.TIM_TI1_ConfigInputStage)
    TIM_TI1_ConfigInputStage                 0x08003671   Thumb Code    34  stm32f4xx_hal_tim.o(i.TIM_TI1_ConfigInputStage)
    i.TIM_TI2_ConfigInputStage               0x08003692   Section        0  stm32f4xx_hal_tim.o(i.TIM_TI2_ConfigInputStage)
    TIM_TI2_ConfigInputStage                 0x08003693   Thumb Code    36  stm32f4xx_hal_tim.o(i.TIM_TI2_ConfigInputStage)
    i.UART_DMAAbortOnError                   0x080036b6   Section        0  stm32f4xx_hal_uart.o(i.UART_DMAAbortOnError)
    UART_DMAAbortOnError                     0x080036b7   Thumb Code    16  stm32f4xx_hal_uart.o(i.UART_DMAAbortOnError)
    i.UART_DMAError                          0x080036c6   Section        0  stm32f4xx_hal_uart.o(i.UART_DMAError)
    UART_DMAError                            0x080036c7   Thumb Code    74  stm32f4xx_hal_uart.o(i.UART_DMAError)
    i.UART_DMAReceiveCplt                    0x08003710   Section        0  stm32f4xx_hal_uart.o(i.UART_DMAReceiveCplt)
    UART_DMAReceiveCplt                      0x08003711   Thumb Code    60  stm32f4xx_hal_uart.o(i.UART_DMAReceiveCplt)
    i.UART_DMARxHalfCplt                     0x0800374c   Section        0  stm32f4xx_hal_uart.o(i.UART_DMARxHalfCplt)
    UART_DMARxHalfCplt                       0x0800374d   Thumb Code    10  stm32f4xx_hal_uart.o(i.UART_DMARxHalfCplt)
    i.UART_EndRxTransfer                     0x08003756   Section        0  stm32f4xx_hal_uart.o(i.UART_EndRxTransfer)
    UART_EndRxTransfer                       0x08003757   Thumb Code    28  stm32f4xx_hal_uart.o(i.UART_EndRxTransfer)
    i.UART_EndTxTransfer                     0x08003772   Section        0  stm32f4xx_hal_uart.o(i.UART_EndTxTransfer)
    UART_EndTxTransfer                       0x08003773   Thumb Code    18  stm32f4xx_hal_uart.o(i.UART_EndTxTransfer)
    i.UART_Receive_IT                        0x08003784   Section        0  stm32f4xx_hal_uart.o(i.UART_Receive_IT)
    UART_Receive_IT                          0x08003785   Thumb Code   150  stm32f4xx_hal_uart.o(i.UART_Receive_IT)
    i.UART_SetConfig                         0x0800381c   Section        0  stm32f4xx_hal_uart.o(i.UART_SetConfig)
    UART_SetConfig                           0x0800381d   Thumb Code   286  stm32f4xx_hal_uart.o(i.UART_SetConfig)
    i.UART_Transmit_IT                       0x08003944   Section        0  stm32f4xx_hal_uart.o(i.UART_Transmit_IT)
    UART_Transmit_IT                         0x08003945   Thumb Code    98  stm32f4xx_hal_uart.o(i.UART_Transmit_IT)
    i.UART_WaitOnFlagUntilTimeout            0x080039a6   Section        0  stm32f4xx_hal_uart.o(i.UART_WaitOnFlagUntilTimeout)
    UART_WaitOnFlagUntilTimeout              0x080039a7   Thumb Code   100  stm32f4xx_hal_uart.o(i.UART_WaitOnFlagUntilTimeout)
    i.USART6_IRQHandler                      0x08003a0c   Section        0  stm32f4xx_it.o(i.USART6_IRQHandler)
    i.UsageFault_Handler                     0x08003a18   Section        0  stm32f4xx_it.o(i.UsageFault_Handler)
    i.__ARM_fpclassify                       0x08003a1a   Section        0  fpclassify.o(i.__ARM_fpclassify)
    i.__NVIC_SetPriority                     0x08003a4a   Section        0  stm32f4xx_hal_cortex.o(i.__NVIC_SetPriority)
    __NVIC_SetPriority                       0x08003a4b   Thumb Code    32  stm32f4xx_hal_cortex.o(i.__NVIC_SetPriority)
    i.__hardfp_pow                           0x08003a70   Section        0  pow.o(i.__hardfp_pow)
    i.__hardfp_sqrt                          0x080046c0   Section        0  sqrt.o(i.__hardfp_sqrt)
    i.__kernel_poly                          0x0800473a   Section        0  poly.o(i.__kernel_poly)
    i.__mathlib_dbl_divzero                  0x08004838   Section        0  dunder.o(i.__mathlib_dbl_divzero)
    i.__mathlib_dbl_infnan2                  0x08004868   Section        0  dunder.o(i.__mathlib_dbl_infnan2)
    i.__mathlib_dbl_invalid                  0x08004880   Section        0  dunder.o(i.__mathlib_dbl_invalid)
    i.__mathlib_dbl_overflow                 0x080048a0   Section        0  dunder.o(i.__mathlib_dbl_overflow)
    i.__mathlib_dbl_underflow                0x080048c0   Section        0  dunder.o(i.__mathlib_dbl_underflow)
    i.__scatterload_copy                     0x080048e0   Section       14  handlers.o(i.__scatterload_copy)
    i.__scatterload_null                     0x080048ee   Section        2  handlers.o(i.__scatterload_null)
    i.__scatterload_zeroinit                 0x080048f0   Section       14  handlers.o(i.__scatterload_zeroinit)
    i.__set_errno                            0x08004900   Section        0  errno.o(i.__set_errno)
    i.delay_us                               0x0800490c   Section        0  tith_time.o(i.delay_us)
    i.fabs                                   0x08004948   Section        0  fabs.o(i.fabs)
    i.get_dji_offset                         0x08004960   Section        0  dji.o(i.get_dji_offset)
    i.main                                   0x08004994   Section        0  main.o(i.main)
    i.mpu6050_decode                         0x08004bd8   Section        0  mpu6050.o(i.mpu6050_decode)
    i.mpu6050_init                           0x08004de0   Section        0  mpu6050.o(i.mpu6050_init)
    i.nrf_Transmit_init                      0x08004df4   Section        0  nrf_com.o(i.nrf_Transmit_init)
    i.nrf_decode                             0x08004e04   Section        0  nrf_com.o(i.nrf_decode)
    i.nrf_receive_init                       0x08004e84   Section        0  nrf_com.o(i.nrf_receive_init)
    i.send                                   0x08004e98   Section        0  nrf_com.o(i.send)
    i.speedServo                             0x08004eac   Section        0  caculate.o(i.speedServo)
    i.sqrt                                   0x08004ebe   Section        0  sqrt.o(i.sqrt)
    .constdata                               0x08004f2c   Section        8  stm32f4xx_hal_dma.o(.constdata)
    flagBitshiftOffset                       0x08004f2c   Data           8  stm32f4xx_hal_dma.o(.constdata)
    .constdata                               0x08004f34   Section       16  system_stm32f4xx.o(.constdata)
    .constdata                               0x08004f44   Section        8  system_stm32f4xx.o(.constdata)
    .constdata                               0x08004f50   Section      136  pow.o(.constdata)
    bp                                       0x08004f50   Data          16  pow.o(.constdata)
    dp_h                                     0x08004f60   Data          16  pow.o(.constdata)
    dp_l                                     0x08004f70   Data          16  pow.o(.constdata)
    L                                        0x08004f80   Data          48  pow.o(.constdata)
    P                                        0x08004fb0   Data          40  pow.o(.constdata)
    .constdata                               0x08004fd8   Section        8  qnan.o(.constdata)
    .data                                    0x20000000   Section       24  main.o(.data)
    .data                                    0x20000018   Section        4  omni.o(.data)
    .data                                    0x2000001c   Section       24  nrf_com.o(.data)
    .data                                    0x20000034   Section        4  dji.o(.data)
    TxMailbox                                0x20000034   Data           4  dji.o(.data)
    .data                                    0x20000038   Section        8  wtr_can.o(.data)
    .data                                    0x20000040   Section       12  stm32f4xx_hal.o(.data)
    .data                                    0x2000004c   Section        4  system_stm32f4xx.o(.data)
    .data                                    0x20000050   Section        4  errno.o(.data)
    _errno                                   0x20000050   Data           4  errno.o(.data)
    .bss                                     0x20000054   Section       40  can.o(.bss)
    .bss                                     0x2000007c   Section       88  spi.o(.bss)
    .bss                                     0x200000d4   Section      128  tim.o(.bss)
    .bss                                     0x20000154   Section      384  usart.o(.bss)
    .bss                                     0x200002d4   Section      112  omni.o(.bss)
    .bss                                     0x20000344   Section       78  nrf_com.o(.bss)
    .bss                                     0x20000394   Section     1152  dji.o(.bss)
    .bss                                     0x20000814   Section       16  ads1256.o(.bss)
    .bss                                     0x20000824   Section       66  mpu6050.o(.bss)
    .bss                                     0x20000866   Section       20  mpu6050.o(.bss)
    STACK                                    0x20000880   Section     1024  startup_stm32f407xx.o(STACK)

    Global Symbols

    Symbol Name                              Value     Ov Type        Size  Object(Section)

    BuildAttributes$$THM_ISAv4$E$P$D$K$B$S$7EM$VFPi3$EXTD16$VFPS$VFMA$PE$A:L22UL41UL21$X:L11$S22US41US21$IEEE1$IW$USESV6$~STKCKD$USESV7$~SHL$OTIME$ROPI$IEEEX$EBA8$MICROLIB$REQ8$PRES8$EABIv2 0x00000000   Number         0  anon$$obj.o ABSOLUTE
    __ARM_use_no_argv                        0x00000000   Number         0  main.o ABSOLUTE
    __arm_fini_                               - Undefined Weak Reference
    __cpp_initialize__aeabi_                  - Undefined Weak Reference
    __cxa_finalize                            - Undefined Weak Reference
    __decompress                              - Undefined Weak Reference
    _clock_init                               - Undefined Weak Reference
    _microlib_exit                            - Undefined Weak Reference
    __Vectors_Size                           0x00000188   Number         0  startup_stm32f407xx.o ABSOLUTE
    __Vectors                                0x08000000   Data           4  startup_stm32f407xx.o(RESET)
    __Vectors_End                            0x08000188   Data           0  startup_stm32f407xx.o(RESET)
    __main                                   0x08000189   Thumb Code     0  entry.o(.ARM.Collect$$$$00000000)
    _main_stk                                0x08000189   Thumb Code     0  entry2.o(.ARM.Collect$$$$00000001)
    _main_scatterload                        0x0800018d   Thumb Code     0  entry5.o(.ARM.Collect$$$$00000004)
    __main_after_scatterload                 0x08000191   Thumb Code     0  entry5.o(.ARM.Collect$$$$00000004)
    _main_clock                              0x08000191   Thumb Code     0  entry7b.o(.ARM.Collect$$$$00000008)
    _main_cpp_init                           0x08000191   Thumb Code     0  entry8b.o(.ARM.Collect$$$$0000000A)
    _main_init                               0x08000191   Thumb Code     0  entry9a.o(.ARM.Collect$$$$0000000B)
    __rt_lib_shutdown_fini                   0x08000199   Thumb Code     0  entry12b.o(.ARM.Collect$$$$0000000E)
    __rt_final_cpp                           0x0800019d   Thumb Code     0  entry10a.o(.ARM.Collect$$$$0000000F)
    __rt_final_exit                          0x0800019d   Thumb Code     0  entry11a.o(.ARM.Collect$$$$00000011)
    Reset_Handler                            0x080001a1   Thumb Code     8  startup_stm32f407xx.o(.text)
    ADC_IRQHandler                           0x080001bb   Thumb Code     0  startup_stm32f407xx.o(.text)
    CAN1_RX1_IRQHandler                      0x080001bb   Thumb Code     0  startup_stm32f407xx.o(.text)
    CAN1_SCE_IRQHandler                      0x080001bb   Thumb Code     0  startup_stm32f407xx.o(.text)
    CAN1_TX_IRQHandler                       0x080001bb   Thumb Code     0  startup_stm32f407xx.o(.text)
    CAN2_RX0_IRQHandler                      0x080001bb   Thumb Code     0  startup_stm32f407xx.o(.text)
    CAN2_RX1_IRQHandler                      0x080001bb   Thumb Code     0  startup_stm32f407xx.o(.text)
    CAN2_SCE_IRQHandler                      0x080001bb   Thumb Code     0  startup_stm32f407xx.o(.text)
    CAN2_TX_IRQHandler                       0x080001bb   Thumb Code     0  startup_stm32f407xx.o(.text)
    DCMI_IRQHandler                          0x080001bb   Thumb Code     0  startup_stm32f407xx.o(.text)
    DMA1_Stream0_IRQHandler                  0x080001bb   Thumb Code     0  startup_stm32f407xx.o(.text)
    DMA1_Stream2_IRQHandler                  0x080001bb   Thumb Code     0  startup_stm32f407xx.o(.text)
    DMA1_Stream3_IRQHandler                  0x080001bb   Thumb Code     0  startup_stm32f407xx.o(.text)
    DMA1_Stream4_IRQHandler                  0x080001bb   Thumb Code     0  startup_stm32f407xx.o(.text)
    DMA1_Stream5_IRQHandler                  0x080001bb   Thumb Code     0  startup_stm32f407xx.o(.text)
    DMA1_Stream6_IRQHandler                  0x080001bb   Thumb Code     0  startup_stm32f407xx.o(.text)
    DMA1_Stream7_IRQHandler                  0x080001bb   Thumb Code     0  startup_stm32f407xx.o(.text)
    DMA2_Stream0_IRQHandler                  0x080001bb   Thumb Code     0  startup_stm32f407xx.o(.text)
    DMA2_Stream2_IRQHandler                  0x080001bb   Thumb Code     0  startup_stm32f407xx.o(.text)
    DMA2_Stream3_IRQHandler                  0x080001bb   Thumb Code     0  startup_stm32f407xx.o(.text)
    DMA2_Stream4_IRQHandler                  0x080001bb   Thumb Code     0  startup_stm32f407xx.o(.text)
    DMA2_Stream5_IRQHandler                  0x080001bb   Thumb Code     0  startup_stm32f407xx.o(.text)
    DMA2_Stream6_IRQHandler                  0x080001bb   Thumb Code     0  startup_stm32f407xx.o(.text)
    DMA2_Stream7_IRQHandler                  0x080001bb   Thumb Code     0  startup_stm32f407xx.o(.text)
    ETH_IRQHandler                           0x080001bb   Thumb Code     0  startup_stm32f407xx.o(.text)
    ETH_WKUP_IRQHandler                      0x080001bb   Thumb Code     0  startup_stm32f407xx.o(.text)
    EXTI0_IRQHandler                         0x080001bb   Thumb Code     0  startup_stm32f407xx.o(.text)
    EXTI15_10_IRQHandler                     0x080001bb   Thumb Code     0  startup_stm32f407xx.o(.text)
    EXTI1_IRQHandler                         0x080001bb   Thumb Code     0  startup_stm32f407xx.o(.text)
    EXTI2_IRQHandler                         0x080001bb   Thumb Code     0  startup_stm32f407xx.o(.text)
    EXTI3_IRQHandler                         0x080001bb   Thumb Code     0  startup_stm32f407xx.o(.text)
    EXTI4_IRQHandler                         0x080001bb   Thumb Code     0  startup_stm32f407xx.o(.text)
    EXTI9_5_IRQHandler                       0x080001bb   Thumb Code     0  startup_stm32f407xx.o(.text)
    FLASH_IRQHandler                         0x080001bb   Thumb Code     0  startup_stm32f407xx.o(.text)
    FMC_IRQHandler                           0x080001bb   Thumb Code     0  startup_stm32f407xx.o(.text)
    FPU_IRQHandler                           0x080001bb   Thumb Code     0  startup_stm32f407xx.o(.text)
    HASH_RNG_IRQHandler                      0x080001bb   Thumb Code     0  startup_stm32f407xx.o(.text)
    I2C1_ER_IRQHandler                       0x080001bb   Thumb Code     0  startup_stm32f407xx.o(.text)
    I2C1_EV_IRQHandler                       0x080001bb   Thumb Code     0  startup_stm32f407xx.o(.text)
    I2C2_ER_IRQHandler                       0x080001bb   Thumb Code     0  startup_stm32f407xx.o(.text)
    I2C2_EV_IRQHandler                       0x080001bb   Thumb Code     0  startup_stm32f407xx.o(.text)
    I2C3_ER_IRQHandler                       0x080001bb   Thumb Code     0  startup_stm32f407xx.o(.text)
    I2C3_EV_IRQHandler                       0x080001bb   Thumb Code     0  startup_stm32f407xx.o(.text)
    OTG_FS_IRQHandler                        0x080001bb   Thumb Code     0  startup_stm32f407xx.o(.text)
    OTG_FS_WKUP_IRQHandler                   0x080001bb   Thumb Code     0  startup_stm32f407xx.o(.text)
    OTG_HS_EP1_IN_IRQHandler                 0x080001bb   Thumb Code     0  startup_stm32f407xx.o(.text)
    OTG_HS_EP1_OUT_IRQHandler                0x080001bb   Thumb Code     0  startup_stm32f407xx.o(.text)
    OTG_HS_IRQHandler                        0x080001bb   Thumb Code     0  startup_stm32f407xx.o(.text)
    OTG_HS_WKUP_IRQHandler                   0x080001bb   Thumb Code     0  startup_stm32f407xx.o(.text)
    PVD_IRQHandler                           0x080001bb   Thumb Code     0  startup_stm32f407xx.o(.text)
    RCC_IRQHandler                           0x080001bb   Thumb Code     0  startup_stm32f407xx.o(.text)
    RTC_Alarm_IRQHandler                     0x080001bb   Thumb Code     0  startup_stm32f407xx.o(.text)
    RTC_WKUP_IRQHandler                      0x080001bb   Thumb Code     0  startup_stm32f407xx.o(.text)
    SDIO_IRQHandler                          0x080001bb   Thumb Code     0  startup_stm32f407xx.o(.text)
    SPI1_IRQHandler                          0x080001bb   Thumb Code     0  startup_stm32f407xx.o(.text)
    SPI2_IRQHandler                          0x080001bb   Thumb Code     0  startup_stm32f407xx.o(.text)
    SPI3_IRQHandler                          0x080001bb   Thumb Code     0  startup_stm32f407xx.o(.text)
    TAMP_STAMP_IRQHandler                    0x080001bb   Thumb Code     0  startup_stm32f407xx.o(.text)
    TIM1_BRK_TIM9_IRQHandler                 0x080001bb   Thumb Code     0  startup_stm32f407xx.o(.text)
    TIM1_CC_IRQHandler                       0x080001bb   Thumb Code     0  startup_stm32f407xx.o(.text)
    TIM1_TRG_COM_TIM11_IRQHandler            0x080001bb   Thumb Code     0  startup_stm32f407xx.o(.text)
    TIM1_UP_TIM10_IRQHandler                 0x080001bb   Thumb Code     0  startup_stm32f407xx.o(.text)
    TIM2_IRQHandler                          0x080001bb   Thumb Code     0  startup_stm32f407xx.o(.text)
    TIM3_IRQHandler                          0x080001bb   Thumb Code     0  startup_stm32f407xx.o(.text)
    TIM6_DAC_IRQHandler                      0x080001bb   Thumb Code     0  startup_stm32f407xx.o(.text)
    TIM7_IRQHandler                          0x080001bb   Thumb Code     0  startup_stm32f407xx.o(.text)
    TIM8_BRK_TIM12_IRQHandler                0x080001bb   Thumb Code     0  startup_stm32f407xx.o(.text)
    TIM8_CC_IRQHandler                       0x080001bb   Thumb Code     0  startup_stm32f407xx.o(.text)
    TIM8_TRG_COM_TIM14_IRQHandler            0x080001bb   Thumb Code     0  startup_stm32f407xx.o(.text)
    TIM8_UP_TIM13_IRQHandler                 0x080001bb   Thumb Code     0  startup_stm32f407xx.o(.text)
    UART4_IRQHandler                         0x080001bb   Thumb Code     0  startup_stm32f407xx.o(.text)
    UART5_IRQHandler                         0x080001bb   Thumb Code     0  startup_stm32f407xx.o(.text)
    USART1_IRQHandler                        0x080001bb   Thumb Code     0  startup_stm32f407xx.o(.text)
    USART2_IRQHandler                        0x080001bb   Thumb Code     0  startup_stm32f407xx.o(.text)
    USART3_IRQHandler                        0x080001bb   Thumb Code     0  startup_stm32f407xx.o(.text)
    WWDG_IRQHandler                          0x080001bb   Thumb Code     0  startup_stm32f407xx.o(.text)
    __aeabi_uldivmod                         0x080001c5   Thumb Code    98  uldiv.o(.text)
    __aeabi_memcpy                           0x08000227   Thumb Code    36  memcpya.o(.text)
    __aeabi_memcpy4                          0x08000227   Thumb Code     0  memcpya.o(.text)
    __aeabi_memcpy8                          0x08000227   Thumb Code     0  memcpya.o(.text)
    __aeabi_memset                           0x0800024b   Thumb Code    14  memseta.o(.text)
    __aeabi_memset4                          0x0800024b   Thumb Code     0  memseta.o(.text)
    __aeabi_memset8                          0x0800024b   Thumb Code     0  memseta.o(.text)
    __aeabi_memclr                           0x08000259   Thumb Code     4  memseta.o(.text)
    __aeabi_memclr4                          0x08000259   Thumb Code     0  memseta.o(.text)
    __aeabi_memclr8                          0x08000259   Thumb Code     0  memseta.o(.text)
    _memset$wrapper                          0x0800025d   Thumb Code    18  memseta.o(.text)
    __aeabi_dadd                             0x0800026f   Thumb Code   322  dadd.o(.text)
    __aeabi_dsub                             0x080003b1   Thumb Code     6  dadd.o(.text)
    __aeabi_drsub                            0x080003b7   Thumb Code     6  dadd.o(.text)
    __aeabi_dmul                             0x080003bd   Thumb Code   228  dmul.o(.text)
    __aeabi_ddiv                             0x080004a1   Thumb Code   222  ddiv.o(.text)
    __aeabi_i2d                              0x0800057f   Thumb Code    34  dflti.o(.text)
    __aeabi_d2iz                             0x080005a1   Thumb Code    62  dfixi.o(.text)
    __aeabi_f2d                              0x080005df   Thumb Code    38  f2d.o(.text)
    __aeabi_d2f                              0x08000605   Thumb Code    56  d2f.o(.text)
    __aeabi_llsl                             0x0800063d   Thumb Code    30  llshl.o(.text)
    _ll_shift_l                              0x0800063d   Thumb Code     0  llshl.o(.text)
    __aeabi_llsr                             0x0800065b   Thumb Code    32  llushr.o(.text)
    _ll_ushift_r                             0x0800065b   Thumb Code     0  llushr.o(.text)
    __aeabi_lasr                             0x0800067b   Thumb Code    36  llsshr.o(.text)
    _ll_sshift_r                             0x0800067b   Thumb Code     0  llsshr.o(.text)
    __I$use$fp                               0x0800069f   Thumb Code     0  iusefp.o(.text)
    _float_round                             0x0800069f   Thumb Code    18  fepilogue.o(.text)
    _float_epilogue                          0x080006b1   Thumb Code    92  fepilogue.o(.text)
    _double_round                            0x0800070d   Thumb Code    30  depilogue.o(.text)
    _double_epilogue                         0x0800072b   Thumb Code   156  depilogue.o(.text)
    __ARM_scalbn                             0x080007c7   Thumb Code    46  dscalb.o(.text)
    scalbn                                   0x080007c7   Thumb Code     0  dscalb.o(.text)
    _dsqrt                                   0x080007f5   Thumb Code   162  dsqrt.o(.text)
    __aeabi_cdrcmple                         0x08000899   Thumb Code    48  cdrcmple.o(.text)
    __scatterload                            0x080008c9   Thumb Code    28  init.o(.text)
    __scatterload_rt2                        0x080008c9   Thumb Code     0  init.o(.text)
    ADS1256_Init                             0x080008ed   Thumb Code    56  ads1256.o(i.ADS1256_Init)
    ADS1256_IsReady                          0x08000925   Thumb Code    20  ads1256.o(i.ADS1256_IsReady)
    ADS1256_RDATA                            0x0800093d   Thumb Code    74  ads1256.o(i.ADS1256_RDATA)
    ADS1256_Reset                            0x0800098d   Thumb Code    40  ads1256.o(i.ADS1256_Reset)
    ADS1256_SPI_RW                           0x080009b9   Thumb Code    34  ads1256.o(i.ADS1256_SPI_RW)
    ADS1256_UpdateDiffData                   0x080009e1   Thumb Code    82  ads1256.o(i.ADS1256_UpdateDiffData)
    ADS1256_WREG                             0x08000a39   Thumb Code    44  ads1256.o(i.ADS1256_WREG)
    BusFault_Handler                         0x08000a65   Thumb Code     2  stm32f4xx_it.o(i.BusFault_Handler)
    CAN1_RX0_IRQHandler                      0x08000a69   Thumb Code     6  stm32f4xx_it.o(i.CAN1_RX0_IRQHandler)
    CANFilterInit                            0x08000a75   Thumb Code    78  wtr_can.o(i.CANFilterInit)
    CanDataDecode                            0x08000ac5   Thumb Code    12  wtr_can.o(i.CanDataDecode)
    CanTransmit_DJI_1234                     0x08000ad5   Thumb Code    96  dji.o(i.CanTransmit_DJI_1234)
    DJI_CanMsgDecode                         0x08000b39   Thumb Code    52  dji.o(i.DJI_CanMsgDecode)
    DJI_Init                                 0x08000b71   Thumb Code   108  dji.o(i.DJI_Init)
    DJI_Update                               0x08000bfd   Thumb Code   186  dji.o(i.DJI_Update)
    DMA1_Stream1_IRQHandler                  0x08000cc5   Thumb Code     6  stm32f4xx_it.o(i.DMA1_Stream1_IRQHandler)
    DMA2_Stream1_IRQHandler                  0x08000cd1   Thumb Code     6  stm32f4xx_it.o(i.DMA2_Stream1_IRQHandler)
    DebugMon_Handler                         0x08000d81   Thumb Code     2  stm32f4xx_it.o(i.DebugMon_Handler)
    Error_Handler                            0x08000d83   Thumb Code     4  main.o(i.Error_Handler)
    HAL_CAN_ActivateNotification             0x08000d87   Thumb Code    36  stm32f4xx_hal_can.o(i.HAL_CAN_ActivateNotification)
    HAL_CAN_AddTxMessage                     0x08000dab   Thumb Code   220  stm32f4xx_hal_can.o(i.HAL_CAN_AddTxMessage)
    HAL_CAN_ConfigFilter                     0x08000e89   Thumb Code   262  stm32f4xx_hal_can.o(i.HAL_CAN_ConfigFilter)
    HAL_CAN_ErrorCallback                    0x08000f95   Thumb Code     2  stm32f4xx_hal_can.o(i.HAL_CAN_ErrorCallback)
    HAL_CAN_GetRxMessage                     0x08000f97   Thumb Code   232  stm32f4xx_hal_can.o(i.HAL_CAN_GetRxMessage)
    HAL_CAN_GetTxMailboxesFreeLevel          0x0800107f   Thumb Code    44  stm32f4xx_hal_can.o(i.HAL_CAN_GetTxMailboxesFreeLevel)
    HAL_CAN_IRQHandler                       0x080010ab   Thumb Code   508  stm32f4xx_hal_can.o(i.HAL_CAN_IRQHandler)
    HAL_CAN_Init                             0x080012a7   Thumb Code   282  stm32f4xx_hal_can.o(i.HAL_CAN_Init)
    HAL_CAN_MspInit                          0x080013c1   Thumb Code   110  can.o(i.HAL_CAN_MspInit)
    HAL_CAN_RxFifo0FullCallback              0x0800143d   Thumb Code     2  stm32f4xx_hal_can.o(i.HAL_CAN_RxFifo0FullCallback)
    HAL_CAN_RxFifo0MsgPendingCallback        0x08001441   Thumb Code    56  wtr_can.o(i.HAL_CAN_RxFifo0MsgPendingCallback)
    HAL_CAN_RxFifo1FullCallback              0x08001481   Thumb Code     2  stm32f4xx_hal_can.o(i.HAL_CAN_RxFifo1FullCallback)
    HAL_CAN_RxFifo1MsgPendingCallback        0x08001483   Thumb Code     2  stm32f4xx_hal_can.o(i.HAL_CAN_RxFifo1MsgPendingCallback)
    HAL_CAN_SleepCallback                    0x08001485   Thumb Code     2  stm32f4xx_hal_can.o(i.HAL_CAN_SleepCallback)
    HAL_CAN_Start                            0x08001489   Thumb Code    88  stm32f4xx_hal_can.o(i.HAL_CAN_Start)
    HAL_CAN_TxMailbox0AbortCallback          0x080014e1   Thumb Code     2  stm32f4xx_hal_can.o(i.HAL_CAN_TxMailbox0AbortCallback)
    HAL_CAN_TxMailbox0CompleteCallback       0x080014e3   Thumb Code     2  stm32f4xx_hal_can.o(i.HAL_CAN_TxMailbox0CompleteCallback)
    HAL_CAN_TxMailbox1AbortCallback          0x080014e5   Thumb Code     2  stm32f4xx_hal_can.o(i.HAL_CAN_TxMailbox1AbortCallback)
    HAL_CAN_TxMailbox1CompleteCallback       0x080014e7   Thumb Code     2  stm32f4xx_hal_can.o(i.HAL_CAN_TxMailbox1CompleteCallback)
    HAL_CAN_TxMailbox2AbortCallback          0x080014e9   Thumb Code     2  stm32f4xx_hal_can.o(i.HAL_CAN_TxMailbox2AbortCallback)
    HAL_CAN_TxMailbox2CompleteCallback       0x080014eb   Thumb Code     2  stm32f4xx_hal_can.o(i.HAL_CAN_TxMailbox2CompleteCallback)
    HAL_CAN_WakeUpFromRxMsgCallback          0x080014ed   Thumb Code     2  stm32f4xx_hal_can.o(i.HAL_CAN_WakeUpFromRxMsgCallback)
    HAL_DMA_Abort_IT                         0x080014ef   Thumb Code    36  stm32f4xx_hal_dma.o(i.HAL_DMA_Abort_IT)
    HAL_DMA_IRQHandler                       0x08001515   Thumb Code   412  stm32f4xx_hal_dma.o(i.HAL_DMA_IRQHandler)
    HAL_DMA_Init                             0x080016b5   Thumb Code   206  stm32f4xx_hal_dma.o(i.HAL_DMA_Init)
    HAL_DMA_Start_IT                         0x08001789   Thumb Code   110  stm32f4xx_hal_dma.o(i.HAL_DMA_Start_IT)
    HAL_Delay                                0x080017f9   Thumb Code    32  stm32f4xx_hal.o(i.HAL_Delay)
    HAL_GPIO_Init                            0x0800181d   Thumb Code   394  stm32f4xx_hal_gpio.o(i.HAL_GPIO_Init)
    HAL_GPIO_ReadPin                         0x080019d5   Thumb Code    10  stm32f4xx_hal_gpio.o(i.HAL_GPIO_ReadPin)
    HAL_GPIO_WritePin                        0x080019df   Thumb Code    10  stm32f4xx_hal_gpio.o(i.HAL_GPIO_WritePin)
    HAL_GetTick                              0x080019e9   Thumb Code     6  stm32f4xx_hal.o(i.HAL_GetTick)
    HAL_IncTick                              0x080019f5   Thumb Code    12  stm32f4xx_hal.o(i.HAL_IncTick)
    HAL_Init                                 0x08001a05   Thumb Code    48  stm32f4xx_hal.o(i.HAL_Init)
    HAL_InitTick                             0x08001a39   Thumb Code    54  stm32f4xx_hal.o(i.HAL_InitTick)
    HAL_MspInit                              0x08001a79   Thumb Code    42  stm32f4xx_hal_msp.o(i.HAL_MspInit)
    HAL_NVIC_EnableIRQ                       0x08001aa9   Thumb Code    26  stm32f4xx_hal_cortex.o(i.HAL_NVIC_EnableIRQ)
    HAL_NVIC_SetPriority                     0x08001ac5   Thumb Code    60  stm32f4xx_hal_cortex.o(i.HAL_NVIC_SetPriority)
    HAL_NVIC_SetPriorityGrouping             0x08001b05   Thumb Code    26  stm32f4xx_hal_cortex.o(i.HAL_NVIC_SetPriorityGrouping)
    HAL_RCC_ClockConfig                      0x08001b29   Thumb Code   288  stm32f4xx_hal_rcc.o(i.HAL_RCC_ClockConfig)
    HAL_RCC_GetPCLK1Freq                     0x08001c5d   Thumb Code    20  stm32f4xx_hal_rcc.o(i.HAL_RCC_GetPCLK1Freq)
    HAL_RCC_GetPCLK2Freq                     0x08001c7d   Thumb Code    20  stm32f4xx_hal_rcc.o(i.HAL_RCC_GetPCLK2Freq)
    HAL_RCC_GetSysClockFreq                  0x08001c9d   Thumb Code    88  stm32f4xx_hal_rcc.o(i.HAL_RCC_GetSysClockFreq)
    HAL_RCC_OscConfig                        0x08001cfd   Thumb Code   840  stm32f4xx_hal_rcc.o(i.HAL_RCC_OscConfig)
    HAL_SPI_Init                             0x08002059   Thumb Code   128  stm32f4xx_hal_spi.o(i.HAL_SPI_Init)
    HAL_SPI_MspInit                          0x080020d9   Thumb Code    92  spi.o(i.HAL_SPI_MspInit)
    HAL_SPI_TransmitReceive                  0x08002141   Thumb Code   482  stm32f4xx_hal_spi.o(i.HAL_SPI_TransmitReceive)
    HAL_SYSTICK_Config                       0x08002323   Thumb Code    40  stm32f4xx_hal_cortex.o(i.HAL_SYSTICK_Config)
    HAL_TIMEx_BreakCallback                  0x0800234b   Thumb Code     2  stm32f4xx_hal_tim_ex.o(i.HAL_TIMEx_BreakCallback)
    HAL_TIMEx_CommutCallback                 0x0800234d   Thumb Code     2  stm32f4xx_hal_tim_ex.o(i.HAL_TIMEx_CommutCallback)
    HAL_TIMEx_MasterConfigSynchronization    0x08002351   Thumb Code   116  stm32f4xx_hal_tim_ex.o(i.HAL_TIMEx_MasterConfigSynchronization)
    HAL_TIM_Base_Init                        0x080023e1   Thumb Code    54  stm32f4xx_hal_tim.o(i.HAL_TIM_Base_Init)
    HAL_TIM_Base_MspInit                     0x08002419   Thumb Code    86  tim.o(i.HAL_TIM_Base_MspInit)
    HAL_TIM_Base_Start_IT                    0x0800247d   Thumb Code    34  stm32f4xx_hal_tim.o(i.HAL_TIM_Base_Start_IT)
    HAL_TIM_ConfigClockSource                0x0800249f   Thumb Code   214  stm32f4xx_hal_tim.o(i.HAL_TIM_ConfigClockSource)
    HAL_TIM_IC_CaptureCallback               0x08002575   Thumb Code     2  stm32f4xx_hal_tim.o(i.HAL_TIM_IC_CaptureCallback)
    HAL_TIM_IRQHandler                       0x08002577   Thumb Code   358  stm32f4xx_hal_tim.o(i.HAL_TIM_IRQHandler)
    HAL_TIM_OC_DelayElapsedCallback          0x080026dd   Thumb Code     2  stm32f4xx_hal_tim.o(i.HAL_TIM_OC_DelayElapsedCallback)
    HAL_TIM_PWM_PulseFinishedCallback        0x080026df   Thumb Code     2  stm32f4xx_hal_tim.o(i.HAL_TIM_PWM_PulseFinishedCallback)
    HAL_TIM_PeriodElapsedCallback            0x080026e1   Thumb Code    16  main.o(i.HAL_TIM_PeriodElapsedCallback)
    HAL_TIM_TriggerCallback                  0x080026f9   Thumb Code     2  stm32f4xx_hal_tim.o(i.HAL_TIM_TriggerCallback)
    HAL_UART_ErrorCallback                   0x080026fb   Thumb Code     2  stm32f4xx_hal_uart.o(i.HAL_UART_ErrorCallback)
    HAL_UART_IRQHandler                      0x080026fd   Thumb Code   270  stm32f4xx_hal_uart.o(i.HAL_UART_IRQHandler)
    HAL_UART_Init                            0x08002811   Thumb Code    98  stm32f4xx_hal_uart.o(i.HAL_UART_Init)
    HAL_UART_MspInit                         0x08002875   Thumb Code   336  usart.o(i.HAL_UART_MspInit)
    HAL_UART_Receive_DMA                     0x080029ed   Thumb Code   138  stm32f4xx_hal_uart.o(i.HAL_UART_Receive_DMA)
    HAL_UART_RxCpltCallback                  0x08002a85   Thumb Code    46  main.o(i.HAL_UART_RxCpltCallback)
    HAL_UART_RxHalfCpltCallback              0x08002ac5   Thumb Code     2  stm32f4xx_hal_uart.o(i.HAL_UART_RxHalfCpltCallback)
    HAL_UART_Transmit                        0x08002ac7   Thumb Code   186  stm32f4xx_hal_uart.o(i.HAL_UART_Transmit)
    HAL_UART_TxCpltCallback                  0x08002b81   Thumb Code     2  stm32f4xx_hal_uart.o(i.HAL_UART_TxCpltCallback)
    HardFault_Handler                        0x08002b83   Thumb Code     2  stm32f4xx_it.o(i.HardFault_Handler)
    Kine_Init                                0x08002b85   Thumb Code   210  omni.o(i.Kine_Init)
    Kine_SetSpeed                            0x08002c69   Thumb Code    92  omni.o(i.Kine_SetSpeed)
    Kine_SetSpeed_40                         0x08002cc9   Thumb Code   182  omni.o(i.Kine_SetSpeed_40)
    Kine_SetSpeed_41                         0x08002d99   Thumb Code   182  omni.o(i.Kine_SetSpeed_41)
    Kine_SetSpeed_42                         0x08002e69   Thumb Code   182  omni.o(i.Kine_SetSpeed_42)
    Kine_SetSpeed_43                         0x08002f39   Thumb Code   182  omni.o(i.Kine_SetSpeed_43)
    MX_CAN1_Init                             0x08003009   Thumb Code    56  can.o(i.MX_CAN1_Init)
    MX_DMA_Init                              0x08003049   Thumb Code    72  dma.o(i.MX_DMA_Init)
    MX_GPIO_Init                             0x08003095   Thumb Code   218  gpio.o(i.MX_GPIO_Init)
    MX_SPI1_Init                             0x08003181   Thumb Code    62  spi.o(i.MX_SPI1_Init)
    MX_TIM4_Init                             0x080031c9   Thumb Code    96  tim.o(i.MX_TIM4_Init)
    MX_TIM5_Init                             0x08003231   Thumb Code    96  tim.o(i.MX_TIM5_Init)
    MX_USART1_UART_Init                      0x08003299   Thumb Code    48  usart.o(i.MX_USART1_UART_Init)
    MX_USART3_UART_Init                      0x080032d1   Thumb Code    48  usart.o(i.MX_USART3_UART_Init)
    MX_USART6_UART_Init                      0x08003309   Thumb Code    48  usart.o(i.MX_USART6_UART_Init)
    MemManage_Handler                        0x08003341   Thumb Code     2  stm32f4xx_it.o(i.MemManage_Handler)
    NMI_Handler                              0x08003343   Thumb Code     2  stm32f4xx_it.o(i.NMI_Handler)
    PID_Calc                                 0x08003345   Thumb Code   130  caculate.o(i.PID_Calc)
    PendSV_Handler                           0x080033c7   Thumb Code     2  stm32f4xx_it.o(i.PendSV_Handler)
    SVC_Handler                              0x080034b5   Thumb Code     2  stm32f4xx_it.o(i.SVC_Handler)
    SysTick_Handler                          0x080034b7   Thumb Code     4  stm32f4xx_it.o(i.SysTick_Handler)
    SystemClock_Config                       0x080034bd   Thumb Code   138  main.o(i.SystemClock_Config)
    SystemInit                               0x08003551   Thumb Code    22  system_stm32f4xx.o(i.SystemInit)
    TIM4_IRQHandler                          0x0800356d   Thumb Code     6  stm32f4xx_it.o(i.TIM4_IRQHandler)
    TIM5_IRQHandler                          0x08003579   Thumb Code     6  stm32f4xx_it.o(i.TIM5_IRQHandler)
    TIM_Base_SetConfig                       0x08003585   Thumb Code   156  stm32f4xx_hal_tim.o(i.TIM_Base_SetConfig)
    TIM_ETR_SetConfig                        0x0800364d   Thumb Code    20  stm32f4xx_hal_tim.o(i.TIM_ETR_SetConfig)
    USART6_IRQHandler                        0x08003a0d   Thumb Code     6  stm32f4xx_it.o(i.USART6_IRQHandler)
    UsageFault_Handler                       0x08003a19   Thumb Code     2  stm32f4xx_it.o(i.UsageFault_Handler)
    __ARM_fpclassify                         0x08003a1b   Thumb Code    48  fpclassify.o(i.__ARM_fpclassify)
    __hardfp_pow                             0x08003a71   Thumb Code  3072  pow.o(i.__hardfp_pow)
    __hardfp_sqrt                            0x080046c1   Thumb Code   122  sqrt.o(i.__hardfp_sqrt)
    __kernel_poly                            0x0800473b   Thumb Code   248  poly.o(i.__kernel_poly)
    __mathlib_dbl_divzero                    0x08004839   Thumb Code    28  dunder.o(i.__mathlib_dbl_divzero)
    __mathlib_dbl_infnan2                    0x08004869   Thumb Code    20  dunder.o(i.__mathlib_dbl_infnan2)
    __mathlib_dbl_invalid                    0x08004881   Thumb Code    24  dunder.o(i.__mathlib_dbl_invalid)
    __mathlib_dbl_overflow                   0x080048a1   Thumb Code    24  dunder.o(i.__mathlib_dbl_overflow)
    __mathlib_dbl_underflow                  0x080048c1   Thumb Code    24  dunder.o(i.__mathlib_dbl_underflow)
    __scatterload_copy                       0x080048e1   Thumb Code    14  handlers.o(i.__scatterload_copy)
    __scatterload_null                       0x080048ef   Thumb Code     2  handlers.o(i.__scatterload_null)
    __scatterload_zeroinit                   0x080048f1   Thumb Code    14  handlers.o(i.__scatterload_zeroinit)
    __set_errno                              0x08004901   Thumb Code     6  errno.o(i.__set_errno)
    delay_us                                 0x0800490d   Thumb Code    60  tith_time.o(i.delay_us)
    fabs                                     0x08004949   Thumb Code    24  fabs.o(i.fabs)
    get_dji_offset                           0x08004961   Thumb Code    46  dji.o(i.get_dji_offset)
    main                                     0x08004995   Thumb Code   482  main.o(i.main)
    mpu6050_decode                           0x08004bd9   Thumb Code   488  mpu6050.o(i.mpu6050_decode)
    mpu6050_init                             0x08004de1   Thumb Code    10  mpu6050.o(i.mpu6050_init)
    nrf_Transmit_init                        0x08004df5   Thumb Code    12  nrf_com.o(i.nrf_Transmit_init)
    nrf_decode                               0x08004e05   Thumb Code   120  nrf_com.o(i.nrf_decode)
    nrf_receive_init                         0x08004e85   Thumb Code    10  nrf_com.o(i.nrf_receive_init)
    send                                     0x08004e99   Thumb Code    12  nrf_com.o(i.send)
    speedServo                               0x08004ead   Thumb Code    18  caculate.o(i.speedServo)
    sqrt                                     0x08004ebf   Thumb Code   110  sqrt.o(i.sqrt)
    AHBPrescTable                            0x08004f34   Data          16  system_stm32f4xx.o(.constdata)
    APBPrescTable                            0x08004f44   Data           8  system_stm32f4xx.o(.constdata)
    __mathlib_zero                           0x08004fd8   Data           8  qnan.o(.constdata)
    Region$$Table$$Base                      0x08004fe0   Number         0  anon$$obj.o(Region$$Table)
    Region$$Table$$Limit                     0x08005000   Number         0  anon$$obj.o(Region$$Table)
    time                                     0x20000000   Data           4  main.o(.data)
    robot_vx                                 0x20000004   Data           4  main.o(.data)
    robot_vy                                 0x20000008   Data           4  main.o(.data)
    robot_rot                                0x2000000c   Data           4  main.o(.data)
    Bias_mpu                                 0x20000010   Data           4  main.o(.data)
    ifRecv                                   0x20000014   Data           4  main.o(.data)
    k                                        0x20000018   Data           4  omni.o(.data)
    button_A                                 0x2000001c   Data           1  nrf_com.o(.data)
    button_B                                 0x2000001d   Data           1  nrf_com.o(.data)
    button_C                                 0x2000001e   Data           1  nrf_com.o(.data)
    button_D                                 0x2000001f   Data           1  nrf_com.o(.data)
    button_E                                 0x20000020   Data           1  nrf_com.o(.data)
    button_F                                 0x20000021   Data           1  nrf_com.o(.data)
    button_G                                 0x20000022   Data           1  nrf_com.o(.data)
    button_H                                 0x20000023   Data           1  nrf_com.o(.data)
    Leftx                                    0x20000024   Data           4  nrf_com.o(.data)
    Lefty                                    0x20000028   Data           4  nrf_com.o(.data)
    Rightx                                   0x2000002c   Data           4  nrf_com.o(.data)
    Righty                                   0x20000030   Data           4  nrf_com.o(.data)
    CanReceiveData                           0x20000038   Data           8  wtr_can.o(.data)
    uwTickFreq                               0x20000040   Data           1  stm32f4xx_hal.o(.data)
    uwTickPrio                               0x20000044   Data           4  stm32f4xx_hal.o(.data)
    uwTick                                   0x20000048   Data           4  stm32f4xx_hal.o(.data)
    SystemCoreClock                          0x2000004c   Data           4  system_stm32f4xx.o(.data)
    hcan1                                    0x20000054   Data          40  can.o(.bss)
    hspi1                                    0x2000007c   Data          88  spi.o(.bss)
    htim4                                    0x200000d4   Data          64  tim.o(.bss)
    htim5                                    0x20000114   Data          64  tim.o(.bss)
    huart1                                   0x20000154   Data          64  usart.o(.bss)
    huart3                                   0x20000194   Data          64  usart.o(.bss)
    huart6                                   0x200001d4   Data          64  usart.o(.bss)
    hdma_usart3_rx                           0x20000214   Data          96  usart.o(.bss)
    hdma_usart6_rx                           0x20000274   Data          96  usart.o(.bss)
    wheel                                    0x200002d4   Data          48  omni.o(.bss)
    wheel_3                                  0x20000304   Data          36  omni.o(.bss)
    r                                        0x20000328   Data          16  omni.o(.bss)
    r_3                                      0x20000338   Data          12  omni.o(.bss)
    nrfDataBag                               0x20000344   Data          26  nrf_com.o(.bss)
    nrfReceive                               0x2000035e   Data          52  nrf_com.o(.bss)
    hDJI                                     0x20000394   Data        1152  dji.o(.bss)
    ADS1256_diff_data                        0x20000814   Data          16  ads1256.o(.bss)
    receiveData                              0x20000824   Data          66  mpu6050.o(.bss)
    mpu6050_databag                          0x20000866   Data          20  mpu6050.o(.bss)
    __initial_sp                             0x20000c80   Data           0  startup_stm32f407xx.o(STACK)



==============================================================================

Memory Map of the image

  Image Entry point : 0x08000189

  Load Region LR_IROM1 (Base: 0x08000000, Size: 0x00005054, Max: 0x00080000, ABSOLUTE)

    Execution Region ER_IROM1 (Exec base: 0x08000000, Load base: 0x08000000, Size: 0x00005000, Max: 0x00080000, ABSOLUTE)

    Exec Addr    Load Addr    Size         Type   Attr      Idx    E Section Name        Object

    0x08000000   0x08000000   0x00000188   Data   RO            3    RESET               startup_stm32f407xx.o
    0x08000188   0x08000188   0x00000000   Code   RO         4153  * .ARM.Collect$$$$00000000  mc_w.l(entry.o)
    0x08000188   0x08000188   0x00000004   Code   RO         4205    .ARM.Collect$$$$00000001  mc_w.l(entry2.o)
    0x0800018c   0x0800018c   0x00000004   Code   RO         4208    .ARM.Collect$$$$00000004  mc_w.l(entry5.o)
    0x08000190   0x08000190   0x00000000   Code   RO         4210    .ARM.Collect$$$$00000008  mc_w.l(entry7b.o)
    0x08000190   0x08000190   0x00000000   Code   RO         4212    .ARM.Collect$$$$0000000A  mc_w.l(entry8b.o)
    0x08000190   0x08000190   0x00000008   Code   RO         4213    .ARM.Collect$$$$0000000B  mc_w.l(entry9a.o)
    0x08000198   0x08000198   0x00000004   Code   RO         4220    .ARM.Collect$$$$0000000E  mc_w.l(entry12b.o)
    0x0800019c   0x0800019c   0x00000000   Code   RO         4215    .ARM.Collect$$$$0000000F  mc_w.l(entry10a.o)
    0x0800019c   0x0800019c   0x00000000   Code   RO         4217    .ARM.Collect$$$$00000011  mc_w.l(entry11a.o)
    0x0800019c   0x0800019c   0x00000004   Code   RO         4206    .ARM.Collect$$$$00002712  mc_w.l(entry2.o)
    0x080001a0   0x080001a0   0x00000024   Code   RO            4    .text               startup_stm32f407xx.o
    0x080001c4   0x080001c4   0x00000062   Code   RO         4156    .text               mc_w.l(uldiv.o)
    0x08000226   0x08000226   0x00000024   Code   RO         4158    .text               mc_w.l(memcpya.o)
    0x0800024a   0x0800024a   0x00000024   Code   RO         4160    .text               mc_w.l(memseta.o)
    0x0800026e   0x0800026e   0x0000014e   Code   RO         4164    .text               mf_w.l(dadd.o)
    0x080003bc   0x080003bc   0x000000e4   Code   RO         4166    .text               mf_w.l(dmul.o)
    0x080004a0   0x080004a0   0x000000de   Code   RO         4168    .text               mf_w.l(ddiv.o)
    0x0800057e   0x0800057e   0x00000022   Code   RO         4170    .text               mf_w.l(dflti.o)
    0x080005a0   0x080005a0   0x0000003e   Code   RO         4174    .text               mf_w.l(dfixi.o)
    0x080005de   0x080005de   0x00000026   Code   RO         4176    .text               mf_w.l(f2d.o)
    0x08000604   0x08000604   0x00000038   Code   RO         4178    .text               mf_w.l(d2f.o)
    0x0800063c   0x0800063c   0x0000001e   Code   RO         4221    .text               mc_w.l(llshl.o)
    0x0800065a   0x0800065a   0x00000020   Code   RO         4223    .text               mc_w.l(llushr.o)
    0x0800067a   0x0800067a   0x00000024   Code   RO         4225    .text               mc_w.l(llsshr.o)
    0x0800069e   0x0800069e   0x00000000   Code   RO         4234    .text               mc_w.l(iusefp.o)
    0x0800069e   0x0800069e   0x0000006e   Code   RO         4235    .text               mf_w.l(fepilogue.o)
    0x0800070c   0x0800070c   0x000000ba   Code   RO         4237    .text               mf_w.l(depilogue.o)
    0x080007c6   0x080007c6   0x0000002e   Code   RO         4241    .text               mf_w.l(dscalb.o)
    0x080007f4   0x080007f4   0x000000a2   Code   RO         4243    .text               mf_w.l(dsqrt.o)
    0x08000896   0x08000896   0x00000002   PAD
    0x08000898   0x08000898   0x00000030   Code   RO         4247    .text               mf_w.l(cdrcmple.o)
    0x080008c8   0x080008c8   0x00000024   Code   RO         4249    .text               mc_w.l(init.o)
    0x080008ec   0x080008ec   0x00000038   Code   RO          908    i.ADS1256_Init      ads1256.o
    0x08000924   0x08000924   0x00000018   Code   RO          909    i.ADS1256_IsReady   ads1256.o
    0x0800093c   0x0800093c   0x00000050   Code   RO          911    i.ADS1256_RDATA     ads1256.o
    0x0800098c   0x0800098c   0x0000002c   Code   RO          914    i.ADS1256_Reset     ads1256.o
    0x080009b8   0x080009b8   0x00000028   Code   RO          915    i.ADS1256_SPI_RW    ads1256.o
    0x080009e0   0x080009e0   0x00000058   Code   RO          916    i.ADS1256_UpdateDiffData  ads1256.o
    0x08000a38   0x08000a38   0x0000002c   Code   RO          917    i.ADS1256_WREG      ads1256.o
    0x08000a64   0x08000a64   0x00000002   Code   RO          459    i.BusFault_Handler  stm32f4xx_it.o
    0x08000a66   0x08000a66   0x00000002   PAD
    0x08000a68   0x08000a68   0x0000000c   Code   RO          460    i.CAN1_RX0_IRQHandler  stm32f4xx_it.o
    0x08000a74   0x08000a74   0x0000004e   Code   RO          831    i.CANFilterInit     wtr_can.o
    0x08000ac2   0x08000ac2   0x00000002   PAD
    0x08000ac4   0x08000ac4   0x00000010   Code   RO          832    i.CanDataDecode     wtr_can.o
    0x08000ad4   0x08000ad4   0x00000064   Code   RO          770    i.CanTransmit_DJI_1234  dji.o
    0x08000b38   0x08000b38   0x00000038   Code   RO          772    i.DJI_CanMsgDecode  dji.o
    0x08000b70   0x08000b70   0x0000008c   Code   RO          773    i.DJI_Init          dji.o
    0x08000bfc   0x08000bfc   0x000000c8   Code   RO          774    i.DJI_Update        dji.o
    0x08000cc4   0x08000cc4   0x0000000c   Code   RO          461    i.DMA1_Stream1_IRQHandler  stm32f4xx_it.o
    0x08000cd0   0x08000cd0   0x0000000c   Code   RO          462    i.DMA2_Stream1_IRQHandler  stm32f4xx_it.o
    0x08000cdc   0x08000cdc   0x00000028   Code   RO         1843    i.DMA_CalcBaseAndBitshift  stm32f4xx_hal_dma.o
    0x08000d04   0x08000d04   0x00000054   Code   RO         1844    i.DMA_CheckFifoParam  stm32f4xx_hal_dma.o
    0x08000d58   0x08000d58   0x00000028   Code   RO         1845    i.DMA_SetConfig     stm32f4xx_hal_dma.o
    0x08000d80   0x08000d80   0x00000002   Code   RO          463    i.DebugMon_Handler  stm32f4xx_it.o
    0x08000d82   0x08000d82   0x00000004   Code   RO           13    i.Error_Handler     main.o
    0x08000d86   0x08000d86   0x00000024   Code   RO         1151    i.HAL_CAN_ActivateNotification  stm32f4xx_hal_can.o
    0x08000daa   0x08000daa   0x000000dc   Code   RO         1152    i.HAL_CAN_AddTxMessage  stm32f4xx_hal_can.o
    0x08000e86   0x08000e86   0x00000002   PAD
    0x08000e88   0x08000e88   0x0000010c   Code   RO         1153    i.HAL_CAN_ConfigFilter  stm32f4xx_hal_can.o
    0x08000f94   0x08000f94   0x00000002   Code   RO         1156    i.HAL_CAN_ErrorCallback  stm32f4xx_hal_can.o
    0x08000f96   0x08000f96   0x000000e8   Code   RO         1159    i.HAL_CAN_GetRxMessage  stm32f4xx_hal_can.o
    0x0800107e   0x0800107e   0x0000002c   Code   RO         1161    i.HAL_CAN_GetTxMailboxesFreeLevel  stm32f4xx_hal_can.o
    0x080010aa   0x080010aa   0x000001fc   Code   RO         1163    i.HAL_CAN_IRQHandler  stm32f4xx_hal_can.o
    0x080012a6   0x080012a6   0x0000011a   Code   RO         1164    i.HAL_CAN_Init      stm32f4xx_hal_can.o
    0x080013c0   0x080013c0   0x0000007c   Code   RO          250    i.HAL_CAN_MspInit   can.o
    0x0800143c   0x0800143c   0x00000002   Code   RO         1171    i.HAL_CAN_RxFifo0FullCallback  stm32f4xx_hal_can.o
    0x0800143e   0x0800143e   0x00000002   PAD
    0x08001440   0x08001440   0x00000040   Code   RO          833    i.HAL_CAN_RxFifo0MsgPendingCallback  wtr_can.o
    0x08001480   0x08001480   0x00000002   Code   RO         1173    i.HAL_CAN_RxFifo1FullCallback  stm32f4xx_hal_can.o
    0x08001482   0x08001482   0x00000002   Code   RO         1174    i.HAL_CAN_RxFifo1MsgPendingCallback  stm32f4xx_hal_can.o
    0x08001484   0x08001484   0x00000002   Code   RO         1175    i.HAL_CAN_SleepCallback  stm32f4xx_hal_can.o
    0x08001486   0x08001486   0x00000002   PAD
    0x08001488   0x08001488   0x00000058   Code   RO         1176    i.HAL_CAN_Start     stm32f4xx_hal_can.o
    0x080014e0   0x080014e0   0x00000002   Code   RO         1178    i.HAL_CAN_TxMailbox0AbortCallback  stm32f4xx_hal_can.o
    0x080014e2   0x080014e2   0x00000002   Code   RO         1179    i.HAL_CAN_TxMailbox0CompleteCallback  stm32f4xx_hal_can.o
    0x080014e4   0x080014e4   0x00000002   Code   RO         1180    i.HAL_CAN_TxMailbox1AbortCallback  stm32f4xx_hal_can.o
    0x080014e6   0x080014e6   0x00000002   Code   RO         1181    i.HAL_CAN_TxMailbox1CompleteCallback  stm32f4xx_hal_can.o
    0x080014e8   0x080014e8   0x00000002   Code   RO         1182    i.HAL_CAN_TxMailbox2AbortCallback  stm32f4xx_hal_can.o
    0x080014ea   0x080014ea   0x00000002   Code   RO         1183    i.HAL_CAN_TxMailbox2CompleteCallback  stm32f4xx_hal_can.o
    0x080014ec   0x080014ec   0x00000002   Code   RO         1185    i.HAL_CAN_WakeUpFromRxMsgCallback  stm32f4xx_hal_can.o
    0x080014ee   0x080014ee   0x00000024   Code   RO         1847    i.HAL_DMA_Abort_IT  stm32f4xx_hal_dma.o
    0x08001512   0x08001512   0x00000002   PAD
    0x08001514   0x08001514   0x000001a0   Code   RO         1851    i.HAL_DMA_IRQHandler  stm32f4xx_hal_dma.o
    0x080016b4   0x080016b4   0x000000d4   Code   RO         1852    i.HAL_DMA_Init      stm32f4xx_hal_dma.o
    0x08001788   0x08001788   0x0000006e   Code   RO         1856    i.HAL_DMA_Start_IT  stm32f4xx_hal_dma.o
    0x080017f6   0x080017f6   0x00000002   PAD
    0x080017f8   0x080017f8   0x00000024   Code   RO         2265    i.HAL_Delay         stm32f4xx_hal.o
    0x0800181c   0x0800181c   0x000001b8   Code   RO         1739    i.HAL_GPIO_Init     stm32f4xx_hal_gpio.o
    0x080019d4   0x080019d4   0x0000000a   Code   RO         1741    i.HAL_GPIO_ReadPin  stm32f4xx_hal_gpio.o
    0x080019de   0x080019de   0x0000000a   Code   RO         1743    i.HAL_GPIO_WritePin  stm32f4xx_hal_gpio.o
    0x080019e8   0x080019e8   0x0000000c   Code   RO         2271    i.HAL_GetTick       stm32f4xx_hal.o
    0x080019f4   0x080019f4   0x00000010   Code   RO         2277    i.HAL_IncTick       stm32f4xx_hal.o
    0x08001a04   0x08001a04   0x00000034   Code   RO         2278    i.HAL_Init          stm32f4xx_hal.o
    0x08001a38   0x08001a38   0x00000040   Code   RO         2279    i.HAL_InitTick      stm32f4xx_hal.o
    0x08001a78   0x08001a78   0x00000030   Code   RO          571    i.HAL_MspInit       stm32f4xx_hal_msp.o
    0x08001aa8   0x08001aa8   0x0000001a   Code   RO         2128    i.HAL_NVIC_EnableIRQ  stm32f4xx_hal_cortex.o
    0x08001ac2   0x08001ac2   0x00000002   PAD
    0x08001ac4   0x08001ac4   0x00000040   Code   RO         2134    i.HAL_NVIC_SetPriority  stm32f4xx_hal_cortex.o
    0x08001b04   0x08001b04   0x00000024   Code   RO         2135    i.HAL_NVIC_SetPriorityGrouping  stm32f4xx_hal_cortex.o
    0x08001b28   0x08001b28   0x00000134   Code   RO         1385    i.HAL_RCC_ClockConfig  stm32f4xx_hal_rcc.o
    0x08001c5c   0x08001c5c   0x00000020   Code   RO         1392    i.HAL_RCC_GetPCLK1Freq  stm32f4xx_hal_rcc.o
    0x08001c7c   0x08001c7c   0x00000020   Code   RO         1393    i.HAL_RCC_GetPCLK2Freq  stm32f4xx_hal_rcc.o
    0x08001c9c   0x08001c9c   0x00000060   Code   RO         1394    i.HAL_RCC_GetSysClockFreq  stm32f4xx_hal_rcc.o
    0x08001cfc   0x08001cfc   0x0000035c   Code   RO         1397    i.HAL_RCC_OscConfig  stm32f4xx_hal_rcc.o
    0x08002058   0x08002058   0x00000080   Code   RO         2527    i.HAL_SPI_Init      stm32f4xx_hal_spi.o
    0x080020d8   0x080020d8   0x00000068   Code   RO          316    i.HAL_SPI_MspInit   spi.o
    0x08002140   0x08002140   0x000001e2   Code   RO         2536    i.HAL_SPI_TransmitReceive  stm32f4xx_hal_spi.o
    0x08002322   0x08002322   0x00000028   Code   RO         2139    i.HAL_SYSTICK_Config  stm32f4xx_hal_cortex.o
    0x0800234a   0x0800234a   0x00000002   Code   RO         3515    i.HAL_TIMEx_BreakCallback  stm32f4xx_hal_tim_ex.o
    0x0800234c   0x0800234c   0x00000002   Code   RO         3516    i.HAL_TIMEx_CommutCallback  stm32f4xx_hal_tim_ex.o
    0x0800234e   0x0800234e   0x00000002   PAD
    0x08002350   0x08002350   0x00000090   Code   RO         3533    i.HAL_TIMEx_MasterConfigSynchronization  stm32f4xx_hal_tim_ex.o
    0x080023e0   0x080023e0   0x00000036   Code   RO         2840    i.HAL_TIM_Base_Init  stm32f4xx_hal_tim.o
    0x08002416   0x08002416   0x00000002   PAD
    0x08002418   0x08002418   0x00000064   Code   RO          358    i.HAL_TIM_Base_MspInit  tim.o
    0x0800247c   0x0800247c   0x00000022   Code   RO         2845    i.HAL_TIM_Base_Start_IT  stm32f4xx_hal_tim.o
    0x0800249e   0x0800249e   0x000000d6   Code   RO         2849    i.HAL_TIM_ConfigClockSource  stm32f4xx_hal_tim.o
    0x08002574   0x08002574   0x00000002   Code   RO         2869    i.HAL_TIM_IC_CaptureCallback  stm32f4xx_hal_tim.o
    0x08002576   0x08002576   0x00000166   Code   RO         2883    i.HAL_TIM_IRQHandler  stm32f4xx_hal_tim.o
    0x080026dc   0x080026dc   0x00000002   Code   RO         2886    i.HAL_TIM_OC_DelayElapsedCallback  stm32f4xx_hal_tim.o
    0x080026de   0x080026de   0x00000002   Code   RO         2913    i.HAL_TIM_PWM_PulseFinishedCallback  stm32f4xx_hal_tim.o
    0x080026e0   0x080026e0   0x00000018   Code   RO           14    i.HAL_TIM_PeriodElapsedCallback  main.o
    0x080026f8   0x080026f8   0x00000002   Code   RO         2926    i.HAL_TIM_TriggerCallback  stm32f4xx_hal_tim.o
    0x080026fa   0x080026fa   0x00000002   Code   RO         3787    i.HAL_UART_ErrorCallback  stm32f4xx_hal_uart.o
    0x080026fc   0x080026fc   0x00000114   Code   RO         3790    i.HAL_UART_IRQHandler  stm32f4xx_hal_uart.o
    0x08002810   0x08002810   0x00000062   Code   RO         3791    i.HAL_UART_Init     stm32f4xx_hal_uart.o
    0x08002872   0x08002872   0x00000002   PAD
    0x08002874   0x08002874   0x00000178   Code   RO          406    i.HAL_UART_MspInit  usart.o
    0x080029ec   0x080029ec   0x00000098   Code   RO         3795    i.HAL_UART_Receive_DMA  stm32f4xx_hal_uart.o
    0x08002a84   0x08002a84   0x00000040   Code   RO           15    i.HAL_UART_RxCpltCallback  main.o
    0x08002ac4   0x08002ac4   0x00000002   Code   RO         3798    i.HAL_UART_RxHalfCpltCallback  stm32f4xx_hal_uart.o
    0x08002ac6   0x08002ac6   0x000000ba   Code   RO         3799    i.HAL_UART_Transmit  stm32f4xx_hal_uart.o
    0x08002b80   0x08002b80   0x00000002   Code   RO         3802    i.HAL_UART_TxCpltCallback  stm32f4xx_hal_uart.o
    0x08002b82   0x08002b82   0x00000002   Code   RO          464    i.HardFault_Handler  stm32f4xx_it.o
    0x08002b84   0x08002b84   0x000000e4   Code   RO          592    i.Kine_Init         omni.o
    0x08002c68   0x08002c68   0x00000060   Code   RO          593    i.Kine_SetSpeed     omni.o
    0x08002cc8   0x08002cc8   0x000000d0   Code   RO          598    i.Kine_SetSpeed_40  omni.o
    0x08002d98   0x08002d98   0x000000d0   Code   RO          599    i.Kine_SetSpeed_41  omni.o
    0x08002e68   0x08002e68   0x000000d0   Code   RO          600    i.Kine_SetSpeed_42  omni.o
    0x08002f38   0x08002f38   0x000000d0   Code   RO          601    i.Kine_SetSpeed_43  omni.o
    0x08003008   0x08003008   0x00000040   Code   RO          251    i.MX_CAN1_Init      can.o
    0x08003048   0x08003048   0x0000004c   Code   RO          291    i.MX_DMA_Init       dma.o
    0x08003094   0x08003094   0x000000ec   Code   RO          225    i.MX_GPIO_Init      gpio.o
    0x08003180   0x08003180   0x00000048   Code   RO          317    i.MX_SPI1_Init      spi.o
    0x080031c8   0x080031c8   0x00000068   Code   RO          359    i.MX_TIM4_Init      tim.o
    0x08003230   0x08003230   0x00000068   Code   RO          360    i.MX_TIM5_Init      tim.o
    0x08003298   0x08003298   0x00000038   Code   RO          407    i.MX_USART1_UART_Init  usart.o
    0x080032d0   0x080032d0   0x00000038   Code   RO          408    i.MX_USART3_UART_Init  usart.o
    0x08003308   0x08003308   0x00000038   Code   RO          409    i.MX_USART6_UART_Init  usart.o
    0x08003340   0x08003340   0x00000002   Code   RO          465    i.MemManage_Handler  stm32f4xx_it.o
    0x08003342   0x08003342   0x00000002   Code   RO          466    i.NMI_Handler       stm32f4xx_it.o
    0x08003344   0x08003344   0x00000082   Code   RO          721    i.PID_Calc          caculate.o
    0x080033c6   0x080033c6   0x00000002   Code   RO          467    i.PendSV_Handler    stm32f4xx_it.o
    0x080033c8   0x080033c8   0x00000058   Code   RO         2565    i.SPI_EndRxTxTransaction  stm32f4xx_hal_spi.o
    0x08003420   0x08003420   0x00000094   Code   RO         2570    i.SPI_WaitFlagStateUntilTimeout  stm32f4xx_hal_spi.o
    0x080034b4   0x080034b4   0x00000002   Code   RO          468    i.SVC_Handler       stm32f4xx_it.o
    0x080034b6   0x080034b6   0x00000004   Code   RO          469    i.SysTick_Handler   stm32f4xx_it.o
    0x080034ba   0x080034ba   0x00000002   PAD
    0x080034bc   0x080034bc   0x00000094   Code   RO           16    i.SystemClock_Config  main.o
    0x08003550   0x08003550   0x0000001c   Code   RO         4093    i.SystemInit        system_stm32f4xx.o
    0x0800356c   0x0800356c   0x0000000c   Code   RO          470    i.TIM4_IRQHandler   stm32f4xx_it.o
    0x08003578   0x08003578   0x0000000c   Code   RO          471    i.TIM5_IRQHandler   stm32f4xx_it.o
    0x08003584   0x08003584   0x000000c8   Code   RO         2928    i.TIM_Base_SetConfig  stm32f4xx_hal_tim.o
    0x0800364c   0x0800364c   0x00000014   Code   RO         2939    i.TIM_ETR_SetConfig  stm32f4xx_hal_tim.o
    0x08003660   0x08003660   0x00000010   Code   RO         2940    i.TIM_ITRx_SetConfig  stm32f4xx_hal_tim.o
    0x08003670   0x08003670   0x00000022   Code   RO         2946    i.TIM_TI1_ConfigInputStage  stm32f4xx_hal_tim.o
    0x08003692   0x08003692   0x00000024   Code   RO         2948    i.TIM_TI2_ConfigInputStage  stm32f4xx_hal_tim.o
    0x080036b6   0x080036b6   0x00000010   Code   RO         3804    i.UART_DMAAbortOnError  stm32f4xx_hal_uart.o
    0x080036c6   0x080036c6   0x0000004a   Code   RO         3805    i.UART_DMAError     stm32f4xx_hal_uart.o
    0x08003710   0x08003710   0x0000003c   Code   RO         3806    i.UART_DMAReceiveCplt  stm32f4xx_hal_uart.o
    0x0800374c   0x0800374c   0x0000000a   Code   RO         3808    i.UART_DMARxHalfCplt  stm32f4xx_hal_uart.o
    0x08003756   0x08003756   0x0000001c   Code   RO         3814    i.UART_EndRxTransfer  stm32f4xx_hal_uart.o
    0x08003772   0x08003772   0x00000012   Code   RO         3815    i.UART_EndTxTransfer  stm32f4xx_hal_uart.o
    0x08003784   0x08003784   0x00000096   Code   RO         3816    i.UART_Receive_IT   stm32f4xx_hal_uart.o
    0x0800381a   0x0800381a   0x00000002   PAD
    0x0800381c   0x0800381c   0x00000128   Code   RO         3817    i.UART_SetConfig    stm32f4xx_hal_uart.o
    0x08003944   0x08003944   0x00000062   Code   RO         3818    i.UART_Transmit_IT  stm32f4xx_hal_uart.o
    0x080039a6   0x080039a6   0x00000064   Code   RO         3819    i.UART_WaitOnFlagUntilTimeout  stm32f4xx_hal_uart.o
    0x08003a0a   0x08003a0a   0x00000002   PAD
    0x08003a0c   0x08003a0c   0x0000000c   Code   RO          472    i.USART6_IRQHandler  stm32f4xx_it.o
    0x08003a18   0x08003a18   0x00000002   Code   RO          473    i.UsageFault_Handler  stm32f4xx_it.o
    0x08003a1a   0x08003a1a   0x00000030   Code   RO         4200    i.__ARM_fpclassify  m_wm.l(fpclassify.o)
    0x08003a4a   0x08003a4a   0x00000020   Code   RO         2141    i.__NVIC_SetPriority  stm32f4xx_hal_cortex.o
    0x08003a6a   0x08003a6a   0x00000006   PAD
    0x08003a70   0x08003a70   0x00000c50   Code   RO         4127    i.__hardfp_pow      m_wm.l(pow.o)
    0x080046c0   0x080046c0   0x0000007a   Code   RO         4141    i.__hardfp_sqrt     m_wm.l(sqrt.o)
    0x0800473a   0x0800473a   0x000000f8   Code   RO         4202    i.__kernel_poly     m_wm.l(poly.o)
    0x08004832   0x08004832   0x00000006   PAD
    0x08004838   0x08004838   0x00000030   Code   RO         4180    i.__mathlib_dbl_divzero  m_wm.l(dunder.o)
    0x08004868   0x08004868   0x00000014   Code   RO         4182    i.__mathlib_dbl_infnan2  m_wm.l(dunder.o)
    0x0800487c   0x0800487c   0x00000004   PAD
    0x08004880   0x08004880   0x00000020   Code   RO         4183    i.__mathlib_dbl_invalid  m_wm.l(dunder.o)
    0x080048a0   0x080048a0   0x00000020   Code   RO         4184    i.__mathlib_dbl_overflow  m_wm.l(dunder.o)
    0x080048c0   0x080048c0   0x00000020   Code   RO         4186    i.__mathlib_dbl_underflow  m_wm.l(dunder.o)
    0x080048e0   0x080048e0   0x0000000e   Code   RO         4253    i.__scatterload_copy  mc_w.l(handlers.o)
    0x080048ee   0x080048ee   0x00000002   Code   RO         4254    i.__scatterload_null  mc_w.l(handlers.o)
    0x080048f0   0x080048f0   0x0000000e   Code   RO         4255    i.__scatterload_zeroinit  mc_w.l(handlers.o)
    0x080048fe   0x080048fe   0x00000002   PAD
    0x08004900   0x08004900   0x0000000c   Code   RO         4229    i.__set_errno       mc_w.l(errno.o)
    0x0800490c   0x0800490c   0x0000003c   Code   RO         1007    i.delay_us          tith_time.o
    0x08004948   0x08004948   0x00000018   Code   RO         4196    i.fabs              m_wm.l(fabs.o)
    0x08004960   0x08004960   0x00000034   Code   RO          775    i.get_dji_offset    dji.o
    0x08004994   0x08004994   0x00000244   Code   RO           17    i.main              main.o
    0x08004bd8   0x08004bd8   0x00000208   Code   RO         1040    i.mpu6050_decode    mpu6050.o
    0x08004de0   0x08004de0   0x00000014   Code   RO         1041    i.mpu6050_init      mpu6050.o
    0x08004df4   0x08004df4   0x00000010   Code   RO          672    i.nrf_Transmit_init  nrf_com.o
    0x08004e04   0x08004e04   0x00000080   Code   RO          673    i.nrf_decode        nrf_com.o
    0x08004e84   0x08004e84   0x00000014   Code   RO          674    i.nrf_receive_init  nrf_com.o
    0x08004e98   0x08004e98   0x00000014   Code   RO          675    i.send              nrf_com.o
    0x08004eac   0x08004eac   0x00000012   Code   RO          724    i.speedServo        caculate.o
    0x08004ebe   0x08004ebe   0x0000006e   Code   RO         4143    i.sqrt              m_wm.l(sqrt.o)
    0x08004f2c   0x08004f2c   0x00000008   Data   RO         1858    .constdata          stm32f4xx_hal_dma.o
    0x08004f34   0x08004f34   0x00000010   Data   RO         4094    .constdata          system_stm32f4xx.o
    0x08004f44   0x08004f44   0x00000008   Data   RO         4095    .constdata          system_stm32f4xx.o
    0x08004f4c   0x08004f4c   0x00000004   PAD
    0x08004f50   0x08004f50   0x00000088   Data   RO         4130    .constdata          m_wm.l(pow.o)
    0x08004fd8   0x08004fd8   0x00000008   Data   RO         4204    .constdata          m_wm.l(qnan.o)
    0x08004fe0   0x08004fe0   0x00000020   Data   RO         4251    Region$$Table       anon$$obj.o


    Execution Region RW_IRAM2 (Exec base: 0x10000000, Load base: 0x08005054, Size: 0x00000000, Max: 0x00010000, ABSOLUTE)

    **** No section assigned to this execution region ****


    Execution Region RW_IRAM1 (Exec base: 0x20000000, Load base: 0x08005000, Size: 0x00000c80, Max: 0x00020000, ABSOLUTE)

    Exec Addr    Load Addr    Size         Type   Attr      Idx    E Section Name        Object

    0x20000000   0x08005000   0x00000018   Data   RW           18    .data               main.o
    0x20000018   0x08005018   0x00000004   Data   RW          603    .data               omni.o
    0x2000001c   0x0800501c   0x00000018   Data   RW          677    .data               nrf_com.o
    0x20000034   0x08005034   0x00000004   Data   RW          777    .data               dji.o
    0x20000038   0x08005038   0x00000008   Data   RW          834    .data               wtr_can.o
    0x20000040   0x08005040   0x0000000c   Data   RW         2285    .data               stm32f4xx_hal.o
    0x2000004c   0x0800504c   0x00000004   Data   RW         4096    .data               system_stm32f4xx.o
    0x20000050   0x08005050   0x00000004   Data   RW         4230    .data               mc_w.l(errno.o)
    0x20000054        -       0x00000028   Zero   RW          252    .bss                can.o
    0x2000007c        -       0x00000058   Zero   RW          318    .bss                spi.o
    0x200000d4        -       0x00000080   Zero   RW          361    .bss                tim.o
    0x20000154        -       0x00000180   Zero   RW          410    .bss                usart.o
    0x200002d4        -       0x00000070   Zero   RW          602    .bss                omni.o
    0x20000344        -       0x0000004e   Zero   RW          676    .bss                nrf_com.o
    0x20000392   0x08005054   0x00000002   PAD
    0x20000394        -       0x00000480   Zero   RW          776    .bss                dji.o
    0x20000814        -       0x00000010   Zero   RW          918    .bss                ads1256.o
    0x20000824        -       0x00000042   Zero   RW         1042    .bss                mpu6050.o
    0x20000866        -       0x00000014   Zero   RW         1043    .bss                mpu6050.o
    0x2000087a   0x08005054   0x00000006   PAD
    0x20000880        -       0x00000400   Zero   RW            1    STACK               startup_stm32f407xx.o


==============================================================================

Image component sizes


      Code (inc. data)   RO Data    RW Data    ZI Data      Debug   Object Name

       376         26          0          0         16       5900   ads1256.o
       148          0          0          0          0       2391   caculate.o
       188         22          0          0         40       1821   can.o
       548         60          0          4       1152       4650   dji.o
        76          4          0          0          0        950   dma.o
       236         18          0          0          0       1159   gpio.o
       820        134          0         24          0     705921   main.o
       540         42          0          0         86       2298   mpu6050.o
       184         30          0         24         78       3885   nrf_com.o
      1156        126          0          4        112       5863   omni.o
       176         22          0          0         88       1817   spi.o
        36          8        392          0       1024        840   startup_stm32f407xx.o
       180         28          0         12          0       9553   stm32f4xx_hal.o
      1702          6          0          0          0      15197   stm32f4xx_hal_can.o
       198         14          0          0          0      33955   stm32f4xx_hal_cortex.o
       938         16          8          0          0       6606   stm32f4xx_hal_dma.o
       460         46          0          0          0       3195   stm32f4xx_hal_gpio.o
        48          6          0          0          0        982   stm32f4xx_hal_msp.o
      1328         72          0          0          0       5368   stm32f4xx_hal_rcc.o
       846          8          0          0          0       4873   stm32f4xx_hal_spi.o
       974         44          0          0          0      10181   stm32f4xx_hal_tim.o
       148         28          0          0          0       2589   stm32f4xx_hal_tim_ex.o
      1568         30          0          0          0      12986   stm32f4xx_hal_uart.o
        92         36          0          0          0       7032   stm32f4xx_it.o
        28          6         24          4          0       1291   system_stm32f4xx.o
       308         30          0          0        128       2551   tim.o
        60          0          0          0          0       1115   tith_time.o
       544         64          0          0        384       3438   usart.o
       158         12          0          8          0       2421   wtr_can.o

    ----------------------------------------------------------------------
     14098        938        460         80       3116     860828   Object Totals
         0          0         32          0          0          0   (incl. Generated)
        34          0          4          0          8          0   (incl. Padding)

    ----------------------------------------------------------------------

      Code (inc. data)   RO Data    RW Data    ZI Data      Debug   Library Member Name

       164         44          0          0          0        620   dunder.o
        24          0          0          0          0        124   fabs.o
        48          0          0          0          0        124   fpclassify.o
       248          0          0          0          0        152   poly.o
      3152        296        136          0          0        352   pow.o
         0          0          8          0          0          0   qnan.o
       232          0          0          0          0        296   sqrt.o
         0          0          0          0          0          0   entry.o
         0          0          0          0          0          0   entry10a.o
         0          0          0          0          0          0   entry11a.o
         4          0          0          0          0          0   entry12b.o
         8          4          0          0          0          0   entry2.o
         4          0          0          0          0          0   entry5.o
         0          0          0          0          0          0   entry7b.o
         0          0          0          0          0          0   entry8b.o
         8          4          0          0          0          0   entry9a.o
        12          6          0          4          0         68   errno.o
        30          0          0          0          0          0   handlers.o
        36          8          0          0          0         68   init.o
         0          0          0          0          0          0   iusefp.o
        30          0          0          0          0         68   llshl.o
        36          0          0          0          0         68   llsshr.o
        32          0          0          0          0         68   llushr.o
        36          0          0          0          0         68   memcpya.o
        36          0          0          0          0        108   memseta.o
        98          0          0          0          0         92   uldiv.o
        48          0          0          0          0         68   cdrcmple.o
        56          0          0          0          0         88   d2f.o
       334          0          0          0          0        148   dadd.o
       222          0          0          0          0        100   ddiv.o
       186          0          0          0          0        176   depilogue.o
        62          0          0          0          0         80   dfixi.o
        34          0          0          0          0         76   dflti.o
       228          0          0          0          0         96   dmul.o
        46          0          0          0          0         80   dscalb.o
       162          0          0          0          0        100   dsqrt.o
        38          0          0          0          0         68   f2d.o
       110          0          0          0          0        168   fepilogue.o

    ----------------------------------------------------------------------
      5778        362        144          4          0       3524   Library Totals
        14          0          0          0          0          0   (incl. Padding)

    ----------------------------------------------------------------------

      Code (inc. data)   RO Data    RW Data    ZI Data      Debug   Library Name

      3868        340        144          0          0       1668   m_wm.l
       370         22          0          4          0        608   mc_w.l
      1526          0          0          0          0       1248   mf_w.l

    ----------------------------------------------------------------------
      5778        362        144          4          0       3524   Library Totals

    ----------------------------------------------------------------------

==============================================================================


      Code (inc. data)   RO Data    RW Data    ZI Data      Debug   

     19876       1300        604         84       3116     849172   Grand Totals
     19876       1300        604         84       3116     849172   ELF Image Totals
     19876       1300        604         84          0          0   ROM Totals

==============================================================================

    Total RO  Size (Code + RO Data)                20480 (  20.00kB)
    Total RW  Size (RW Data + ZI Data)              3200 (   3.13kB)
    Total ROM Size (Code + RO Data + RW Data)      20564 (  20.08kB)

==============================================================================

